Component: ARM Compiler 5.06 update 7 (build 960) Tool: armlink [4d3601]

==============================================================================

Section Cross References

    startup_stm32f103xe.o(RESET) refers to startup_stm32f103xe.o(STACK) for __initial_sp
    startup_stm32f103xe.o(RESET) refers to startup_stm32f103xe.o(.text) for Reset_Handler
    startup_stm32f103xe.o(RESET) refers to stm32f1xx_it.o(i.NMI_Handler) for NMI_Handler
    startup_stm32f103xe.o(RESET) refers to stm32f1xx_it.o(i.HardFault_Handler) for HardFault_Handler
    startup_stm32f103xe.o(RESET) refers to stm32f1xx_it.o(i.MemManage_Handler) for MemManage_Handler
    startup_stm32f103xe.o(RESET) refers to stm32f1xx_it.o(i.BusFault_Handler) for BusFault_Handler
    startup_stm32f103xe.o(RESET) refers to stm32f1xx_it.o(i.UsageFault_Handler) for UsageFault_Handler
    startup_stm32f103xe.o(RESET) refers to port.o(.emb_text) for SVC_Handler
    startup_stm32f103xe.o(RESET) refers to stm32f1xx_it.o(i.DebugMon_Handler) for DebugMon_Handler
    startup_stm32f103xe.o(RESET) refers to stm32f1xx_it.o(i.SysTick_Handler) for SysTick_Handler
    startup_stm32f103xe.o(RESET) refers to stm32f1xx_it.o(i.EXTI1_IRQHandler) for EXTI1_IRQHandler
    startup_stm32f103xe.o(RESET) refers to stm32f1xx_it.o(i.DMA1_Channel4_IRQHandler) for DMA1_Channel4_IRQHandler
    startup_stm32f103xe.o(RESET) refers to stm32f1xx_it.o(i.DMA1_Channel6_IRQHandler) for DMA1_Channel6_IRQHandler
    startup_stm32f103xe.o(RESET) refers to stm32f1xx_it.o(i.DMA1_Channel7_IRQHandler) for DMA1_Channel7_IRQHandler
    startup_stm32f103xe.o(RESET) refers to stm32f1xx_it.o(i.TIM1_UP_IRQHandler) for TIM1_UP_IRQHandler
    startup_stm32f103xe.o(RESET) refers to stm32f1xx_it.o(i.TIM3_IRQHandler) for TIM3_IRQHandler
    startup_stm32f103xe.o(RESET) refers to stm32f1xx_it.o(i.TIM4_IRQHandler) for TIM4_IRQHandler
    startup_stm32f103xe.o(RESET) refers to stm32f1xx_it.o(i.USART1_IRQHandler) for USART1_IRQHandler
    startup_stm32f103xe.o(RESET) refers to stm32f1xx_it.o(i.USART2_IRQHandler) for USART2_IRQHandler
    startup_stm32f103xe.o(.text) refers to system_stm32f1xx.o(i.SystemInit) for SystemInit
    startup_stm32f103xe.o(.text) refers to entry.o(.ARM.Collect$$$$00000000) for __main
    main.o(i.SystemClock_Config) refers to memseta.o(.text) for __aeabi_memclr4
    main.o(i.SystemClock_Config) refers to stm32f1xx_hal_rcc.o(i.HAL_RCC_OscConfig) for HAL_RCC_OscConfig
    main.o(i.SystemClock_Config) refers to main.o(i.Error_Handler) for Error_Handler
    main.o(i.SystemClock_Config) refers to stm32f1xx_hal_rcc.o(i.HAL_RCC_ClockConfig) for HAL_RCC_ClockConfig
    main.o(i.SystemClock_Config) refers to stm32f1xx_hal_rcc_ex.o(i.HAL_RCCEx_PeriphCLKConfig) for HAL_RCCEx_PeriphCLKConfig
    main.o(i.main) refers to stm32f1xx_hal.o(i.HAL_Init) for HAL_Init
    main.o(i.main) refers to main.o(i.SystemClock_Config) for SystemClock_Config
    main.o(i.main) refers to gpio.o(i.MX_GPIO_Init) for MX_GPIO_Init
    main.o(i.main) refers to adc.o(i.MX_ADC1_Init) for MX_ADC1_Init
    main.o(i.main) refers to tim.o(i.MX_TIM2_Init) for MX_TIM2_Init
    main.o(i.main) refers to tim.o(i.MX_TIM3_Init) for MX_TIM3_Init
    main.o(i.main) refers to tim.o(i.MX_TIM4_Init) for MX_TIM4_Init
    main.o(i.main) refers to usart.o(i.MX_USART1_UART_Init) for MX_USART1_UART_Init
    main.o(i.main) refers to usart.o(i.MX_USART2_UART_Init) for MX_USART2_UART_Init
    main.o(i.main) refers to dma.o(i.MX_DMA_Init) for MX_DMA_Init
    main.o(i.main) refers to tim.o(i.MX_TIM1_Init) for MX_TIM1_Init
    main.o(i.main) refers to stm32f1xx_hal_adc_ex.o(i.HAL_ADCEx_Calibration_Start) for HAL_ADCEx_Calibration_Start
    main.o(i.main) refers to stm32f1xx_hal_tim.o(i.HAL_TIM_PWM_Start) for HAL_TIM_PWM_Start
    main.o(i.main) refers to stm32f1xx_hal_tim.o(i.HAL_TIM_Encoder_Start) for HAL_TIM_Encoder_Start
    main.o(i.main) refers to stm32f1xx_hal_uart.o(i.HAL_UART_Receive_DMA) for HAL_UART_Receive_DMA
    main.o(i.main) refers to stm32f1xx_hal.o(i.HAL_Delay) for HAL_Delay
    main.o(i.main) refers to delay.o(i.delay_init) for delay_init
    main.o(i.main) refers to cmsis_os2.o(i.osKernelInitialize) for osKernelInitialize
    main.o(i.main) refers to freertos.o(i.MX_FREERTOS_Init) for MX_FREERTOS_Init
    main.o(i.main) refers to cmsis_os2.o(i.osKernelStart) for osKernelStart
    main.o(i.main) refers to adc.o(.bss) for hadc1
    main.o(i.main) refers to tim.o(.bss) for htim2
    main.o(i.main) refers to valuepack.o(.bss) for vp_rxbuff
    main.o(i.main) refers to usart.o(.bss) for huart2
    main.o(i.main) refers to main.o(.bss) for tx
    gpio.o(i.MX_GPIO_Init) refers to stm32f1xx_hal_gpio.o(i.HAL_GPIO_WritePin) for HAL_GPIO_WritePin
    gpio.o(i.MX_GPIO_Init) refers to stm32f1xx_hal_gpio.o(i.HAL_GPIO_Init) for HAL_GPIO_Init
    gpio.o(i.MX_GPIO_Init) refers to stm32f1xx_hal_cortex.o(i.HAL_NVIC_SetPriority) for HAL_NVIC_SetPriority
[...]
    __aeabi_memset                           0x080002ab   Thumb Code    14  memseta.o(.text)
    __aeabi_memset4                          0x080002ab   Thumb Code     0  memseta.o(.text)
    __aeabi_memset8                          0x080002ab   Thumb Code     0  memseta.o(.text)
    __aeabi_memclr                           0x080002b9   Thumb Code     4  memseta.o(.text)
    __aeabi_memclr4                          0x080002b9   Thumb Code     0  memseta.o(.text)
    __aeabi_memclr8                          0x080002b9   Thumb Code     0  memseta.o(.text)
    memset                                   0x080002bd   Thumb Code    18  memseta.o(.text)
    memcmp                                   0x080002cf   Thumb Code    26  memcmp.o(.text)
    __aeabi_fadd                             0x080002e9   Thumb Code   164  fadd.o(.text)
    __aeabi_fsub                             0x0800038d   Thumb Code     6  fadd.o(.text)
    __aeabi_frsub                            0x08000393   Thumb Code     6  fadd.o(.text)
    __aeabi_fmul                             0x08000399   Thumb Code   100  fmul.o(.text)
    __aeabi_fdiv                             0x080003fd   Thumb Code   124  fdiv.o(.text)
    __aeabi_dadd                             0x08000479   Thumb Code   322  dadd.o(.text)
    __aeabi_dsub                             0x080005bb   Thumb Code     6  dadd.o(.text)
    __aeabi_drsub                            0x080005c1   Thumb Code     6  dadd.o(.text)
    __aeabi_dmul                             0x080005c7   Thumb Code   228  dmul.o(.text)
    __aeabi_i2f                              0x080006ab   Thumb Code    18  fflti.o(.text)
    __aeabi_ui2f                             0x080006bd   Thumb Code    10  ffltui.o(.text)
    __aeabi_f2iz                             0x080006c7   Thumb Code    50  ffixi.o(.text)
    __aeabi_f2uiz                            0x080006f9   Thumb Code    40  ffixui.o(.text)
    __aeabi_f2d                              0x08000721   Thumb Code    38  f2d.o(.text)
    __aeabi_cdrcmple                         0x08000749   Thumb Code    48  cdrcmple.o(.text)
    __aeabi_d2f                              0x08000779   Thumb Code    56  d2f.o(.text)
    __aeabi_cfcmpeq                          0x080007b1   Thumb Code     0  cfcmple.o(.text)
    __aeabi_cfcmple                          0x080007b1   Thumb Code    20  cfcmple.o(.text)
    __aeabi_cfrcmple                         0x080007c5   Thumb Code    20  cfrcmple.o(.text)
    __aeabi_uldivmod                         0x080007d9   Thumb Code    98  uldiv.o(.text)
    __aeabi_llsl                             0x0800083b   Thumb Code    30  llshl.o(.text)
    _ll_shift_l                              0x0800083b   Thumb Code     0  llshl.o(.text)
    __aeabi_lasr                             0x08000859   Thumb Code    36  llsshr.o(.text)
    _ll_sshift_r                             0x08000859   Thumb Code     0  llsshr.o(.text)
    __I$use$fp                               0x0800087d   Thumb Code     0  iusefp.o(.text)
    _float_round                             0x0800087d   Thumb Code    18  fepilogue.o(.text)
    _float_epilogue                          0x0800088f   Thumb Code    92  fepilogue.o(.text)
    _double_round                            0x080008eb   Thumb Code    30  depilogue.o(.text)
    _double_epilogue                         0x08000909   Thumb Code   156  depilogue.o(.text)
    __aeabi_ddiv                             0x080009a5   Thumb Code   222  ddiv.o(.text)
    __ARM_scalbn                             0x08000a83   Thumb Code    46  dscalb.o(.text)
    scalbn                                   0x08000a83   Thumb Code     0  dscalb.o(.text)
    __aeabi_cdcmpeq                          0x08000ab1   Thumb Code     0  cdcmple.o(.text)
    __aeabi_cdcmple                          0x08000ab1   Thumb Code    48  cdcmple.o(.text)
    __scatterload                            0x08000ae1   Thumb Code    28  init.o(.text)
    __scatterload_rt2                        0x08000ae1   Thumb Code     0  init.o(.text)
    _dsqrt                                   0x08000b05   Thumb Code   162  dsqrt.o(.text)
    __decompress                             0x08000ba7   Thumb Code     0  __dczerorl2.o(.text)
    __decompress1                            0x08000ba7   Thumb Code    86  __dczerorl2.o(.text)
    ADC_ConversionStop_Disable               0x08000bfd   Thumb Code    92  stm32f1xx_hal_adc.o(i.ADC_ConversionStop_Disable)
    ADC_Enable                               0x08000c59   Thumb Code   134  stm32f1xx_hal_adc.o(i.ADC_Enable)
    BusFault_Handler                         0x08000ce9   Thumb Code     4  stm32f1xx_it.o(i.BusFault_Handler)
    Car_Task_IMU                             0x08000ced   Thumb Code    76  cartask.o(i.Car_Task_IMU)
    Car_Task_Motor                           0x08000d41   Thumb Code   162  cartask.o(i.Car_Task_Motor)
    Car_Task_System                          0x08000e0d   Thumb Code     8  cartask.o(i.Car_Task_System)
    DMA1_Channel4_IRQHandler                 0x08000e15   Thumb Code    10  stm32f1xx_it.o(i.DMA1_Channel4_IRQHandler)
    DMA1_Channel6_IRQHandler                 0x08000e25   Thumb Code    10  stm32f1xx_it.o(i.DMA1_Channel6_IRQHandler)
    DMA1_Channel7_IRQHandler                 0x08000e35   Thumb Code    10  stm32f1xx_it.o(i.DMA1_Channel7_IRQHandler)
    DebugMon_Handler                         0x08000e71   Thumb Code     2  stm32f1xx_it.o(i.DebugMon_Handler)
    EXTI1_IRQHandler                         0x08000e73   Thumb Code    10  stm32f1xx_it.o(i.EXTI1_IRQHandler)
    Error_Handler                            0x08000e7d   Thumb Code     6  main.o(i.Error_Handler)
    HAL_ADCEx_Calibration_Start              0x08000e85   Thumb Code   278  stm32f1xx_hal_adc_ex.o(i.HAL_ADCEx_Calibration_Start)
    HAL_ADC_ConfigChannel                    0x08000fa1   Thumb Code   338  stm32f1xx_hal_adc.o(i.HAL_ADC_ConfigChannel)
    HAL_ADC_Init                             0x08001101   Thumb Code   314  stm32f1xx_hal_adc.o(i.HAL_ADC_Init)
    HAL_ADC_MspInit                          0x08001245   Thumb Code    98  adc.o(i.HAL_ADC_MspInit)
    HAL_DMA_Abort                            0x080012b5   Thumb Code    86  stm32f1xx_hal_dma.o(i.HAL_DMA_Abort)
    HAL_DMA_Abort_IT                         0x0800130d   Thumb Code   172  stm32f1xx_hal_dma.o(i.HAL_DMA_Abort_IT)
    HAL_DMA_IRQHandler                       0x080013bd   Thumb Code   408  stm32f1xx_hal_dma.o(i.HAL_DMA_IRQHandler)
    HAL_DMA_Init                             0x08001559   Thumb Code   100  stm32f1xx_hal_dma.o(i.HAL_DMA_Init)
    HAL_DMA_Start_IT                         0x080015c1   Thumb Code   156  stm32f1xx_hal_dma.o(i.HAL_DMA_Start_IT)
    HAL_Delay                                0x0800165d   Thumb Code    36  stm32f1xx_hal.o(i.HAL_Delay)
    HAL_GPIO_EXTI_Callback                   0x08001685   Thumb Code   114  stm32f1xx_it.o(i.HAL_GPIO_EXTI_Callback)
    HAL_GPIO_EXTI_IRQHandler                 0x08001715   Thumb Code    24  stm32f1xx_hal_gpio.o(i.HAL_GPIO_EXTI_IRQHandler)
    HAL_GPIO_Init                            0x08001731   Thumb Code   766  stm32f1xx_hal_gpio.o(i.HAL_GPIO_Init)
    HAL_GPIO_ReadPin                         0x08001a51   Thumb Code    16  stm32f1xx_hal_gpio.o(i.HAL_GPIO_ReadPin)
    HAL_GPIO_WritePin                        0x08001a61   Thumb Code    12  stm32f1xx_hal_gpio.o(i.HAL_GPIO_WritePin)
    HAL_GetTick                              0x08001a6d   Thumb Code     6  stm32f1xx_hal.o(i.HAL_GetTick)
    HAL_IncTick                              0x08001a79   Thumb Code    16  stm32f1xx_hal.o(i.HAL_IncTick)
    HAL_Init                                 0x08001a91   Thumb Code    34  stm32f1xx_hal.o(i.HAL_Init)
    HAL_InitTick                             0x08001ab9   Thumb Code    64  stm32f1xx_hal.o(i.HAL_InitTick)
    HAL_MspInit                              0x08001b05   Thumb Code    86  stm32f1xx_hal_msp.o(i.HAL_MspInit)
    HAL_NVIC_EnableIRQ                       0x08001b65   Thumb Code    32  stm32f1xx_hal_cortex.o(i.HAL_NVIC_EnableIRQ)
    HAL_NVIC_SetPriority                     0x08001b85   Thumb Code   124  stm32f1xx_hal_cortex.o(i.HAL_NVIC_SetPriority)
    HAL_NVIC_SetPriorityGrouping             0x08001c01   Thumb Code    32  stm32f1xx_hal_cortex.o(i.HAL_NVIC_SetPriorityGrouping)
    HAL_RCCEx_GetPeriphCLKFreq               0x08001c29   Thumb Code   232  stm32f1xx_hal_rcc_ex.o(i.HAL_RCCEx_GetPeriphCLKFreq)
    HAL_RCCEx_PeriphCLKConfig                0x08001d25   Thumb Code   290  stm32f1xx_hal_rcc_ex.o(i.HAL_RCCEx_PeriphCLKConfig)
    HAL_RCC_ClockConfig                      0x08001e55   Thumb Code   376  stm32f1xx_hal_rcc.o(i.HAL_RCC_ClockConfig)
    HAL_RCC_GetHCLKFreq                      0x08001fe1   Thumb Code     6  stm32f1xx_hal_rcc.o(i.HAL_RCC_GetHCLKFreq)
    HAL_RCC_GetPCLK1Freq                     0x08001fed   Thumb Code    22  stm32f1xx_hal_rcc.o(i.HAL_RCC_GetPCLK1Freq)
    HAL_RCC_GetPCLK2Freq                     0x0800200d   Thumb Code    22  stm32f1xx_hal_rcc.o(i.HAL_RCC_GetPCLK2Freq)
    HAL_RCC_GetSysClockFreq                  0x0800202d   Thumb Code    92  stm32f1xx_hal_rcc.o(i.HAL_RCC_GetSysClockFreq)
    HAL_RCC_OscConfig                        0x0800209d   Thumb Code  1114  stm32f1xx_hal_rcc.o(i.HAL_RCC_OscConfig)
    HAL_SYSTICK_CLKSourceConfig              0x08002501   Thumb Code    40  stm32f1xx_hal_cortex.o(i.HAL_SYSTICK_CLKSourceConfig)
    HAL_SYSTICK_Config                       0x08002529   Thumb Code    52  stm32f1xx_hal_cortex.o(i.HAL_SYSTICK_Config)
    HAL_TIMEx_BreakCallback                  0x0800255d   Thumb Code     2  stm32f1xx_hal_tim_ex.o(i.HAL_TIMEx_BreakCallback)
    HAL_TIMEx_CommutCallback                 0x0800255f   Thumb Code     2  stm32f1xx_hal_tim_ex.o(i.HAL_TIMEx_CommutCallback)
    HAL_TIMEx_MasterConfigSynchronization    0x08002561   Thumb Code   118  stm32f1xx_hal_tim_ex.o(i.HAL_TIMEx_MasterConfigSynchronization)
    HAL_TIM_Base_Init                        0x080025e5   Thumb Code   102  stm32f1xx_hal_tim.o(i.HAL_TIM_Base_Init)
    HAL_TIM_Base_MspInit                     0x0800264d   Thumb Code    58  tim.o(i.HAL_TIM_Base_MspInit)
    HAL_TIM_Base_Start_IT                    0x08002691   Thumb Code   106  stm32f1xx_hal_tim.o(i.HAL_TIM_Base_Start_IT)
    HAL_TIM_Base_Stop_IT                     0x08002709   Thumb Code    62  stm32f1xx_hal_tim.o(i.HAL_TIM_Base_Stop_IT)
    HAL_TIM_ConfigClockSource                0x08002747   Thumb Code   268  stm32f1xx_hal_tim.o(i.HAL_TIM_ConfigClockSource)
    HAL_TIM_Encoder_Init                     0x08002853   Thumb Code   196  stm32f1xx_hal_tim.o(i.HAL_TIM_Encoder_Init)
    HAL_TIM_Encoder_MspInit                  0x08002919   Thumb Code   214  tim.o(i.HAL_TIM_Encoder_MspInit)
    HAL_TIM_Encoder_Start                    0x08002a05   Thumb Code   204  stm32f1xx_hal_tim.o(i.HAL_TIM_Encoder_Start)
    HAL_TIM_IC_CaptureCallback               0x08002ad1   Thumb Code     2  stm32f1xx_hal_tim.o(i.HAL_TIM_IC_CaptureCallback)
    HAL_TIM_IRQHandler                       0x08002ad3   Thumb Code   406  stm32f1xx_hal_tim.o(i.HAL_TIM_IRQHandler)
    HAL_TIM_MspPostInit                      0x08002c69   Thumb Code    98  tim.o(i.HAL_TIM_MspPostInit)
    HAL_TIM_OC_DelayElapsedCallback          0x08002cd9   Thumb Code     2  stm32f1xx_hal_tim.o(i.HAL_TIM_OC_DelayElapsedCallback)
    HAL_TIM_PWM_ConfigChannel                0x08002cdb   Thumb Code   260  stm32f1xx_hal_tim.o(i.HAL_TIM_PWM_ConfigChannel)
    HAL_TIM_PWM_Init                         0x08002ddf   Thumb Code   102  stm32f1xx_hal_tim.o(i.HAL_TIM_PWM_Init)
    HAL_TIM_PWM_MspInit                      0x08002e45   Thumb Code    40  tim.o(i.HAL_TIM_PWM_MspInit)
    HAL_TIM_PWM_PulseFinishedCallback        0x08002e71   Thumb Code     2  stm32f1xx_hal_tim.o(i.HAL_TIM_PWM_PulseFinishedCallback)
    HAL_TIM_PWM_Start                        0x08002e75   Thumb Code   198  stm32f1xx_hal_tim.o(i.HAL_TIM_PWM_Start)
    HAL_TIM_PeriodElapsedCallback            0x08002f49   Thumb Code    18  stm32f1xx_it.o(i.HAL_TIM_PeriodElapsedCallback)
    HAL_TIM_TriggerCallback                  0x08002f61   Thumb Code     2  stm32f1xx_hal_tim.o(i.HAL_TIM_TriggerCallback)
    HAL_UARTEx_RxEventCallback               0x08002f63   Thumb Code     2  stm32f1xx_hal_uart.o(i.HAL_UARTEx_RxEventCallback)
    HAL_UART_ErrorCallback                   0x08002f65   Thumb Code     2  stm32f1xx_hal_uart.o(i.HAL_UART_ErrorCallback)
    HAL_UART_IRQHandler                      0x08002f69   Thumb Code   736  stm32f1xx_hal_uart.o(i.HAL_UART_IRQHandler)
    HAL_UART_Init                            0x0800324d   Thumb Code   118  stm32f1xx_hal_uart.o(i.HAL_UART_Init)
    HAL_UART_MspInit                         0x080032c5   Thumb Code   422  usart.o(i.HAL_UART_MspInit)
    HAL_UART_Receive_DMA                     0x0800348d   Thumb Code    44  stm32f1xx_hal_uart.o(i.HAL_UART_Receive_DMA)
    HAL_UART_RxCpltCallback                  0x080034b9   Thumb Code     2  stm32f1xx_hal_uart.o(i.HAL_UART_RxCpltCallback)
    HAL_UART_RxHalfCpltCallback              0x080034bb   Thumb Code     2  stm32f1xx_hal_uart.o(i.HAL_UART_RxHalfCpltCallback)
    HAL_UART_Transmit_DMA                    0x080034bd   Thumb Code   128  stm32f1xx_hal_uart.o(i.HAL_UART_Transmit_DMA)
    HAL_UART_TxCpltCallback                  0x08003549   Thumb Code     2  stm32f1xx_hal_uart.o(i.HAL_UART_TxCpltCallback)
    HAL_UART_TxHalfCpltCallback              0x0800354b   Thumb Code     2  stm32f1xx_hal_uart.o(i.HAL_UART_TxHalfCpltCallback)
    HardFault_Handler                        0x0800354d   Thumb Code     4  stm32f1xx_it.o(i.HardFault_Handler)
    MX_ADC1_Init                             0x08003551   Thumb Code    80  adc.o(i.MX_ADC1_Init)
    MX_DMA_Init                              0x080035a9   Thumb Code    80  dma.o(i.MX_DMA_Init)
    MX_FREERTOS_Init                         0x080035fd   Thumb Code    68  freertos.o(i.MX_FREERTOS_Init)
    MX_GPIO_Init                             0x08003671   Thumb Code   308  gpio.o(i.MX_GPIO_Init)
    MX_TIM1_Init                             0x080037bd   Thumb Code   102  tim.o(i.MX_TIM1_Init)
    MX_TIM2_Init                             0x0800382d   Thumb Code   132  tim.o(i.MX_TIM2_Init)
    MX_TIM3_Init                             0x080038b5   Thumb Code   114  tim.o(i.MX_TIM3_Init)
    MX_TIM4_Init                             0x08003931   Thumb Code   114  tim.o(i.MX_TIM4_Init)
    MX_USART1_UART_Init                      0x080039ad   Thumb Code    46  usart.o(i.MX_USART1_UART_Init)
    MX_USART2_UART_Init                      0x080039e5   Thumb Code    46  usart.o(i.MX_USART2_UART_Init)
    MemManage_Handler                        0x08003a1d   Thumb Code     4  stm32f1xx_it.o(i.MemManage_Handler)
    NMI_Handler                              0x08003a21   Thumb Code     4  stm32f1xx_it.o(i.NMI_Handler)
    OLED_Clear                               0x08003a25   Thumb Code    42  oled.o(i.OLED_Clear)
    OLED_I2C_Init                            0x08003a51   Thumb Code   104  oled.o(i.OLED_I2C_Init)
    OLED_I2C_SendByte                        0x08003ac1   Thumb Code    90  oled.o(i.OLED_I2C_SendByte)
    OLED_I2C_Start                           0x08003b21   Thumb Code    48  oled.o(i.OLED_I2C_Start)
    OLED_I2C_Stop                            0x08003b55   Thumb Code    36  oled.o(i.OLED_I2C_Stop)
    OLED_Init                                0x08003b7d   Thumb Code   174  oled.o(i.OLED_Init)
    OLED_Pow                                 0x08003c2b   Thumb Code    20  oled.o(i.OLED_Pow)
    OLED_SetCursor                           0x08003c3f   Thumb Code    34  oled.o(i.OLED_SetCursor)
    OLED_Show                                0x08003c61   Thumb Code   300  car_system.o(i.OLED_Show)
    OLED_ShowChar                            0x08003db9   Thumb Code   110  oled.o(i.OLED_ShowChar)
    OLED_ShowNum                             0x08003e2d   Thumb Code    68  oled.o(i.OLED_ShowNum)
    OLED_ShowString                          0x08003e71   Thumb Code    40  oled.o(i.OLED_ShowString)
    OLED_WriteCommand                        0x08003e99   Thumb Code    32  oled.o(i.OLED_WriteCommand)
    OLED_WriteData                           0x08003eb9   Thumb Code    32  oled.o(i.OLED_WriteData)
    PWM_Limiting                             0x08003ed9   Thumb Code    50  control.o(i.PWM_Limiting)
    Read_Encoder                             0x08003f35   Thumb Code    48  control.o(i.Read_Encoder)
    Set_PWM                                  0x08003f6d   Thumb Code   152  control.o(i.Set_PWM)
    StartTask04                              0x0800400d   Thumb Code    32  freertos.o(i.StartTask04)
    StartTask_100Hz                          0x08004071   Thumb Code    14  freertos.o(i.StartTask_100Hz)
    StartTask_200Hz                          0x08004081   Thumb Code    50  freertos.o(i.StartTask_200Hz)
    StartTask_5Hz                            0x080040f5   Thumb Code    18  freertos.o(i.StartTask_5Hz)
    SysTick_Handler                          0x08004107   Thumb Code    20  stm32f1xx_it.o(i.SysTick_Handler)
    SystemClock_Config                       0x0800411b   Thumb Code   132  main.o(i.SystemClock_Config)
    SystemInit                               0x0800419f   Thumb Code     2  system_stm32f1xx.o(i.SystemInit)
    TIM1_UP_IRQHandler                       0x080041a1   Thumb Code    10  stm32f1xx_it.o(i.TIM1_UP_IRQHandler)
    TIM3_IRQHandler                          0x080041b1   Thumb Code    10  stm32f1xx_it.o(i.TIM3_IRQHandler)
    TIM4_IRQHandler                          0x080041c1   Thumb Code    10  stm32f1xx_it.o(i.TIM4_IRQHandler)
    TIM_Base_SetConfig                       0x080041d1   Thumb Code   104  stm32f1xx_hal_tim.o(i.TIM_Base_SetConfig)
    TIM_CCxChannelCmd                        0x08004245   Thumb Code    34  stm32f1xx_hal_tim.o(i.TIM_CCxChannelCmd)
    TIM_ETR_SetConfig                        0x08004267   Thumb Code    22  stm32f1xx_hal_tim.o(i.TIM_ETR_SetConfig)
    TIM_OC2_SetConfig                        0x080042f1   Thumb Code   100  stm32f1xx_hal_tim.o(i.TIM_OC2_SetConfig)
    Turn_off                                 0x08004459   Thumb Code    92  control.o(i.Turn_off)
    UART_Start_Receive_DMA                   0x0800490d   Thumb Code   186  stm32f1xx_hal_uart.o(i.UART_Start_Receive_DMA)
    USART1_IRQHandler                        0x08004a35   Thumb Code    10  stm32f1xx_it.o(i.USART1_IRQHandler)
    USART2_IRQHandler                        0x08004a45   Thumb Code    10  stm32f1xx_it.o(i.USART2_IRQHandler)
    UsageFault_Handler                       0x08004a55   Thumb Code     4  stm32f1xx_it.o(i.UsageFault_Handler)
    Vertical_Ring_PD                         0x08004a59   Thumb Code    76  control.o(i.Vertical_Ring_PD)
    Vertical_speed_PI                        0x08004ab1   Thumb Code   196  control.o(i.Vertical_speed_PI)
    Vertical_turn_PD                         0x08004b99   Thumb Code    72  control.o(i.Vertical_turn_PD)
    __0printf$bare                           0x08004be5   Thumb Code     8  printfb.o(i.__0printf$bare)
    __1printf$bare                           0x08004be5   Thumb Code     0  printfb.o(i.__0printf$bare)
    __2printf                                0x08004be5   Thumb Code     0  printfb.o(i.__0printf$bare)
    __ARM_fpclassify                         0x08004bf5   Thumb Code    40  fpclassify.o(i.__ARM_fpclassify)
    __kernel_poly                            0x08004c67   Thumb Code   170  poly.o(i.__kernel_poly)
    __mathlib_dbl_infnan                     0x08004d11   Thumb Code     6  dunder.o(i.__mathlib_dbl_infnan)
    __mathlib_dbl_infnan2                    0x08004d17   Thumb Code     4  dunder.o(i.__mathlib_dbl_infnan2)
    __mathlib_dbl_invalid                    0x08004d1b   Thumb Code    12  dunder.o(i.__mathlib_dbl_invalid)
    __mathlib_dbl_underflow                  0x08004d29   Thumb Code    10  dunder.o(i.__mathlib_dbl_underflow)
    __scatterload_copy                       0x08004d39   Thumb Code    14  handlers.o(i.__scatterload_copy)
    __scatterload_null                       0x08004d47   Thumb Code     2  handlers.o(i.__scatterload_null)
    __scatterload_zeroinit                   0x08004d49   Thumb Code    14  handlers.o(i.__scatterload_zeroinit)
    __set_errno                              0x08004d59   Thumb Code     6  errno.o(i.__set_errno)
    asin                                     0x08004e31   Thumb Code   572  asin.o(i.asin)
    atan                                     0x080050a1   Thumb Code   474  atan.o(i.atan)
    atan2                                    0x080052c1   Thumb Code   374  atan2.o(i.atan2)
    atk_ms6050_dmp_get_data                  0x0800545d   Thumb Code   536  inv_mpu.o(i.atk_ms6050_dmp_get_data)
    atk_ms6050_dmp_init                      0x08005679   Thumb Code   150  inv_mpu.o(i.atk_ms6050_dmp_init)
    atk_ms6050_get_accelerometer             0x08005715   Thumb Code    80  atk_ms6050.o(i.atk_ms6050_get_accelerometer)
    atk_ms6050_get_clock_ms                  0x08005765   Thumb Code    20  inv_mpu.o(i.atk_ms6050_get_clock_ms)
    atk_ms6050_get_gyroscope                 0x08005779   Thumb Code    80  atk_ms6050.o(i.atk_ms6050_get_gyroscope)
    atk_ms6050_iic_ack                       0x08005825   Thumb Code    76  atk_ms6050_iic.o(i.atk_ms6050_iic_ack)
    atk_ms6050_iic_init                      0x08005881   Thumb Code   122  atk_ms6050_iic.o(i.atk_ms6050_iic_init)
    atk_ms6050_iic_nack                      0x08005905   Thumb Code    58  atk_ms6050_iic.o(i.atk_ms6050_iic_nack)
    atk_ms6050_iic_read_byte                 0x08005945   Thumb Code    88  atk_ms6050_iic.o(i.atk_ms6050_iic_read_byte)
    atk_ms6050_iic_send_byte                 0x080059a1   Thumb Code   102  atk_ms6050_iic.o(i.atk_ms6050_iic_send_byte)
    atk_ms6050_iic_start                     0x08005a0d   Thumb Code    72  atk_ms6050_iic.o(i.atk_ms6050_iic_start)
    atk_ms6050_iic_stop                      0x08005a59   Thumb Code    58  atk_ms6050_iic.o(i.atk_ms6050_iic_stop)
    atk_ms6050_iic_wait_ack                  0x08005a99   Thumb Code    96  atk_ms6050_iic.o(i.atk_ms6050_iic_wait_ack)
    atk_ms6050_init                          0x08005afd   Thumb Code   124  atk_ms6050.o(i.atk_ms6050_init)
    atk_ms6050_read                          0x08005b79   Thumb Code   138  atk_ms6050.o(i.atk_ms6050_read)
    atk_ms6050_read_byte                     0x08005c03   Thumb Code    22  atk_ms6050.o(i.atk_ms6050_read_byte)
    atk_ms6050_run_self_test                 0x08005c19   Thumb Code   148  inv_mpu.o(i.atk_ms6050_run_self_test)
    atk_ms6050_set_accel_fsr                 0x08005cad   Thumb Code    18  atk_ms6050.o(i.atk_ms6050_set_accel_fsr)
    atk_ms6050_set_gyro_fsr                  0x08005cbf   Thumb Code    18  atk_ms6050.o(i.atk_ms6050_set_gyro_fsr)
    atk_ms6050_set_lpf                       0x08005cd1   Thumb Code    58  atk_ms6050.o(i.atk_ms6050_set_lpf)
    atk_ms6050_set_rate                      0x08005d0b   Thumb Code    68  atk_ms6050.o(i.atk_ms6050_set_rate)
    atk_ms6050_sw_reset                      0x08005d4f   Thumb Code    30  atk_ms6050.o(i.atk_ms6050_sw_reset)
    atk_ms6050_write                         0x08005d6d   Thumb Code   112  atk_ms6050.o(i.atk_ms6050_write)
    atk_ms6050_write_byte                    0x08005ddd   Thumb Code    20  atk_ms6050.o(i.atk_ms6050_write_byte)
    delay_init                               0x08005e55   Thumb Code    16  delay.o(i.delay_init)
    delay_ms                                 0x08005e69   Thumb Code    24  delay.o(i.delay_ms)
    delay_us                                 0x08005e81   Thumb Code    68  delay.o(i.delay_us)
    dmp_enable_6x_lp_quat                    0x08005ec9   Thumb Code    60  inv_mpu_dmp_motion_driver.o(i.dmp_enable_6x_lp_quat)
    dmp_enable_feature                       0x08005f05   Thumb Code   530  inv_mpu_dmp_motion_driver.o(i.dmp_enable_feature)
    dmp_enable_gyro_cal                      0x08006121   Thumb Code    62  inv_mpu_dmp_motion_driver.o(i.dmp_enable_gyro_cal)
    dmp_enable_lp_quat                       0x08006179   Thumb Code    60  inv_mpu_dmp_motion_driver.o(i.dmp_enable_lp_quat)
    dmp_load_motion_driver_firmware          0x080061b5   Thumb Code    20  inv_mpu_dmp_motion_driver.o(i.dmp_load_motion_driver_firmware)
    dmp_read_fifo                            0x080061cd   Thumb Code   456  inv_mpu_dmp_motion_driver.o(i.dmp_read_fifo)
    dmp_set_accel_bias                       0x08006399   Thumb Code   302  inv_mpu_dmp_motion_driver.o(i.dmp_set_accel_bias)
    dmp_set_fifo_rate                        0x080064cd   Thumb Code    96  inv_mpu_dmp_motion_driver.o(i.dmp_set_fifo_rate)
    dmp_set_gyro_bias                        0x0800653d   Thumb Code   294  inv_mpu_dmp_motion_driver.o(i.dmp_set_gyro_bias)
    dmp_set_orientation                      0x0800666d   Thumb Code   290  inv_mpu_dmp_motion_driver.o(i.dmp_set_orientation)
    dmp_set_shake_reject_thresh              0x080067a5   Thumb Code    56  inv_mpu_dmp_motion_driver.o(i.dmp_set_shake_reject_thresh)
    dmp_set_shake_reject_time                0x080067dd   Thumb Code    38  inv_mpu_dmp_motion_driver.o(i.dmp_set_shake_reject_time)
    dmp_set_shake_reject_timeout             0x08006803   Thumb Code    38  inv_mpu_dmp_motion_driver.o(i.dmp_set_shake_reject_timeout)
    dmp_set_tap_axes                         0x08006829   Thumb Code    70  inv_mpu_dmp_motion_driver.o(i.dmp_set_tap_axes)
    dmp_set_tap_count                        0x0800686f   Thumb Code    38  inv_mpu_dmp_motion_driver.o(i.dmp_set_tap_count)
    dmp_set_tap_thresh                       0x08006895   Thumb Code   396  inv_mpu_dmp_motion_driver.o(i.dmp_set_tap_thresh)
    dmp_set_tap_time                         0x08006a35   Thumb Code    38  inv_mpu_dmp_motion_driver.o(i.dmp_set_tap_time)
    dmp_set_tap_time_multi                   0x08006a5b   Thumb Code    38  inv_mpu_dmp_motion_driver.o(i.dmp_set_tap_time_multi)
    fputc                                    0x08006a81   Thumb Code    22  usart.o(i.fputc)
    main                                     0x0800711d   Thumb Code   130  main.o(i.main)
    mpu_configure_fifo                       0x080071bd   Thumb Code   106  inv_mpu.o(i.mpu_configure_fifo)
    mpu_get_accel_fsr                        0x0800722d   Thumb Code    72  inv_mpu.o(i.mpu_get_accel_fsr)
    mpu_get_accel_sens                       0x08007279   Thumb Code    78  inv_mpu.o(i.mpu_get_accel_sens)
    mpu_get_fifo_config                      0x080072cd   Thumb Code    12  inv_mpu.o(i.mpu_get_fifo_config)
    mpu_get_gyro_fsr                         0x080072dd   Thumb Code    64  inv_mpu.o(i.mpu_get_gyro_fsr)
    mpu_get_gyro_sens                        0x08007321   Thumb Code    58  inv_mpu.o(i.mpu_get_gyro_sens)
    mpu_get_lpf                              0x08007371   Thumb Code    74  inv_mpu.o(i.mpu_get_lpf)
    mpu_get_sample_rate                      0x080073c1   Thumb Code    26  inv_mpu.o(i.mpu_get_sample_rate)
    mpu_init                                 0x080073e1   Thumb Code   418  inv_mpu.o(i.mpu_init)
    mpu_load_firmware                        0x08007589   Thumb Code   180  inv_mpu.o(i.mpu_load_firmware)
    mpu_lp_accel_mode                        0x08007641   Thumb Code   218  inv_mpu.o(i.mpu_lp_accel_mode)
    mpu_read_fifo_stream                     0x08007721   Thumb Code   186  inv_mpu.o(i.mpu_read_fifo_stream)
    mpu_read_mem                             0x080077e1   Thumb Code   122  inv_mpu.o(i.mpu_read_mem)
    mpu_reset_fifo                           0x08007861   Thumb Code   450  inv_mpu.o(i.mpu_reset_fifo)
    mpu_run_self_test                        0x08007a29   Thumb Code   278  inv_mpu.o(i.mpu_run_self_test)
    mpu_set_accel_fsr                        0x08007b45   Thumb Code   126  inv_mpu.o(i.mpu_set_accel_fsr)
    mpu_set_bypass                           0x08007bc9   Thumb Code   328  inv_mpu.o(i.mpu_set_bypass)
    mpu_set_dmp_state                        0x08007d15   Thumb Code   138  inv_mpu.o(i.mpu_set_dmp_state)
    mpu_set_gyro_fsr                         0x08007da5   Thumb Code   132  inv_mpu.o(i.mpu_set_gyro_fsr)
    mpu_set_int_latched                      0x08007e2d   Thumb Code   102  inv_mpu.o(i.mpu_set_int_latched)
    mpu_set_lpf                              0x08007e99   Thumb Code   126  inv_mpu.o(i.mpu_set_lpf)
    mpu_set_sample_rate                      0x08007f1d   Thumb Code   152  inv_mpu.o(i.mpu_set_sample_rate)
    mpu_set_sensors                          0x08007fb9   Thumb Code   202  inv_mpu.o(i.mpu_set_sensors)
    mpu_write_mem                            0x08008089   Thumb Code   122  inv_mpu.o(i.mpu_write_mem)
    osDelay                                  0x08008109   Thumb Code    50  cmsis_os2.o(i.osDelay)
    osKernelInitialize                       0x08008141   Thumb Code    58  cmsis_os2.o(i.osKernelInitialize)
    osKernelStart                            0x08008181   Thumb Code    64  cmsis_os2.o(i.osKernelStart)
    osThreadNew                              0x080081c5   Thumb Code   216  cmsis_os2.o(i.osThreadNew)
    pvPortMalloc                             0x08008cc5   Thumb Code   296  heap_4.o(i.pvPortMalloc)
    pxPortInitialiseStack                    0x08008e01   Thumb Code    30  port.o(i.pxPortInitialiseStack)
    sqrt                                     0x08008eb5   Thumb Code    76  sqrt.o(i.sqrt)
    uxListRemove                             0x08008f01   Thumb Code    40  list.o(i.uxListRemove)
    vApplicationGetIdleTaskMemory            0x08008f29   Thumb Code    14  cmsis_os2.o(i.vApplicationGetIdleTaskMemory)
    vApplicationGetTimerTaskMemory           0x08008f41   Thumb Code    16  cmsis_os2.o(i.vApplicationGetTimerTaskMemory)
    vListInitialise                          0x08008f59   Thumb Code    26  list.o(i.vListInitialise)
    vListInitialiseItem                      0x08008f73   Thumb Code     6  list.o(i.vListInitialiseItem)
    vListInsert                              0x08008f79   Thumb Code    52  list.o(i.vListInsert)
    vListInsertEnd                           0x08008fad   Thumb Code    24  list.o(i.vListInsertEnd)
    vPortEnterCritical                       0x08008fc5   Thumb Code    76  port.o(i.vPortEnterCritical)
    vPortExitCritical                        0x08009019   Thumb Code    56  port.o(i.vPortExitCritical)
    vPortFree                                0x08009055   Thumb Code   140  heap_4.o(i.vPortFree)
    vPortSetupTimerInterrupt                 0x080090e9   Thumb Code    36  port.o(i.vPortSetupTimerInterrupt)
    vPortValidateInterruptPriority           0x08009111   Thumb Code   106  port.o(i.vPortValidateInterruptPriority)
    vQueueAddToRegistry                      0x08009189   Thumb Code    38  queue.o(i.vQueueAddToRegistry)
    vQueueWaitForMessageRestricted           0x080091b5   Thumb Code    74  queue.o(i.vQueueWaitForMessageRestricted)
    vTaskDelay                               0x08009201   Thumb Code    82  tasks.o(i.vTaskDelay)
    vTaskInternalSetTimeOutState             0x0800925d   Thumb Code    14  tasks.o(i.vTaskInternalSetTimeOutState)
    vTaskMissedYield                         0x08009275   Thumb Code     8  tasks.o(i.vTaskMissedYield)
    vTaskPlaceOnEventList                    0x08009281   Thumb Code    52  tasks.o(i.vTaskPlaceOnEventList)
    vTaskPlaceOnEventListRestricted          0x080092b9   Thumb Code    60  tasks.o(i.vTaskPlaceOnEventListRestricted)
    vTaskResume                              0x080092f9   Thumb Code   126  tasks.o(i.vTaskResume)
    vTaskStartScheduler                      0x08009389   Thumb Code   156  tasks.o(i.vTaskStartScheduler)
    vTaskSuspend                             0x08009441   Thumb Code   176  tasks.o(i.vTaskSuspend)
    vTaskSuspendAll                          0x08009509   Thumb Code    12  tasks.o(i.vTaskSuspendAll)
    vTaskSwitchContext                       0x08009519   Thumb Code   122  tasks.o(i.vTaskSwitchContext)
    xPortStartScheduler                      0x080095a9   Thumb Code   228  port.o(i.xPortStartScheduler)
    xPortSysTickHandler                      0x080096a1   Thumb Code    46  port.o(i.xPortSysTickHandler)
    xQueueGenericCreateStatic                0x080096d5   Thumb Code   222  queue.o(i.xQueueGenericCreateStatic)
    xQueueGenericReset                       0x080097b5   Thumb Code   146  queue.o(i.xQueueGenericReset)
    xQueueGenericSend                        0x0800984d   Thumb Code   420  queue.o(i.xQueueGenericSend)
    xQueueGenericSendFromISR                 0x080099f5   Thumb Code   248  queue.o(i.xQueueGenericSendFromISR)
    xQueueReceive                            0x08009aed   Thumb Code   356  queue.o(i.xQueueReceive)
    xTaskCheckForTimeOut                     0x08009c55   Thumb Code   132  tasks.o(i.xTaskCheckForTimeOut)
    xTaskCreate                              0x08009ce1   Thumb Code   100  tasks.o(i.xTaskCreate)
    xTaskCreateStatic                        0x08009d45   Thumb Code   184  tasks.o(i.xTaskCreateStatic)
    xTaskGetSchedulerState                   0x08009dfd   Thumb Code    24  tasks.o(i.xTaskGetSchedulerState)
    xTaskGetTickCount                        0x08009e1d   Thumb Code     6  tasks.o(i.xTaskGetTickCount)
    xTaskIncrementTick                       0x08009e29   Thumb Code   280  tasks.o(i.xTaskIncrementTick)
    xTaskPriorityDisinherit                  0x08009f6d   Thumb Code   152  tasks.o(i.xTaskPriorityDisinherit)
    xTaskRemoveFromEventList                 0x0800a011   Thumb Code   126  tasks.o(i.xTaskRemoveFromEventList)
    xTaskResumeAll                           0x0800a0a9   Thumb Code   222  tasks.o(i.xTaskResumeAll)
    xTimerCreateTimerTask                    0x0800a1ad   Thumb Code   100  timers.o(i.xTimerCreateTimerTask)
    xTimerGenericCommand                     0x0800a225   Thumb Code   128  timers.o(i.xTimerGenericCommand)
    Task_Sys_attributes                      0x0800a2a8   Data          36  freertos.o(.constdata)
    Task_Control_attributes                  0x0800a2cc   Data          36  freertos.o(.constdata)
    Task_IMU_attributes                      0x0800a2f0   Data          36  freertos.o(.constdata)
    Task_Speed_attributes                    0x0800a314   Data          36  freertos.o(.constdata)
    AHBPrescTable                            0x0800a35c   Data          16  system_stm32f1xx.o(.constdata)
    APBPrescTable                            0x0800a36c   Data           8  system_stm32f1xx.o(.constdata)
    OLED_F8x16                               0x0800a374   Data        1520  oled.o(.constdata)
    OLED_F16x16                              0x0800a964   Data         160  oled.o(.constdata)
    reg                                      0x0800aa04   Data          27  inv_mpu.o(.constdata)
    hw                                       0x0800aa20   Data          12  inv_mpu.o(.constdata)
    test                                     0x0800aa2c   Data          40  inv_mpu.o(.constdata)
    __mathlib_zero                           0x0800b738   Data           8  qnan.o(.constdata)
    Region$$Table$$Base                      0x0800b774   Number         0  anon$$obj.o(Region$$Table)
    Region$$Table$$Limit                     0x0800b794   Number         0  anon$$obj.o(Region$$Table)
    Task_SysHandle                           0x20000000   Data           4  freertos.o(.data)
    Task_ControlHandle                       0x20000004   Data           4  freertos.o(.data)
    Task_IMUHandle                           0x20000008   Data           4  freertos.o(.data)
    Task_SpeedHandle                         0x2000000c   Data           4  freertos.o(.data)
    ECHO_IRQ_FLAG                            0x20000010   Data           1  stm32f1xx_it.o(.data)
    time_cnt                                 0x20000011   Data           1  stm32f1xx_it.o(.data)
    uwTick                                   0x20000018   Data           4  stm32f1xx_hal.o(.data)
    uwTickPrio                               0x2000001c   Data           4  stm32f1xx_hal.o(.data)
    uwTickFreq                               0x20000020   Data           1  stm32f1xx_hal.o(.data)
    SystemCoreClock                          0x20000024   Data           4  system_stm32f1xx.o(.data)
    FS_MODE                                  0x20000028   Data           4  cartask.o(.data)
    Balance_Pwm                              0x2000002c   Data           4  cartask.o(.data)
    Velocity_Pwm                             0x20000030   Data           4  cartask.o(.data)
    Turn_Pwm                                 0x20000034   Data           4  cartask.o(.data)
    Motor1                                   0x20000038   Data           4  cartask.o(.data)
    Motor2                                   0x2000003c   Data           4  cartask.o(.data)
    Encoder_left                             0x20000040   Data           4  cartask.o(.data)
    Encoder_right                            0x20000044   Data           4  cartask.o(.data)
    Movement                                 0x20000048   Data           4  cartask.o(.data)
    Contrl_Turn                              0x2000004c   Data           4  cartask.o(.data)
    CCD                                      0x20000050   Data           8  cartask.o(.data)
    power                                    0x20000058   Data           1  cartask.o(.data)
    Dead_Zone                                0x2000005c   Data           4  control.o(.data)
    control_turn                             0x20000060   Data           4  control.o(.data)
    PID                                      0x20000064   Data          36  control.o(.data)
    FS_state                                 0x20000088   Data           1  control.o(.data)
    Distance                                 0x2000009c   Data           4  car_system.o(.data)
    pxCurrentTCB                             0x200000a4   Data           4  tasks.o(.data)
    __stdout                                 0x20000154   Data           4  stdout.o(.data)
    rx                                       0x2000015c   Data          16  main.o(.bss)
    tx                                       0x2000016c   Data          16  main.o(.bss)
    hadc1                                    0x2000017c   Data          48  adc.o(.bss)
    htim1                                    0x200001ac   Data          72  tim.o(.bss)
    htim2                                    0x200001f4   Data          72  tim.o(.bss)
    htim3                                    0x2000023c   Data          72  tim.o(.bss)
    htim4                                    0x20000284   Data          72  tim.o(.bss)
    huart1                                   0x200002cc   Data          72  usart.o(.bss)
    huart2                                   0x20000314   Data          72  usart.o(.bss)
    hdma_usart1_tx                           0x2000035c   Data          68  usart.o(.bss)
    hdma_usart2_rx                           0x200003a0   Data          68  usart.o(.bss)
    hdma_usart2_tx                           0x200003e4   Data          68  usart.o(.bss)
    OutMpu                                   0x20000428   Data          24  cartask.o(.bss)
    vp_rxbuff                                0x20000458   Data        1024  valuepack.o(.bss)
    vp_txbuff                                0x20000858   Data          12  valuepack.o(.bss)
    xQueueRegistry                           0x20000864   Data          64  queue.o(.bss)
    __initial_sp                             0x20004148   Data           0  startup_stm32f103xe.o(STACK)



==============================================================================

Memory Map of the image

  Image Entry point : 0x08000131

  Load Region LR_IROM1 (Base: 0x08000000, Size: 0x0000b8f0, Max: 0x00010000, ABSOLUTE, COMPRESSED[0x0000b7d4])

    Execution Region ER_IROM1 (Exec base: 0x08000000, Load base: 0x08000000, Size: 0x0000b794, Max: 0x00010000, ABSOLUTE)

    Exec Addr    Load Addr    Size         Type   Attr      Idx    E Section Name        Object

    0x08000000   0x08000000   0x00000130   Data   RO            3    RESET               startup_stm32f103xe.o
    0x08000130   0x08000130   0x00000000   Code   RO         6221  * .ARM.Collect$$$$00000000  mc_w.l(entry.o)
    0x08000130   0x08000130   0x00000004   Code   RO         6563    .ARM.Collect$$$$00000001  mc_w.l(entry2.o)
    0x08000134   0x08000134   0x00000004   Code   RO         6566    .ARM.Collect$$$$00000004  mc_w.l(entry5.o)
    0x08000138   0x08000138   0x00000000   Code   RO         6568    .ARM.Collect$$$$00000008  mc_w.l(entry7b.o)
    0x08000138   0x08000138   0x00000000   Code   RO         6570    .ARM.Collect$$$$0000000A  mc_w.l(entry8b.o)
    0x08000138   0x08000138   0x00000008   Code   RO         6571    .ARM.Collect$$$$0000000B  mc_w.l(entry9a.o)
    0x08000140   0x08000140   0x00000004   Code   RO         6578    .ARM.Collect$$$$0000000E  mc_w.l(entry12b.o)
    0x08000144   0x08000144   0x00000000   Code   RO         6573    .ARM.Collect$$$$0000000F  mc_w.l(entry10a.o)
    0x08000144   0x08000144   0x00000000   Code   RO         6575    .ARM.Collect$$$$00000011  mc_w.l(entry11a.o)
    0x08000144   0x08000144   0x00000004   Code   RO         6564    .ARM.Collect$$$$00002712  mc_w.l(entry2.o)
    0x08000148   0x08000148   0x00000096   Code   RO         5590    .emb_text           port.o
    0x080001de   0x080001de   0x00000002   PAD
    0x080001e0   0x080001e0   0x00000024   Code   RO            4    .text               startup_stm32f103xe.o
    0x08000204   0x08000204   0x00000062   Code   RO         6224    .text               mc_w.l(ldiv.o)
    0x08000266   0x08000266   0x00000020   Code   RO         6226    .text               mc_w.l(llushr.o)
    0x08000286   0x08000286   0x00000024   Code   RO         6228    .text               mc_w.l(memcpya.o)
    0x080002aa   0x080002aa   0x00000024   Code   RO         6232    .text               mc_w.l(memseta.o)
    0x080002ce   0x080002ce   0x0000001a   Code   RO         6234    .text               mc_w.l(memcmp.o)
    0x080002e8   0x080002e8   0x000000b0   Code   RO         6498    .text               mf_w.l(fadd.o)
    0x08000398   0x08000398   0x00000064   Code   RO         6500    .text               mf_w.l(fmul.o)
    0x080003fc   0x080003fc   0x0000007c   Code   RO         6502    .text               mf_w.l(fdiv.o)
    0x08000478   0x08000478   0x0000014e   Code   RO         6504    .text               mf_w.l(dadd.o)
    0x080005c6   0x080005c6   0x000000e4   Code   RO         6506    .text               mf_w.l(dmul.o)
    0x080006aa   0x080006aa   0x00000012   Code   RO         6508    .text               mf_w.l(fflti.o)
    0x080006bc   0x080006bc   0x0000000a   Code   RO         6510    .text               mf_w.l(ffltui.o)
    0x080006c6   0x080006c6   0x00000032   Code   RO         6512    .text               mf_w.l(ffixi.o)
    0x080006f8   0x080006f8   0x00000028   Code   RO         6514    .text               mf_w.l(ffixui.o)
    0x08000720   0x08000720   0x00000026   Code   RO         6516    .text               mf_w.l(f2d.o)
    0x08000746   0x08000746   0x00000002   PAD
    0x08000748   0x08000748   0x00000030   Code   RO         6518    .text               mf_w.l(cdrcmple.o)
    0x08000778   0x08000778   0x00000038   Code   RO         6520    .text               mf_w.l(d2f.o)
    0x080007b0   0x080007b0   0x00000014   Code   RO         6522    .text               mf_w.l(cfcmple.o)
    0x080007c4   0x080007c4   0x00000014   Code   RO         6524    .text               mf_w.l(cfrcmple.o)
    0x080007d8   0x080007d8   0x00000062   Code   RO         6582    .text               mc_w.l(uldiv.o)
    0x0800083a   0x0800083a   0x0000001e   Code   RO         6584    .text               mc_w.l(llshl.o)
    0x08000858   0x08000858   0x00000024   Code   RO         6586    .text               mc_w.l(llsshr.o)
    0x0800087c   0x0800087c   0x00000000   Code   RO         6595    .text               mc_w.l(iusefp.o)
    0x0800087c   0x0800087c   0x0000006e   Code   RO         6596    .text               mf_w.l(fepilogue.o)
    0x080008ea   0x080008ea   0x000000ba   Code   RO         6598    .text               mf_w.l(depilogue.o)
    0x080009a4   0x080009a4   0x000000de   Code   RO         6600    .text               mf_w.l(ddiv.o)
    0x08000a82   0x08000a82   0x0000002e   Code   RO         6602    .text               mf_w.l(dscalb.o)
    0x08000ab0   0x08000ab0   0x00000030   Code   RO         6606    .text               mf_w.l(cdcmple.o)
    0x08000ae0   0x08000ae0   0x00000024   Code   RO         6608    .text               mc_w.l(init.o)
    0x08000b04   0x08000b04   0x000000a2   Code   RO         6610    .text               mf_w.l(dsqrt.o)
    0x08000ba6   0x08000ba6   0x00000056   Code   RO         6620    .text               mc_w.l(__dczerorl2.o)
    0x08000bfc   0x08000bfc   0x0000005c   Code   RO          722    i.ADC_ConversionStop_Disable  stm32f1xx_hal_adc.o
    0x08000c58   0x08000c58   0x00000090   Code   RO          726    i.ADC_Enable        stm32f1xx_hal_adc.o
    0x08000ce8   0x08000ce8   0x00000004   Code   RO          529    i.BusFault_Handler  stm32f1xx_it.o
    0x08000cec   0x08000cec   0x00000054   Code   RO         3538    i.Car_Task_IMU      cartask.o
    0x08000d40   0x08000d40   0x000000cc   Code   RO         3539    i.Car_Task_Motor    cartask.o
    0x08000e0c   0x08000e0c   0x00000008   Code   RO         3540    i.Car_Task_System   cartask.o
    0x08000e14   0x08000e14   0x00000010   Code   RO          530    i.DMA1_Channel4_IRQHandler  stm32f1xx_it.o
    0x08000e24   0x08000e24   0x00000010   Code   RO          531    i.DMA1_Channel6_IRQHandler  stm32f1xx_it.o
    0x08000e34   0x08000e34   0x00000010   Code   RO          532    i.DMA1_Channel7_IRQHandler  stm32f1xx_it.o
    0x08000e44   0x08000e44   0x0000002c   Code   RO         1383    i.DMA_SetConfig     stm32f1xx_hal_dma.o
    0x08000e70   0x08000e70   0x00000002   Code   RO          533    i.DebugMon_Handler  stm32f1xx_it.o
    0x08000e72   0x08000e72   0x0000000a   Code   RO          534    i.EXTI1_IRQHandler  stm32f1xx_it.o
    0x08000e7c   0x08000e7c   0x00000006   Code   RO           13    i.Error_Handler     main.o
    0x08000e82   0x08000e82   0x00000002   PAD
    0x08000e84   0x08000e84   0x0000011c   Code   RO          902    i.HAL_ADCEx_Calibration_Start  stm32f1xx_hal_adc_ex.o
    0x08000fa0   0x08000fa0   0x00000160   Code   RO          728    i.HAL_ADC_ConfigChannel  stm32f1xx_hal_adc.o
    0x08001100   0x08001100   0x00000144   Code   RO          737    i.HAL_ADC_Init      stm32f1xx_hal_adc.o
    0x08001244   0x08001244   0x00000070   Code   RO          320    i.HAL_ADC_MspInit   adc.o
    0x080012b4   0x080012b4   0x00000056   Code   RO         1384    i.HAL_DMA_Abort     stm32f1xx_hal_dma.o
    0x0800130a   0x0800130a   0x00000002   PAD
    0x0800130c   0x0800130c   0x000000b0   Code   RO         1385    i.HAL_DMA_Abort_IT  stm32f1xx_hal_dma.o
    0x080013bc   0x080013bc   0x0000019c   Code   RO         1389    i.HAL_DMA_IRQHandler  stm32f1xx_hal_dma.o
    0x08001558   0x08001558   0x00000068   Code   RO         1390    i.HAL_DMA_Init      stm32f1xx_hal_dma.o
    0x080015c0   0x080015c0   0x0000009c   Code   RO         1394    i.HAL_DMA_Start_IT  stm32f1xx_hal_dma.o
    0x0800165c   0x0800165c   0x00000028   Code   RO         1005    i.HAL_Delay         stm32f1xx_hal.o
    0x08001684   0x08001684   0x00000090   Code   RO          535    i.HAL_GPIO_EXTI_Callback  stm32f1xx_it.o
    0x08001714   0x08001714   0x0000001c   Code   RO         1319    i.HAL_GPIO_EXTI_IRQHandler  stm32f1xx_hal_gpio.o
    0x08001730   0x08001730   0x00000320   Code   RO         1320    i.HAL_GPIO_Init     stm32f1xx_hal_gpio.o
    0x08001a50   0x08001a50   0x00000010   Code   RO         1322    i.HAL_GPIO_ReadPin  stm32f1xx_hal_gpio.o
    0x08001a60   0x08001a60   0x0000000c   Code   RO         1324    i.HAL_GPIO_WritePin  stm32f1xx_hal_gpio.o
    0x08001a6c   0x08001a6c   0x0000000c   Code   RO         1009    i.HAL_GetTick       stm32f1xx_hal.o
    0x08001a78   0x08001a78   0x00000018   Code   RO         1015    i.HAL_IncTick       stm32f1xx_hal.o
    0x08001a90   0x08001a90   0x00000028   Code   RO         1016    i.HAL_Init          stm32f1xx_hal.o
    0x08001ab8   0x08001ab8   0x0000004c   Code   RO         1017    i.HAL_InitTick      stm32f1xx_hal.o
    0x08001b04   0x08001b04   0x00000060   Code   RO          662    i.HAL_MspInit       stm32f1xx_hal_msp.o
    0x08001b64   0x08001b64   0x00000020   Code   RO         1480    i.HAL_NVIC_EnableIRQ  stm32f1xx_hal_cortex.o
    0x08001b84   0x08001b84   0x0000007c   Code   RO         1486    i.HAL_NVIC_SetPriority  stm32f1xx_hal_cortex.o
    0x08001c00   0x08001c00   0x00000028   Code   RO         1487    i.HAL_NVIC_SetPriorityGrouping  stm32f1xx_hal_cortex.o
    0x08001c28   0x08001c28   0x000000fc   Code   RO         1281    i.HAL_RCCEx_GetPeriphCLKFreq  stm32f1xx_hal_rcc_ex.o
    0x08001d24   0x08001d24   0x00000130   Code   RO         1282    i.HAL_RCCEx_PeriphCLKConfig  stm32f1xx_hal_rcc_ex.o
    0x08001e54   0x08001e54   0x0000018c   Code   RO         1173    i.HAL_RCC_ClockConfig  stm32f1xx_hal_rcc.o
    0x08001fe0   0x08001fe0   0x0000000c   Code   RO         1178    i.HAL_RCC_GetHCLKFreq  stm32f1xx_hal_rcc.o
    0x08001fec   0x08001fec   0x00000020   Code   RO         1180    i.HAL_RCC_GetPCLK1Freq  stm32f1xx_hal_rcc.o
    0x0800200c   0x0800200c   0x00000020   Code   RO         1181    i.HAL_RCC_GetPCLK2Freq  stm32f1xx_hal_rcc.o
    0x0800202c   0x0800202c   0x00000070   Code   RO         1182    i.HAL_RCC_GetSysClockFreq  stm32f1xx_hal_rcc.o
    0x0800209c   0x0800209c   0x00000464   Code   RO         1185    i.HAL_RCC_OscConfig  stm32f1xx_hal_rcc.o
    0x08002500   0x08002500   0x00000028   Code   RO         1489    i.HAL_SYSTICK_CLKSourceConfig  stm32f1xx_hal_cortex.o
    0x08002528   0x08002528   0x00000034   Code   RO         1491    i.HAL_SYSTICK_Config  stm32f1xx_hal_cortex.o
    0x0800255c   0x0800255c   0x00000002   Code   RO         2723    i.HAL_TIMEx_BreakCallback  stm32f1xx_hal_tim_ex.o
    0x0800255e   0x0800255e   0x00000002   Code   RO         2724    i.HAL_TIMEx_CommutCallback  stm32f1xx_hal_tim_ex.o
    0x08002560   0x08002560   0x00000084   Code   RO         2742    i.HAL_TIMEx_MasterConfigSynchronization  stm32f1xx_hal_tim_ex.o
    0x080025e4   0x080025e4   0x00000066   Code   RO         2008    i.HAL_TIM_Base_Init  stm32f1xx_hal_tim.o
    0x0800264a   0x0800264a   0x00000002   PAD
    0x0800264c   0x0800264c   0x00000044   Code   RO          386    i.HAL_TIM_Base_MspInit  tim.o
    0x08002690   0x08002690   0x00000078   Code   RO         2013    i.HAL_TIM_Base_Start_IT  stm32f1xx_hal_tim.o
    0x08002708   0x08002708   0x0000003e   Code   RO         2016    i.HAL_TIM_Base_Stop_IT  stm32f1xx_hal_tim.o
    0x08002746   0x08002746   0x0000010c   Code   RO         2017    i.HAL_TIM_ConfigClockSource  stm32f1xx_hal_tim.o
    0x08002852   0x08002852   0x000000c4   Code   RO         2029    i.HAL_TIM_Encoder_Init  stm32f1xx_hal_tim.o
    0x08002916   0x08002916   0x00000002   PAD
    0x08002918   0x08002918   0x000000ec   Code   RO          388    i.HAL_TIM_Encoder_MspInit  tim.o
    0x08002a04   0x08002a04   0x000000cc   Code   RO         2032    i.HAL_TIM_Encoder_Start  stm32f1xx_hal_tim.o
    0x08002ad0   0x08002ad0   0x00000002   Code   RO         2042    i.HAL_TIM_IC_CaptureCallback  stm32f1xx_hal_tim.o
    0x08002ad2   0x08002ad2   0x00000196   Code   RO         2056    i.HAL_TIM_IRQHandler  stm32f1xx_hal_tim.o
    0x08002c68   0x08002c68   0x00000070   Code   RO          389    i.HAL_TIM_MspPostInit  tim.o
    0x08002cd8   0x08002cd8   0x00000002   Code   RO         2059    i.HAL_TIM_OC_DelayElapsedCallback  stm32f1xx_hal_tim.o
    0x08002cda   0x08002cda   0x00000104   Code   RO         2080    i.HAL_TIM_PWM_ConfigChannel  stm32f1xx_hal_tim.o
    0x08002dde   0x08002dde   0x00000066   Code   RO         2083    i.HAL_TIM_PWM_Init  stm32f1xx_hal_tim.o
    0x08002e44   0x08002e44   0x0000002c   Code   RO          391    i.HAL_TIM_PWM_MspInit  tim.o
    0x08002e70   0x08002e70   0x00000002   Code   RO         2086    i.HAL_TIM_PWM_PulseFinishedCallback  stm32f1xx_hal_tim.o
    0x08002e72   0x08002e72   0x00000002   PAD
    0x08002e74   0x08002e74   0x000000d4   Code   RO         2088    i.HAL_TIM_PWM_Start  stm32f1xx_hal_tim.o
    0x08002f48   0x08002f48   0x00000018   Code   RO          536    i.HAL_TIM_PeriodElapsedCallback  stm32f1xx_it.o
    0x08002f60   0x08002f60   0x00000002   Code   RO         2099    i.HAL_TIM_TriggerCallback  stm32f1xx_hal_tim.o
    0x08002f62   0x08002f62   0x00000002   Code   RO         3002    i.HAL_UARTEx_RxEventCallback  stm32f1xx_hal_uart.o
    0x08002f64   0x08002f64   0x00000002   Code   RO         3016    i.HAL_UART_ErrorCallback  stm32f1xx_hal_uart.o
    0x08002f66   0x08002f66   0x00000002   PAD
    0x08002f68   0x08002f68   0x000002e4   Code   RO         3019    i.HAL_UART_IRQHandler  stm32f1xx_hal_uart.o
    0x0800324c   0x0800324c   0x00000076   Code   RO         3020    i.HAL_UART_Init     stm32f1xx_hal_uart.o
    0x080032c2   0x080032c2   0x00000002   PAD
    0x080032c4   0x080032c4   0x000001c8   Code   RO          476    i.HAL_UART_MspInit  usart.o
    0x0800348c   0x0800348c   0x0000002c   Code   RO         3024    i.HAL_UART_Receive_DMA  stm32f1xx_hal_uart.o
    0x080034b8   0x080034b8   0x00000002   Code   RO         3026    i.HAL_UART_RxCpltCallback  stm32f1xx_hal_uart.o
    0x080034ba   0x080034ba   0x00000002   Code   RO         3027    i.HAL_UART_RxHalfCpltCallback  stm32f1xx_hal_uart.o
    0x080034bc   0x080034bc   0x0000008c   Code   RO         3029    i.HAL_UART_Transmit_DMA  stm32f1xx_hal_uart.o
    0x08003548   0x08003548   0x00000002   Code   RO         3031    i.HAL_UART_TxCpltCallback  stm32f1xx_hal_uart.o
    0x0800354a   0x0800354a   0x00000002   Code   RO         3032    i.HAL_UART_TxHalfCpltCallback  stm32f1xx_hal_uart.o
    0x0800354c   0x0800354c   0x00000004   Code   RO          537    i.HardFault_Handler  stm32f1xx_it.o
    0x08003550   0x08003550   0x00000058   Code   RO          321    i.MX_ADC1_Init      adc.o
    0x080035a8   0x080035a8   0x00000054   Code   RO          361    i.MX_DMA_Init       dma.o
    0x080035fc   0x080035fc   0x00000074   Code   RO          248    i.MX_FREERTOS_Init  freertos.o
    0x08003670   0x08003670   0x0000014c   Code   RO          224    i.MX_GPIO_Init      gpio.o
    0x080037bc   0x080037bc   0x00000070   Code   RO          392    i.MX_TIM1_Init      tim.o
    0x0800382c   0x0800382c   0x00000088   Code   RO          393    i.MX_TIM2_Init      tim.o
    0x080038b4   0x080038b4   0x0000007c   Code   RO          394    i.MX_TIM3_Init      tim.o
    0x08003930   0x08003930   0x0000007c   Code   RO          395    i.MX_TIM4_Init      tim.o
    0x080039ac   0x080039ac   0x00000038   Code   RO          477    i.MX_USART1_UART_Init  usart.o
    0x080039e4   0x080039e4   0x00000038   Code   RO          478    i.MX_USART2_UART_Init  usart.o
    0x08003a1c   0x08003a1c   0x00000004   Code   RO          538    i.MemManage_Handler  stm32f1xx_it.o
    0x08003a20   0x08003a20   0x00000004   Code   RO          539    i.NMI_Handler       stm32f1xx_it.o
    0x08003a24   0x08003a24   0x0000002a   Code   RO         3400    i.OLED_Clear        oled.o
    0x08003a4e   0x08003a4e   0x00000002   PAD
    0x08003a50   0x08003a50   0x00000070   Code   RO         3402    i.OLED_I2C_Init     oled.o
    0x08003ac0   0x08003ac0   0x00000060   Code   RO         3403    i.OLED_I2C_SendByte  oled.o
    0x08003b20   0x08003b20   0x00000034   Code   RO         3404    i.OLED_I2C_Start    oled.o
    0x08003b54   0x08003b54   0x00000028   Code   RO         3405    i.OLED_I2C_Stop     oled.o
    0x08003b7c   0x08003b7c   0x000000ae   Code   RO         3406    i.OLED_Init         oled.o
    0x08003c2a   0x08003c2a   0x00000014   Code   RO         3407    i.OLED_Pow          oled.o
    0x08003c3e   0x08003c3e   0x00000022   Code   RO         3408    i.OLED_SetCursor    oled.o
    0x08003c60   0x08003c60   0x00000158   Code   RO         3691    i.OLED_Show         car_system.o
    0x08003db8   0x08003db8   0x00000074   Code   RO         3410    i.OLED_ShowChar     oled.o
    0x08003e2c   0x08003e2c   0x00000044   Code   RO         3413    i.OLED_ShowNum      oled.o
    0x08003e70   0x08003e70   0x00000028   Code   RO         3415    i.OLED_ShowString   oled.o
    0x08003e98   0x08003e98   0x00000020   Code   RO         3417    i.OLED_WriteCommand  oled.o
    0x08003eb8   0x08003eb8   0x00000020   Code   RO         3418    i.OLED_WriteData    oled.o
    0x08003ed8   0x08003ed8   0x00000032   Code   RO         3609    i.PWM_Limiting      control.o
    0x08003f0a   0x08003f0a   0x00000002   PAD
    0x08003f0c   0x08003f0c   0x00000028   Code   RO         1186    i.RCC_Delay         stm32f1xx_hal_rcc.o
    0x08003f34   0x08003f34   0x00000038   Code   RO         3610    i.Read_Encoder      control.o
    0x08003f6c   0x08003f6c   0x000000a0   Code   RO         3611    i.Set_PWM           control.o
    0x0800400c   0x0800400c   0x00000064   Code   RO          249    i.StartTask04       freertos.o
    0x08004070   0x08004070   0x0000000e   Code   RO          250    i.StartTask_100Hz   freertos.o
    0x0800407e   0x0800407e   0x00000002   PAD
    0x08004080   0x08004080   0x00000074   Code   RO          251    i.StartTask_200Hz   freertos.o
    0x080040f4   0x080040f4   0x00000012   Code   RO          252    i.StartTask_5Hz     freertos.o
    0x08004106   0x08004106   0x00000014   Code   RO          540    i.SysTick_Handler   stm32f1xx_it.o
    0x0800411a   0x0800411a   0x00000084   Code   RO           14    i.SystemClock_Config  main.o
    0x0800419e   0x0800419e   0x00000002   Code   RO         3364    i.SystemInit        system_stm32f1xx.o
    0x080041a0   0x080041a0   0x00000010   Code   RO          541    i.TIM1_UP_IRQHandler  stm32f1xx_it.o
    0x080041b0   0x080041b0   0x00000010   Code   RO          542    i.TIM3_IRQHandler   stm32f1xx_it.o
    0x080041c0   0x080041c0   0x00000010   Code   RO          543    i.TIM4_IRQHandler   stm32f1xx_it.o
    0x080041d0   0x080041d0   0x00000074   Code   RO         2101    i.TIM_Base_SetConfig  stm32f1xx_hal_tim.o
    0x08004244   0x08004244   0x00000022   Code   RO         2102    i.TIM_CCxChannelCmd  stm32f1xx_hal_tim.o
    0x08004266   0x08004266   0x00000016   Code   RO         2112    i.TIM_ETR_SetConfig  stm32f1xx_hal_tim.o
    0x0800427c   0x0800427c   0x00000012   Code   RO         2113    i.TIM_ITRx_SetConfig  stm32f1xx_hal_tim.o
    0x0800428e   0x0800428e   0x00000002   PAD
    0x08004290   0x08004290   0x00000060   Code   RO         2114    i.TIM_OC1_SetConfig  stm32f1xx_hal_tim.o
    0x080042f0   0x080042f0   0x00000068   Code   RO         2115    i.TIM_OC2_SetConfig  stm32f1xx_hal_tim.o
    0x08004358   0x08004358   0x00000068   Code   RO         2116    i.TIM_OC3_SetConfig  stm32f1xx_hal_tim.o
    0x080043c0   0x080043c0   0x00000048   Code   RO         2117    i.TIM_OC4_SetConfig  stm32f1xx_hal_tim.o
    0x08004408   0x08004408   0x00000026   Code   RO         2119    i.TIM_TI1_ConfigInputStage  stm32f1xx_hal_tim.o
    0x0800442e   0x0800442e   0x00000028   Code   RO         2121    i.TIM_TI2_ConfigInputStage  stm32f1xx_hal_tim.o
    0x08004456   0x08004456   0x00000002   PAD
    0x08004458   0x08004458   0x00000068   Code   RO         3612    i.Turn_off          control.o
    0x080044c0   0x080044c0   0x00000014   Code   RO         3033    i.UART_DMAAbortOnError  stm32f1xx_hal_uart.o
    0x080044d4   0x080044d4   0x00000050   Code   RO         3034    i.UART_DMAError     stm32f1xx_hal_uart.o
    0x08004524   0x08004524   0x000000b4   Code   RO         3035    i.UART_DMAReceiveCplt  stm32f1xx_hal_uart.o
    0x080045d8   0x080045d8   0x00000024   Code   RO         3037    i.UART_DMARxHalfCplt  stm32f1xx_hal_uart.o
    0x080045fc   0x080045fc   0x00000058   Code   RO         3039    i.UART_DMATransmitCplt  stm32f1xx_hal_uart.o
    0x08004654   0x08004654   0x0000000e   Code   RO         3041    i.UART_DMATxHalfCplt  stm32f1xx_hal_uart.o
    0x08004662   0x08004662   0x0000006c   Code   RO         3043    i.UART_EndRxTransfer  stm32f1xx_hal_uart.o
    0x080046ce   0x080046ce   0x00000020   Code   RO         3044    i.UART_EndTransmit_IT  stm32f1xx_hal_uart.o
    0x080046ee   0x080046ee   0x00000026   Code   RO         3045    i.UART_EndTxTransfer  stm32f1xx_hal_uart.o
    0x08004714   0x08004714   0x000000fc   Code   RO         3046    i.UART_Receive_IT   stm32f1xx_hal_uart.o
    0x08004810   0x08004810   0x000000fc   Code   RO         3047    i.UART_SetConfig    stm32f1xx_hal_uart.o
    0x0800490c   0x0800490c   0x000000c8   Code   RO         3048    i.UART_Start_Receive_DMA  stm32f1xx_hal_uart.o
    0x080049d4   0x080049d4   0x00000060   Code   RO         3050    i.UART_Transmit_IT  stm32f1xx_hal_uart.o
    0x08004a34   0x08004a34   0x00000010   Code   RO          544    i.USART1_IRQHandler  stm32f1xx_it.o
    0x08004a44   0x08004a44   0x00000010   Code   RO          545    i.USART2_IRQHandler  stm32f1xx_it.o
    0x08004a54   0x08004a54   0x00000004   Code   RO          546    i.UsageFault_Handler  stm32f1xx_it.o
    0x08004a58   0x08004a58   0x00000058   Code   RO         3613    i.Vertical_Ring_PD  control.o
    0x08004ab0   0x08004ab0   0x000000e8   Code   RO         3614    i.Vertical_speed_PI  control.o
    0x08004b98   0x08004b98   0x0000004c   Code   RO         3615    i.Vertical_turn_PD  control.o
    0x08004be4   0x08004be4   0x00000010   Code   RO         6239    i.__0printf$bare    mc_w.l(printfb.o)
    0x08004bf4   0x08004bf4   0x00000028   Code   RO         6550    i.__ARM_fpclassify  m_ws.l(fpclassify.o)
    0x08004c1c   0x08004c1c   0x00000010   Code   RO         1493    i.__NVIC_GetPriorityGrouping  stm32f1xx_hal_cortex.o
    0x08004c2c   0x08004c2c   0x00000028   Code   RO         1494    i.__NVIC_SetPriority  stm32f1xx_hal_cortex.o
    0x08004c54   0x08004c54   0x00000006   Code   RO         5105    i.__get_BASEPRI     cmsis_os2.o
    0x08004c5a   0x08004c5a   0x00000006   Code   RO         5106    i.__get_IPSR        cmsis_os2.o
    0x08004c60   0x08004c60   0x00000006   Code   RO         5107    i.__get_PRIMASK     cmsis_os2.o
    0x08004c66   0x08004c66   0x000000aa   Code   RO         6552    i.__kernel_poly     m_ws.l(poly.o)
    0x08004d10   0x08004d10   0x00000006   Code   RO         6537    i.__mathlib_dbl_infnan  m_ws.l(dunder.o)
    0x08004d16   0x08004d16   0x00000004   Code   RO         6538    i.__mathlib_dbl_infnan2  m_ws.l(dunder.o)
    0x08004d1a   0x08004d1a   0x0000000c   Code   RO         6539    i.__mathlib_dbl_invalid  m_ws.l(dunder.o)
    0x08004d26   0x08004d26   0x00000002   PAD
    0x08004d28   0x08004d28   0x00000010   Code   RO         6542    i.__mathlib_dbl_underflow  m_ws.l(dunder.o)
    0x08004d38   0x08004d38   0x0000000e   Code   RO         6614    i.__scatterload_copy  mc_w.l(handlers.o)
    0x08004d46   0x08004d46   0x00000002   Code   RO         6615    i.__scatterload_null  mc_w.l(handlers.o)
    0x08004d48   0x08004d48   0x0000000e   Code   RO         6616    i.__scatterload_zeroinit  mc_w.l(handlers.o)
    0x08004d56   0x08004d56   0x00000002   PAD
    0x08004d58   0x08004d58   0x0000000c   Code   RO         6590    i.__set_errno       mc_w.l(errno.o)
    0x08004d64   0x08004d64   0x00000022   Code   RO         6246    i._printf_core      mc_w.l(printfb.o)
    0x08004d86   0x08004d86   0x00000002   PAD
    0x08004d88   0x08004d88   0x000000a8   Code   RO         5670    i.accel_self_test   inv_mpu.o
    0x08004e30   0x08004e30   0x00000270   Code   RO         6204    i.asin              m_ws.l(asin.o)
    0x080050a0   0x080050a0   0x00000220   Code   RO         6527    i.atan              m_ws.l(atan.o)
    0x080052c0   0x080052c0   0x0000019c   Code   RO         6214    i.atan2             m_ws.l(atan2.o)
    0x0800545c   0x0800545c   0x0000021c   Code   RO         5671    i.atk_ms6050_dmp_get_data  inv_mpu.o
    0x08005678   0x08005678   0x0000009c   Code   RO         5672    i.atk_ms6050_dmp_init  inv_mpu.o
    0x08005714   0x08005714   0x00000050   Code   RO         3783    i.atk_ms6050_get_accelerometer  atk_ms6050.o
    0x08005764   0x08005764   0x00000014   Code   RO         5673    i.atk_ms6050_get_clock_ms  inv_mpu.o
    0x08005778   0x08005778   0x00000050   Code   RO         3784    i.atk_ms6050_get_gyroscope  atk_ms6050.o
    0x080057c8   0x080057c8   0x0000005c   Code   RO         3786    i.atk_ms6050_hw_init  atk_ms6050.o
    0x08005824   0x08005824   0x00000050   Code   RO         3893    i.atk_ms6050_iic_ack  atk_ms6050_iic.o
    0x08005874   0x08005874   0x0000000a   Code   RO         3894    i.atk_ms6050_iic_delay  atk_ms6050_iic.o
    0x0800587e   0x0800587e   0x00000002   PAD
    0x08005880   0x08005880   0x00000084   Code   RO         3895    i.atk_ms6050_iic_init  atk_ms6050_iic.o
    0x08005904   0x08005904   0x00000040   Code   RO         3896    i.atk_ms6050_iic_nack  atk_ms6050_iic.o
    0x08005944   0x08005944   0x0000005c   Code   RO         3897    i.atk_ms6050_iic_read_byte  atk_ms6050_iic.o
    0x080059a0   0x080059a0   0x0000006c   Code   RO         3898    i.atk_ms6050_iic_send_byte  atk_ms6050_iic.o
    0x08005a0c   0x08005a0c   0x0000004c   Code   RO         3899    i.atk_ms6050_iic_start  atk_ms6050_iic.o
    0x08005a58   0x08005a58   0x00000040   Code   RO         3900    i.atk_ms6050_iic_stop  atk_ms6050_iic.o
    0x08005a98   0x08005a98   0x00000064   Code   RO         3901    i.atk_ms6050_iic_wait_ack  atk_ms6050_iic.o
    0x08005afc   0x08005afc   0x0000007c   Code   RO         3787    i.atk_ms6050_init   atk_ms6050.o
    0x08005b78   0x08005b78   0x0000008a   Code   RO         3788    i.atk_ms6050_read   atk_ms6050.o
    0x08005c02   0x08005c02   0x00000016   Code   RO         3789    i.atk_ms6050_read_byte  atk_ms6050.o
    0x08005c18   0x08005c18   0x00000094   Code   RO         5674    i.atk_ms6050_run_self_test  inv_mpu.o
    0x08005cac   0x08005cac   0x00000012   Code   RO         3790    i.atk_ms6050_set_accel_fsr  atk_ms6050.o
    0x08005cbe   0x08005cbe   0x00000012   Code   RO         3791    i.atk_ms6050_set_gyro_fsr  atk_ms6050.o
    0x08005cd0   0x08005cd0   0x0000003a   Code   RO         3792    i.atk_ms6050_set_lpf  atk_ms6050.o
    0x08005d0a   0x08005d0a   0x00000044   Code   RO         3793    i.atk_ms6050_set_rate  atk_ms6050.o
    0x08005d4e   0x08005d4e   0x0000001e   Code   RO         3794    i.atk_ms6050_sw_reset  atk_ms6050.o
    0x08005d6c   0x08005d6c   0x00000070   Code   RO         3795    i.atk_ms6050_write  atk_ms6050.o
    0x08005ddc   0x08005ddc   0x00000014   Code   RO         3796    i.atk_ms6050_write_byte  atk_ms6050.o
    0x08005df0   0x08005df0   0x00000064   Code   RO         6012    i.decode_gesture    inv_mpu_dmp_motion_driver.o
    0x08005e54   0x08005e54   0x00000014   Code   RO         3735    i.delay_init        delay.o
    0x08005e68   0x08005e68   0x00000018   Code   RO         3736    i.delay_ms          delay.o
    0x08005e80   0x08005e80   0x00000048   Code   RO         3737    i.delay_us          delay.o
    0x08005ec8   0x08005ec8   0x0000003c   Code   RO         6013    i.dmp_enable_6x_lp_quat  inv_mpu_dmp_motion_driver.o
    0x08005f04   0x08005f04   0x0000021c   Code   RO         6014    i.dmp_enable_feature  inv_mpu_dmp_motion_driver.o
    0x08006120   0x08006120   0x00000058   Code   RO         6015    i.dmp_enable_gyro_cal  inv_mpu_dmp_motion_driver.o
    0x08006178   0x08006178   0x0000003c   Code   RO         6016    i.dmp_enable_lp_quat  inv_mpu_dmp_motion_driver.o
    0x080061b4   0x080061b4   0x00000018   Code   RO         6021    i.dmp_load_motion_driver_firmware  inv_mpu_dmp_motion_driver.o
    0x080061cc   0x080061cc   0x000001cc   Code   RO         6022    i.dmp_read_fifo     inv_mpu_dmp_motion_driver.o
    0x08006398   0x08006398   0x00000134   Code   RO         6025    i.dmp_set_accel_bias  inv_mpu_dmp_motion_driver.o
    0x080064cc   0x080064cc   0x00000070   Code   RO         6026    i.dmp_set_fifo_rate  inv_mpu_dmp_motion_driver.o
    0x0800653c   0x0800653c   0x00000130   Code   RO         6027    i.dmp_set_gyro_bias  inv_mpu_dmp_motion_driver.o
    0x0800666c   0x0800666c   0x00000138   Code   RO         6029    i.dmp_set_orientation  inv_mpu_dmp_motion_driver.o
    0x080067a4   0x080067a4   0x00000038   Code   RO         6032    i.dmp_set_shake_reject_thresh  inv_mpu_dmp_motion_driver.o
    0x080067dc   0x080067dc   0x00000026   Code   RO         6033    i.dmp_set_shake_reject_time  inv_mpu_dmp_motion_driver.o
    0x08006802   0x08006802   0x00000026   Code   RO         6034    i.dmp_set_shake_reject_timeout  inv_mpu_dmp_motion_driver.o
    0x08006828   0x08006828   0x00000046   Code   RO         6035    i.dmp_set_tap_axes  inv_mpu_dmp_motion_driver.o
    0x0800686e   0x0800686e   0x00000026   Code   RO         6036    i.dmp_set_tap_count  inv_mpu_dmp_motion_driver.o
    0x08006894   0x08006894   0x000001a0   Code   RO         6037    i.dmp_set_tap_thresh  inv_mpu_dmp_motion_driver.o
    0x08006a34   0x08006a34   0x00000026   Code   RO         6038    i.dmp_set_tap_time  inv_mpu_dmp_motion_driver.o
    0x08006a5a   0x08006a5a   0x00000026   Code   RO         6039    i.dmp_set_tap_time_multi  inv_mpu_dmp_motion_driver.o
    0x08006a80   0x08006a80   0x0000001c   Code   RO          479    i.fputc             usart.o
    0x08006a9c   0x08006a9c   0x000000b4   Code   RO         5675    i.get_accel_prod_shift  inv_mpu.o
    0x08006b50   0x08006b50   0x0000046c   Code   RO         5676    i.get_st_biases     inv_mpu.o
    0x08006fbc   0x08006fbc   0x00000110   Code   RO         5677    i.gyro_self_test    inv_mpu.o
    0x080070cc   0x080070cc   0x0000004e   Code   RO         5678    i.inv_row_2_scale   inv_mpu.o
    0x0800711a   0x0800711a   0x00000002   PAD
    0x0800711c   0x0800711c   0x000000a0   Code   RO           15    i.main              main.o
    0x080071bc   0x080071bc   0x00000070   Code   RO         5679    i.mpu_configure_fifo  inv_mpu.o
    0x0800722c   0x0800722c   0x0000004c   Code   RO         5680    i.mpu_get_accel_fsr  inv_mpu.o
    0x08007278   0x08007278   0x00000054   Code   RO         5682    i.mpu_get_accel_sens  inv_mpu.o
    0x080072cc   0x080072cc   0x00000010   Code   RO         5687    i.mpu_get_fifo_config  inv_mpu.o
    0x080072dc   0x080072dc   0x00000044   Code   RO         5688    i.mpu_get_gyro_fsr  inv_mpu.o
    0x08007320   0x08007320   0x00000050   Code   RO         5690    i.mpu_get_gyro_sens  inv_mpu.o
    0x08007370   0x08007370   0x00000050   Code   RO         5692    i.mpu_get_lpf       inv_mpu.o
    0x080073c0   0x080073c0   0x00000020   Code   RO         5694    i.mpu_get_sample_rate  inv_mpu.o
    0x080073e0   0x080073e0   0x000001a8   Code   RO         5696    i.mpu_init          inv_mpu.o
    0x08007588   0x08007588   0x000000b8   Code   RO         5697    i.mpu_load_firmware  inv_mpu.o
    0x08007640   0x08007640   0x000000e0   Code   RO         5698    i.mpu_lp_accel_mode  inv_mpu.o
    0x08007720   0x08007720   0x000000c0   Code   RO         5701    i.mpu_read_fifo_stream  inv_mpu.o
    0x080077e0   0x080077e0   0x00000080   Code   RO         5702    i.mpu_read_mem      inv_mpu.o
    0x08007860   0x08007860   0x000001c8   Code   RO         5705    i.mpu_reset_fifo    inv_mpu.o
    0x08007a28   0x08007a28   0x0000011c   Code   RO         5706    i.mpu_run_self_test  inv_mpu.o
    0x08007b44   0x08007b44   0x00000084   Code   RO         5708    i.mpu_set_accel_fsr  inv_mpu.o
    0x08007bc8   0x08007bc8   0x0000014c   Code   RO         5709    i.mpu_set_bypass    inv_mpu.o
    0x08007d14   0x08007d14   0x00000090   Code   RO         5711    i.mpu_set_dmp_state  inv_mpu.o
    0x08007da4   0x08007da4   0x00000088   Code   RO         5712    i.mpu_set_gyro_fsr  inv_mpu.o
    0x08007e2c   0x08007e2c   0x0000006c   Code   RO         5713    i.mpu_set_int_latched  inv_mpu.o
    0x08007e98   0x08007e98   0x00000084   Code   RO         5715    i.mpu_set_lpf       inv_mpu.o
    0x08007f1c   0x08007f1c   0x0000009c   Code   RO         5716    i.mpu_set_sample_rate  inv_mpu.o
    0x08007fb8   0x08007fb8   0x000000d0   Code   RO         5717    i.mpu_set_sensors   inv_mpu.o
    0x08008088   0x08008088   0x00000080   Code   RO         5718    i.mpu_write_mem     inv_mpu.o
    0x08008108   0x08008108   0x00000038   Code   RO         5108    i.osDelay           cmsis_os2.o
    0x08008140   0x08008140   0x00000040   Code   RO         5122    i.osKernelInitialize  cmsis_os2.o
    0x08008180   0x08008180   0x00000044   Code   RO         5125    i.osKernelStart     cmsis_os2.o
    0x080081c4   0x080081c4   0x000000dc   Code   RO         5159    i.osThreadNew       cmsis_os2.o
    0x080082a0   0x080082a0   0x0000007c   Code   RO         4580    i.prvAddCurrentTaskToDelayedList  tasks.o
    0x0800831c   0x0800831c   0x000000b8   Code   RO         4581    i.prvAddNewTaskToReadyList  tasks.o
    0x080083d4   0x080083d4   0x00000074   Code   RO         4941    i.prvCheckForValidListAndQueue  timers.o
    0x08008448   0x08008448   0x00000048   Code   RO         4582    i.prvCheckTasksWaitingTermination  tasks.o
    0x08008490   0x08008490   0x0000002a   Code   RO         4173    i.prvCopyDataFromQueue  queue.o
    0x080084ba   0x080084ba   0x0000007c   Code   RO         4174    i.prvCopyDataToQueue  queue.o
    0x08008536   0x08008536   0x00000050   Code   RO         4583    i.prvDeleteTCB      tasks.o
    0x08008586   0x08008586   0x00000002   PAD
    0x08008588   0x08008588   0x00000028   Code   RO         4942    i.prvGetNextExpireTime  timers.o
    0x080085b0   0x080085b0   0x0000007c   Code   RO         5541    i.prvHeapInit       heap_4.o
    0x0800862c   0x0800862c   0x00000028   Code   RO         4584    i.prvIdleTask       tasks.o
    0x08008654   0x08008654   0x0000002a   Code   RO         4177    i.prvInitialiseNewQueue  queue.o
    0x0800867e   0x0800867e   0x000000b4   Code   RO         4585    i.prvInitialiseNewTask  tasks.o
    0x08008732   0x08008732   0x00000002   PAD
    0x08008734   0x08008734   0x00000068   Code   RO         4586    i.prvInitialiseTaskLists  tasks.o
    0x0800879c   0x0800879c   0x00000068   Code   RO         5542    i.prvInsertBlockIntoFreeList  heap_4.o
    0x08008804   0x08008804   0x00000058   Code   RO         4944    i.prvInsertTimerInActiveList  timers.o
    0x0800885c   0x0800885c   0x0000001a   Code   RO         4178    i.prvIsQueueEmpty   queue.o
    0x08008876   0x08008876   0x0000001e   Code   RO         4179    i.prvIsQueueFull    queue.o
    0x08008894   0x08008894   0x00000064   Code   RO         4945    i.prvProcessExpiredTimer  timers.o
    0x080088f8   0x080088f8   0x00000128   Code   RO         4946    i.prvProcessReceivedCommands  timers.o
    0x08008a20   0x08008a20   0x00000074   Code   RO         4947    i.prvProcessTimerOrBlockTask  timers.o
    0x08008a94   0x08008a94   0x00000034   Code   RO         4588    i.prvResetNextTaskUnblockTime  tasks.o
    0x08008ac8   0x08008ac8   0x0000002c   Code   RO         4948    i.prvSampleTimeNow  timers.o
    0x08008af4   0x08008af4   0x000000a0   Code   RO         4949    i.prvSwitchTimerLists  timers.o
    0x08008b94   0x08008b94   0x00000040   Code   RO         5591    i.prvTaskExitError  port.o
    0x08008bd4   0x08008bd4   0x00000058   Code   RO         4590    i.prvTaskIsTaskSuspended  tasks.o
    0x08008c2c   0x08008c2c   0x0000001a   Code   RO         4950    i.prvTimerTask      timers.o
    0x08008c46   0x08008c46   0x0000007e   Code   RO         4180    i.prvUnlockQueue    queue.o
    0x08008cc4   0x08008cc4   0x0000013c   Code   RO         5543    i.pvPortMalloc      heap_4.o
    0x08008e00   0x08008e00   0x00000024   Code   RO         5592    i.pxPortInitialiseStack  port.o
    0x08008e24   0x08008e24   0x00000090   Code   RO         5719    i.set_int_enable    inv_mpu.o
    0x08008eb4   0x08008eb4   0x0000004c   Code   RO         6556    i.sqrt              m_ws.l(sqrt.o)
    0x08008f00   0x08008f00   0x00000028   Code   RO         4133    i.uxListRemove      list.o
    0x08008f28   0x08008f28   0x00000018   Code   RO         5171    i.vApplicationGetIdleTaskMemory  cmsis_os2.o
    0x08008f40   0x08008f40   0x00000018   Code   RO         5172    i.vApplicationGetTimerTaskMemory  cmsis_os2.o
    0x08008f58   0x08008f58   0x0000001a   Code   RO         4134    i.vListInitialise   list.o
    0x08008f72   0x08008f72   0x00000006   Code   RO         4135    i.vListInitialiseItem  list.o
    0x08008f78   0x08008f78   0x00000034   Code   RO         4136    i.vListInsert       list.o
    0x08008fac   0x08008fac   0x00000018   Code   RO         4137    i.vListInsertEnd    list.o
    0x08008fc4   0x08008fc4   0x00000054   Code   RO         5594    i.vPortEnterCritical  port.o
    0x08009018   0x08009018   0x0000003c   Code   RO         5595    i.vPortExitCritical  port.o
    0x08009054   0x08009054   0x00000094   Code   RO         5544    i.vPortFree         heap_4.o
    0x080090e8   0x080090e8   0x00000028   Code   RO         5596    i.vPortSetupTimerInterrupt  port.o
    0x08009110   0x08009110   0x00000078   Code   RO         5597    i.vPortValidateInterruptPriority  port.o
    0x08009188   0x08009188   0x0000002c   Code   RO         4186    i.vQueueAddToRegistry  queue.o
    0x080091b4   0x080091b4   0x0000004a   Code   RO         4190    i.vQueueWaitForMessageRestricted  queue.o
    0x080091fe   0x080091fe   0x00000002   PAD
    0x08009200   0x08009200   0x0000005c   Code   RO         4600    i.vTaskDelay        tasks.o
    0x0800925c   0x0800925c   0x00000018   Code   RO         4605    i.vTaskInternalSetTimeOutState  tasks.o
    0x08009274   0x08009274   0x0000000c   Code   RO         4606    i.vTaskMissedYield  tasks.o
    0x08009280   0x08009280   0x00000038   Code   RO         4608    i.vTaskPlaceOnEventList  tasks.o
    0x080092b8   0x080092b8   0x00000040   Code   RO         4609    i.vTaskPlaceOnEventListRestricted  tasks.o
    0x080092f8   0x080092f8   0x00000090   Code   RO         4614    i.vTaskResume       tasks.o
    0x08009388   0x08009388   0x000000b8   Code   RO         4617    i.vTaskStartScheduler  tasks.o
    0x08009440   0x08009440   0x000000c8   Code   RO         4618    i.vTaskSuspend      tasks.o
    0x08009508   0x08009508   0x00000010   Code   RO         4619    i.vTaskSuspendAll   tasks.o
    0x08009518   0x08009518   0x00000090   Code   RO         4620    i.vTaskSwitchContext  tasks.o
    0x080095a8   0x080095a8   0x000000f8   Code   RO         5598    i.xPortStartScheduler  port.o
    0x080096a0   0x080096a0   0x00000034   Code   RO         5599    i.xPortSysTickHandler  port.o
    0x080096d4   0x080096d4   0x000000de   Code   RO         4196    i.xQueueGenericCreateStatic  queue.o
    0x080097b2   0x080097b2   0x00000002   PAD
    0x080097b4   0x080097b4   0x00000098   Code   RO         4197    i.xQueueGenericReset  queue.o
    0x0800984c   0x0800984c   0x000001a8   Code   RO         4198    i.xQueueGenericSend  queue.o
    0x080099f4   0x080099f4   0x000000f8   Code   RO         4199    i.xQueueGenericSendFromISR  queue.o
    0x08009aec   0x08009aec   0x00000168   Code   RO         4208    i.xQueueReceive     queue.o
    0x08009c54   0x08009c54   0x0000008c   Code   RO         4621    i.xTaskCheckForTimeOut  tasks.o
    0x08009ce0   0x08009ce0   0x00000064   Code   RO         4622    i.xTaskCreate       tasks.o
    0x08009d44   0x08009d44   0x000000b8   Code   RO         4623    i.xTaskCreateStatic  tasks.o
    0x08009dfc   0x08009dfc   0x00000020   Code   RO         4627    i.xTaskGetSchedulerState  tasks.o
    0x08009e1c   0x08009e1c   0x0000000c   Code   RO         4628    i.xTaskGetTickCount  tasks.o
    0x08009e28   0x08009e28   0x00000144   Code   RO         4630    i.xTaskIncrementTick  tasks.o
    0x08009f6c   0x08009f6c   0x000000a4   Code   RO         4633    i.xTaskPriorityDisinherit  tasks.o
    0x0800a010   0x0800a010   0x00000098   Code   RO         4635    i.xTaskRemoveFromEventList  tasks.o
    0x0800a0a8   0x0800a0a8   0x00000104   Code   RO         4636    i.xTaskResumeAll    tasks.o
    0x0800a1ac   0x0800a1ac   0x00000078   Code   RO         4957    i.xTimerCreateTimerTask  timers.o
    0x0800a224   0x0800a224   0x00000084   Code   RO         4958    i.xTimerGenericCommand  timers.o
    0x0800a2a8   0x0800a2a8   0x00000090   Data   RO          253    .constdata          freertos.o
    0x0800a338   0x0800a338   0x00000012   Data   RO         1187    .constdata          stm32f1xx_hal_rcc.o
    0x0800a34a   0x0800a34a   0x00000012   Data   RO         1283    .constdata          stm32f1xx_hal_rcc_ex.o
    0x0800a35c   0x0800a35c   0x00000018   Data   RO         3365    .constdata          system_stm32f1xx.o
    0x0800a374   0x0800a374   0x00000690   Data   RO         3419    .constdata          oled.o
    0x0800aa04   0x0800aa04   0x00000050   Data   RO         5720    .constdata          inv_mpu.o
    0x0800aa54   0x0800aa54   0x00000bf6   Data   RO         6041    .constdata          inv_mpu_dmp_motion_driver.o
    0x0800b64a   0x0800b64a   0x00000006   PAD
    0x0800b650   0x0800b650   0x00000050   Data   RO         6205    .constdata          m_ws.l(asin.o)
    0x0800b6a0   0x0800b6a0   0x00000098   Data   RO         6528    .constdata          m_ws.l(atan.o)
    0x0800b738   0x0800b738   0x00000008   Data   RO         6554    .constdata          m_ws.l(qnan.o)
    0x0800b740   0x0800b740   0x00000031   Data   RO          254    .conststring        freertos.o
    0x0800b771   0x0800b771   0x00000003   PAD
    0x0800b774   0x0800b774   0x00000020   Data   RO         6612    Region$$Table       anon$$obj.o


    Execution Region RW_IRAM1 (Exec base: 0x20000000, Load base: 0x0800b794, Size: 0x00004148, Max: 0x00005000, ABSOLUTE, COMPRESSED[0x00000040])

    Exec Addr    Load Addr    Size         Type   Attr      Idx    E Section Name        Object

    0x20000000   COMPRESSED   0x00000010   Data   RW          255    .data               freertos.o
    0x20000010   COMPRESSED   0x00000008   Data   RW          547    .data               stm32f1xx_it.o
    0x20000018   COMPRESSED   0x00000009   Data   RW         1023    .data               stm32f1xx_hal.o
    0x20000021   COMPRESSED   0x00000003   PAD
    0x20000024   COMPRESSED   0x00000004   Data   RW         3366    .data               system_stm32f1xx.o
    0x20000028   COMPRESSED   0x00000031   Data   RW         3546    .data               cartask.o
    0x20000059   COMPRESSED   0x00000003   PAD
    0x2000005c   COMPRESSED   0x00000040   Data   RW         3616    .data               control.o
    0x2000009c   COMPRESSED   0x00000004   Data   RW         3693    .data               car_system.o
    0x200000a0   COMPRESSED   0x00000001   Data   RW         3738    .data               delay.o
    0x200000a1   COMPRESSED   0x00000003   PAD
    0x200000a4   COMPRESSED   0x0000003c   Data   RW         4639    .data               tasks.o
    0x200000e0   COMPRESSED   0x00000014   Data   RW         4966    .data               timers.o
    0x200000f4   COMPRESSED   0x00000004   Data   RW         5174    .data               cmsis_os2.o
    0x200000f8   COMPRESSED   0x00000018   Data   RW         5549    .data               heap_4.o
    0x20000110   COMPRESSED   0x0000000c   Data   RW         5600    .data               port.o
    0x2000011c   COMPRESSED   0x00000035   Data   RW         5721    .data               inv_mpu.o
    0x20000151   COMPRESSED   0x00000003   PAD
    0x20000154   COMPRESSED   0x00000004   Data   RW         6579    .data               mc_w.l(stdout.o)
    0x20000158   COMPRESSED   0x00000004   Data   RW         6591    .data               mc_w.l(errno.o)
    0x2000015c        -       0x00000020   Zero   RW           16    .bss                main.o
    0x2000017c        -       0x00000030   Zero   RW          322    .bss                adc.o
    0x200001ac        -       0x00000120   Zero   RW          396    .bss                tim.o
    0x200002cc        -       0x0000015c   Zero   RW          480    .bss                usart.o
    0x20000428        -       0x00000030   Zero   RW         3545    .bss                cartask.o
    0x20000458        -       0x0000040c   Zero   RW         3970    .bss                valuepack.o
    0x20000864        -       0x00000040   Zero   RW         4212    .bss                queue.o
    0x200008a4        -       0x000004c4   Zero   RW         4638    .bss                tasks.o
    0x20000d68        -       0x00000118   Zero   RW         4965    .bss                timers.o
    0x20000e80        -       0x000006b8   Zero   RW         5173    .bss                cmsis_os2.o
    0x20001538        -       0x00002800   Zero   RW         5548    .bss                heap_4.o
    0x20003d38        -       0x00000010   Zero   RW         6040    .bss                inv_mpu_dmp_motion_driver.o
    0x20003d48        -       0x00000400   Zero   RW            1    STACK               startup_stm32f103xe.o


==============================================================================

Image component sizes


      Code (inc. data)   RO Data    RW Data    ZI Data      Debug   Object Name

       200         22          0          0         48       1529   adc.o
       860          8          0          0          0       8410   atk_ms6050.o
       726         44          0          0          0       5174   atk_ms6050_iic.o
       344         44          0          4          0        691   car_system.o
       296         50          0         49         48       2625   cartask.o
       474         38          0          4       1720      14570   cmsis_os2.o
       766         80          0         64          0       6946   control.o
       116          8          0          1          0       1671   delay.o
        84          4          0          0          0        698   dma.o
         0          0          0          0          0      18548   event_groups.o
       364        182        193         16          0       7451   freertos.o
       332         24          0          0          0        971   gpio.o
       692         62          0         24      10240       4479   heap_4.o
      6754        214         80         53          0      30840   inv_mpu.o
      3100        124       3062          0         16      20074   inv_mpu_dmp_motion_driver.o
       148          0          0          0          0       3226   list.o
       298         30          0          0         32     459600   main.o
       858         28       1680          0          0       7969   oled.o
       854         78          0         12          0      10545   port.o
      1914         20          0          0         64      16256   queue.o
        36          8        304          0       1024        980   startup_stm32f103xe.o
       192         36          0          9          0       5649   stm32f1xx_hal.o
       912         34          0          0          0       3757   stm32f1xx_hal_adc.o
       284          6          0          0          0       1402   stm32f1xx_hal_adc_ex.o
       344         22          0          0          0      29745   stm32f1xx_hal_cortex.o
       978         12          0          0          0       4650   stm32f1xx_hal_dma.o
       856         38          0          0          0       3762   stm32f1xx_hal_gpio.o
        96         10          0          0          0        834   stm32f1xx_hal_msp.o
      1748         98         18          0          0       5720   stm32f1xx_hal_rcc.o
       556         34         18          0          0       2281   stm32f1xx_hal_rcc_ex.o
      2584         60          0          0          0      16912   stm32f1xx_hal_tim.o
       136         14          0          0          0       2305   stm32f1xx_hal_tim_ex.o
      2450         34          0          0          0      15904   stm32f1xx_hal_uart.o
       348         84          0          8          0       8865   stm32f1xx_it.o
         0          0          0          0          0       8856   stream_buffer.o
         2          0         24          4          0       1023   system_stm32f1xx.o
      3228        396          0         60       1220      25207   tasks.o
       956         84          0          0        288       5227   tim.o
      1238        124          0         20        280      26095   timers.o
       596         60          0          0        348       2952   usart.o
         0          0          0          0       1036       2303   valuepack.o

    ----------------------------------------------------------------------
     36758       2214       5420        340      16364     796702   Object Totals
         0          0         32          0          0          0   (incl. Generated)
        38          0          9         12          0          0   (incl. Padding)

    ----------------------------------------------------------------------

      Code (inc. data)   RO Data    RW Data    ZI Data      Debug   Library Member Name

       624         52         80          0          0        168   asin.o
       544         70        152          0          0        124   atan.o
       412         38          0          0          0        144   atan2.o
        38          6          0          0          0        272   dunder.o
        40          0          0          0          0         68   fpclassify.o
       170          0          0          0          0         96   poly.o
         0          0          8          0          0          0   qnan.o
        76          0          0          0          0         84   sqrt.o
        86          0          0          0          0          0   __dczerorl2.o
         0          0          0          0          0          0   entry.o
         0          0          0          0          0          0   entry10a.o
         0          0          0          0          0          0   entry11a.o
         4          0          0          0          0          0   entry12b.o
         8          4          0          0          0          0   entry2.o
         4          0          0          0          0          0   entry5.o
         0          0          0          0          0          0   entry7b.o
         0          0          0          0          0          0   entry8b.o
         8          4          0          0          0          0   entry9a.o
        12          6          0          4          0         68   errno.o
        30          0          0          0          0          0   handlers.o
        36          8          0          0          0         68   init.o
         0          0          0          0          0          0   iusefp.o
        98          0          0          0          0         84   ldiv.o
        30          0          0          0          0         68   llshl.o
        36          0          0          0          0         68   llsshr.o
        32          0          0          0          0         68   llushr.o
        26          0          0          0          0         80   memcmp.o
        36          0          0          0          0         68   memcpya.o
        36          0          0          0          0        108   memseta.o
        50          8          0          0          0        152   printfb.o
         0          0          0          4          0          0   stdout.o
        98          0          0          0          0         92   uldiv.o
        48          0          0          0          0         68   cdcmple.o
        48          0          0          0          0         68   cdrcmple.o
        20          0          0          0          0         68   cfcmple.o
        20          0          0          0          0         68   cfrcmple.o
        56          0          0          0          0         88   d2f.o
       334          0          0          0          0        148   dadd.o
       222          0          0          0          0        100   ddiv.o
       186          0          0          0          0        176   depilogue.o
       228          0          0          0          0         96   dmul.o
        46          0          0          0          0         80   dscalb.o
       162          0          0          0          0        100   dsqrt.o
        38          0          0          0          0         68   f2d.o
       176          0          0          0          0        140   fadd.o
       124          0          0          0          0         88   fdiv.o
       110          0          0          0          0        168   fepilogue.o
        50          0          0          0          0         68   ffixi.o
        40          0          0          0          0         68   ffixui.o
        18          0          0          0          0         68   fflti.o
        10          0          0          0          0         68   ffltui.o
       100          0          0          0          0         76   fmul.o

    ----------------------------------------------------------------------
      4578        196        240          8          0       3752   Library Totals
         8          0          0          0          0          0   (incl. Padding)

    ----------------------------------------------------------------------

      Code (inc. data)   RO Data    RW Data    ZI Data      Debug   Library Name

      1904        166        240          0          0        956   m_ws.l
       630         30          0          8          0        924   mc_w.l
      2036          0          0          0          0       1872   mf_w.l

    ----------------------------------------------------------------------
      4578        196        240          8          0       3752   Library Totals

    ----------------------------------------------------------------------

==============================================================================


      Code (inc. data)   RO Data    RW Data    ZI Data      Debug   

     41336       2410       5660        348      16364     782694   Grand Totals
     41336       2410       5660         64      16364     782694   ELF Image Totals (compressed)
     41336       2410       5660         64          0          0   ROM Totals

==============================================================================

    Total RO  Size (Code + RO Data)                46996 (  45.89kB)
    Total RW  Size (RW Data + ZI Data)             16712 (  16.32kB)
    Total ROM Size (Code + RO Data + RW Data)      47060 (  45.96kB)

==============================================================================

