<html>
<body>
<pre>
<h1>µVision Build Log</h1>
<h2>Tool Versions:</h2>
IDE-Version: ¦ÌVision V5.36.0.0
Copyright (C) 2021 ARM Ltd and ARM Germany GmbH. All rights reserved.
License Information: yo hey, hddd, LIC=YA39H-WFUHN-30KNC-77RG4-NU0XC-204JA
 
Tool Versions:
Toolchain:       MDK-ARM Plus  Version: 5.36.0.0
Toolchain Path:  F:\Keil\ARM\ARMCC\Bin
C Compiler:      Armcc.exe V5.06 update 7 (build 960)
Assembler:       Armasm.exe V5.06 update 7 (build 960)
Linker/Locator:  ArmLink.exe V5.06 update 7 (build 960)
Library Manager: ArmAr.exe V5.06 update 7 (build 960)
Hex Converter:   FromElf.exe V5.06 update 7 (build 960)
CPU DLL:         SARMCM3.DLL V5.36.0.0
Dialog DLL:      DCM.DLL V1.17.3.0
Target DLL:      STLink\ST-LINKIII-KEIL_SWO.dll V3.0.9.0
Dialog DLL:      TCM.DLL V1.53.0.0
 
<h2>Project:</h2>
D:\Desktop\Code\MyCar\MDK-ARM\MyCar.uvprojx
Project File Date:  12/23/2023

<h2>Output:</h2>
*** Using Compiler 'V5.06 update 7 (build 960)', folder: 'F:\Keil\ARM\ARMCC\Bin'
Build target 'MyCar'
compiling dma.c...
compiling usart.c...
compiling adc.c...
compiling tim.c...
compiling gpio.c...
compiling freertos.c...
../Core/Src/freertos.c(198): warning:  #223-D: function "atk_ms6050_init" declared implicitly
  	ret = atk_ms6050_init();
../Core/Src/freertos.c(203): warning:  #223-D: function "atk_ms6050_dmp_init" declared implicitly
  	ret = atk_ms6050_dmp_init();
../Core/Src/freertos.c(228): warning:  #177-D: variable "rx"  was declared but never referenced
  	RxPack rx;
../Core/Src/freertos.c(229): warning:  #177-D: variable "tx"  was declared but never referenced
  	TxPack tx;
../Core/Src/freertos.c: 4 warnings, 0 errors
compiling main.c...
compiling stm32f1xx_hal_msp.c...
compiling stm32f1xx_hal_adc.c...
compiling stm32f1xx_hal.c...
compiling stm32f1xx_hal_gpio_ex.c...
compiling stm32f1xx_hal_adc_ex.c...
compiling stm32f1xx_it.c...
compiling stm32f1xx_hal_rcc.c...
compiling stm32f1xx_hal_cortex.c...
compiling stm32f1xx_hal_rcc_ex.c...
compiling stm32f1xx_hal_flash.c...
compiling stm32f1xx_hal_dma.c...
compiling stm32f1xx_hal_gpio.c...
compiling stm32f1xx_hal_flash_ex.c...
compiling stm32f1xx_hal_pwr.c...
compiling system_stm32f1xx.c...
compiling stm32f1xx_hal_exti.c...
compiling oled.c...
..\Device\oled\oled.c(5): warning:  #47-D: incompatible redefinition of macro "SCL_Pin"  (declared at line 93 of "../Core/Inc/main.h")
  #define SCL_Pin GPIO_PIN_12
..\Device\oled\oled.c(6): warning:  #47-D: incompatible redefinition of macro "SCL_GPIO_Port"  (declared at line 94 of "../Core/Inc/main.h")
  #define SCL_GPIO_Port GPIOA
..\Device\oled\oled.c(7): warning:  #47-D: incompatible redefinition of macro "SDA_Pin"  (declared at line 95 of "../Core/Inc/main.h")
  #define SDA_Pin GPIO_PIN_11
..\Device\oled\oled.c(8): warning:  #47-D: incompatible redefinition of macro "SDA_GPIO_Port"  (declared at line 96 of "../Core/Inc/main.h")
  #define SDA_GPIO_Port GPIOA
..\Device\oled\oled.c: 4 warnings, 0 errors
compiling cartask.c...
..\Device\cartask\cartask.c(57): warning:  #177-D: function "demo_niming_report_status"  was declared but never referenced
  static void demo_niming_report_status(int16_t rol, int16_t pit, int16_t yaw, uint32_t alt, uint8_t fly_mode, uint8_t armed)
..\Device\cartask\cartask.c(83): warning:  #177-D: function "demo_niming_report_senser"  was declared but never referenced
  static void demo_niming_report_senser(  int16_t  acc_x, int16_t  acc_y, int16_t  acc_z,
..\Device\cartask\cartask.c: 2 warnings, 0 errors
compiling stm32f1xx_hal_tim_ex.c...
compiling stm32f1xx_hal_uart.c...
compiling stm32f1xx_hal_tim.c...
compiling croutine.c...
compiling event_groups.c...
compiling list.c...
compiling queue.c...
compiling stream_buffer.c...
compiling tasks.c...
compiling atk_ms6050_iic.c...
compiling delay.c...
compiling control.c...
..\Device\control.c(8): warning:  #47-D: incompatible redefinition of macro "Mechanical_balance"  (declared at line 9 of "..\Device\control.h")
  #define Mechanical_balance 0.1
..\Device\control.c: 1 warning, 0 errors
compiling valuepack.c...
compiling car_system.c...
..\Device\car_system.c(46): warning:  #550-D: variable "voltage"  was set but never used
  	int voltage;
..\Device\car_system.c(121): warning:  #223-D: function "abs" declared implicitly
  		OLED_ShowNum(1,4,abs(Encoder_left),4);
..\Device\car_system.c(126): warning:  #1-D: last line of file ends without a newline
  }
..\Device\car_system.c: 3 warnings, 0 errors
compiling atk_ms6050.c...
compiling heap_4.c...
compiling timers.c...
compiling port.c...
compiling cmsis_os2.c...
compiling inv_mpu_dmp_motion_driver.c...
compiling inv_mpu.c...
linking...
Program Size: Code=41336 RO-data=5660 RW-data=348 ZI-data=16364  
FromELF: creating hex file...
"MyCar\MyCar.axf" - 0 Error(s), 14 Warning(s).

<h2>Software Packages used:</h2>

Package Vendor: ARM
                http://www.keil.com/pack/ARM.CMSIS.5.8.0.pack
                ARM.CMSIS.5.8.0
                CMSIS (Common Microcontroller Software Interface Standard)
   * Component: CORE Version: 5.5.0

Package Vendor: Keil
                https://www.keil.com/pack/Keil.STM32F1xx_DFP.2.4.1.pack
                Keil.STM32F1xx_DFP.2.4.1
                STMicroelectronics STM32F1 Series Device Support, Drivers and Examples

<h2>Collection of Component include folders:</h2>
  .\RTE\_MyCar
  F:\Keil\Pack\ARM\CMSIS\5.8.0\CMSIS\Core\Include
  F:\Keil\Pack\Keil\STM32F1xx_DFP\2.4.1\Device\Include

<h2>Collection of Component Files used:</h2>

   * Component: ARM::CMSIS:CORE:5.5.0
      Include file:  CMSIS\Core\Include\tz_context.h
Build Time Elapsed:  00:00:19
</pre>
</body>
</html>
