Component: ARM Compiler 5.06 update 7 (build 960) Tool: armlink [4d3601]

==============================================================================

Section Cross References

    startup_stm32f103xe.o(RESET) refers to startup_stm32f103xe.o(STACK) for __initial_sp
    startup_stm32f103xe.o(RESET) refers to startup_stm32f103xe.o(.text) for Reset_Handler
    startup_stm32f103xe.o(RESET) refers to stm32f1xx_it.o(i.NMI_Handler) for NMI_Handler
    startup_stm32f103xe.o(RESET) refers to stm32f1xx_it.o(i.HardFault_Handler) for HardFault_Handler
    startup_stm32f103xe.o(RESET) refers to stm32f1xx_it.o(i.MemManage_Handler) for MemManage_Handler
    startup_stm32f103xe.o(RESET) refers to stm32f1xx_it.o(i.BusFault_Handler) for BusFault_Handler
    startup_stm32f103xe.o(RESET) refers to stm32f1xx_it.o(i.UsageFault_Handler) for UsageFault_Handler
    startup_stm32f103xe.o(RESET) refers to port.o(.emb_text) for SVC_Handler
    startup_stm32f103xe.o(RESET) refers to stm32f1xx_it.o(i.DebugMon_Handler) for DebugMon_Handler
    startup_stm32f103xe.o(RESET) refers to stm32f1xx_it.o(i.SysTick_Handler) for SysTick_Handler
    startup_stm32f103xe.o(RESET) refers to stm32f1xx_it.o(i.EXTI1_IRQHandler) for EXTI1_IRQHandler
    startup_stm32f103xe.o(RESET) refers to stm32f1xx_it.o(i.EXTI3_IRQHandler) for EXTI3_IRQHandler
    startup_stm32f103xe.o(RESET) refers to stm32f1xx_it.o(i.EXTI4_IRQHandler) for EXTI4_IRQHandler
    startup_stm32f103xe.o(RESET) refers to stm32f1xx_it.o(i.DMA1_Channel6_IRQHandler) for DMA1_Channel6_IRQHandler
    startup_stm32f103xe.o(RESET) refers to stm32f1xx_it.o(i.DMA1_Channel7_IRQHandler) for DMA1_Channel7_IRQHandler
    startup_stm32f103xe.o(RESET) refers to stm32f1xx_it.o(i.TIM1_UP_IRQHandler) for TIM1_UP_IRQHandler
    startup_stm32f103xe.o(RESET) refers to stm32f1xx_it.o(i.TIM3_IRQHandler) for TIM3_IRQHandler
    startup_stm32f103xe.o(RESET) refers to stm32f1xx_it.o(i.TIM4_IRQHandler) for TIM4_IRQHandler
    startup_stm32f103xe.o(RESET) refers to stm32f1xx_it.o(i.USART2_IRQHandler) for USART2_IRQHandler
    startup_stm32f103xe.o(.text) refers to system_stm32f1xx.o(i.SystemInit) for SystemInit
    startup_stm32f103xe.o(.text) refers to entry.o(.ARM.Collect$$$$00000000) for __main
    main.o(i.SystemClock_Config) refers to memseta.o(.text) for __aeabi_memclr4
    main.o(i.SystemClock_Config) refers to stm32f1xx_hal_rcc.o(i.HAL_RCC_OscConfig) for HAL_RCC_OscConfig
    main.o(i.SystemClock_Config) refers to main.o(i.Error_Handler) for Error_Handler
    main.o(i.SystemClock_Config) refers to stm32f1xx_hal_rcc.o(i.HAL_RCC_ClockConfig) for HAL_RCC_ClockConfig
    main.o(i.SystemClock_Config) refers to stm32f1xx_hal_rcc_ex.o(i.HAL_RCCEx_PeriphCLKConfig) for HAL_RCCEx_PeriphCLKConfig
    main.o(i.main) refers to stm32f1xx_hal.o(i.HAL_Init) for HAL_Init
    main.o(i.main) refers to main.o(i.SystemClock_Config) for SystemClock_Config
    main.o(i.main) refers to gpio.o(i.MX_GPIO_Init) for MX_GPIO_Init
    main.o(i.main) refers to adc.o(i.MX_ADC1_Init) for MX_ADC1_Init
    main.o(i.main) refers to dma.o(i.MX_DMA_Init) for MX_DMA_Init
    main.o(i.main) refers to tim.o(i.MX_TIM1_Init) for MX_TIM1_Init
    main.o(i.main) refers to tim.o(i.MX_TIM2_Init) for MX_TIM2_Init
    main.o(i.main) refers to tim.o(i.MX_TIM3_Init) for MX_TIM3_Init
    main.o(i.main) refers to tim.o(i.MX_TIM4_Init) for MX_TIM4_Init
    main.o(i.main) refers to usart.o(i.MX_USART1_UART_Init) for MX_USART1_UART_Init
    main.o(i.main) refers to usart.o(i.MX_USART2_UART_Init) for MX_USART2_UART_Init
    main.o(i.main) refers to stm32f1xx_hal_adc_ex.o(i.HAL_ADCEx_Calibration_Start) for HAL_ADCEx_Calibration_Start
    main.o(i.main) refers to stm32f1xx_hal_tim.o(i.HAL_TIM_PWM_Start) for HAL_TIM_PWM_Start
    main.o(i.main) refers to stm32f1xx_hal_tim.o(i.HAL_TIM_Encoder_Start) for HAL_TIM_Encoder_Start
    main.o(i.main) refers to stm32f1xx_hal_uart.o(i.HAL_UART_Receive_DMA) for HAL_UART_Receive_DMA
    main.o(i.main) refers to stm32f1xx_hal.o(i.HAL_Delay) for HAL_Delay
    main.o(i.main) refers to delay.o(i.delay_init) for delay_init
    main.o(i.main) refers to memcpya.o(.text) for __aeabi_memcpy4
    main.o(i.main) refers to freertos.o(i.MX_FREERTOS_Init) for MX_FREERTOS_Init
    main.o(i.main) refers to cmsis_os.o(i.osKernelStart) for osKernelStart
    main.o(i.main) refers to adc.o(.bss) for hadc1
    main.o(i.main) refers to tim.o(.bss) for htim2
    main.o(i.main) refers to valuepack.o(.bss) for vp_rxbuff
    main.o(i.main) refers to usart.o(.bss) for huart2
    gpio.o(i.MX_GPIO_Init) refers to stm32f1xx_hal_gpio.o(i.HAL_GPIO_WritePin) for HAL_GPIO_WritePin
    gpio.o(i.MX_GPIO_Init) refers to stm32f1xx_hal_gpio.o(i.HAL_GPIO_Init) for HAL_GPIO_Init
    gpio.o(i.MX_GPIO_Init) refers to stm32f1xx_hal_cortex.o(i.HAL_NVIC_SetPriority) for HAL_NVIC_SetPriority
    gpio.o(i.MX_GPIO_Init) refers to stm32f1xx_hal_cortex.o(i.HAL_NVIC_EnableIRQ) for HAL_NVIC_EnableIRQ
[...]
    __aeabi_memset                           0x080002ab   Thumb Code    14  memseta.o(.text)
    __aeabi_memset4                          0x080002ab   Thumb Code     0  memseta.o(.text)
    __aeabi_memset8                          0x080002ab   Thumb Code     0  memseta.o(.text)
    __aeabi_memclr                           0x080002b9   Thumb Code     4  memseta.o(.text)
    __aeabi_memclr4                          0x080002b9   Thumb Code     0  memseta.o(.text)
    __aeabi_memclr8                          0x080002b9   Thumb Code     0  memseta.o(.text)
    memset                                   0x080002bd   Thumb Code    18  memseta.o(.text)
    memcmp                                   0x080002cf   Thumb Code    26  memcmp.o(.text)
    __aeabi_fadd                             0x080002e9   Thumb Code   164  fadd.o(.text)
    __aeabi_fsub                             0x0800038d   Thumb Code     6  fadd.o(.text)
    __aeabi_frsub                            0x08000393   Thumb Code     6  fadd.o(.text)
    __aeabi_fmul                             0x08000399   Thumb Code   100  fmul.o(.text)
    __aeabi_fdiv                             0x080003fd   Thumb Code   124  fdiv.o(.text)
    __aeabi_dadd                             0x08000479   Thumb Code   322  dadd.o(.text)
    __aeabi_dsub                             0x080005bb   Thumb Code     6  dadd.o(.text)
    __aeabi_drsub                            0x080005c1   Thumb Code     6  dadd.o(.text)
    __aeabi_dmul                             0x080005c7   Thumb Code   228  dmul.o(.text)
    __aeabi_i2f                              0x080006ab   Thumb Code    18  fflti.o(.text)
    __aeabi_ui2f                             0x080006bd   Thumb Code    10  ffltui.o(.text)
    __aeabi_ui2d                             0x080006c7   Thumb Code    26  dfltui.o(.text)
    __aeabi_f2iz                             0x080006e1   Thumb Code    50  ffixi.o(.text)
    __aeabi_f2uiz                            0x08000713   Thumb Code    40  ffixui.o(.text)
    __aeabi_d2iz                             0x0800073b   Thumb Code    62  dfixi.o(.text)
    __aeabi_f2d                              0x08000779   Thumb Code    38  f2d.o(.text)
    __aeabi_cdcmpeq                          0x080007a1   Thumb Code     0  cdcmple.o(.text)
    __aeabi_cdcmple                          0x080007a1   Thumb Code    48  cdcmple.o(.text)
    __aeabi_cdrcmple                         0x080007d1   Thumb Code    48  cdrcmple.o(.text)
    __aeabi_d2f                              0x08000801   Thumb Code    56  d2f.o(.text)
    __aeabi_cfcmpeq                          0x08000839   Thumb Code     0  cfcmple.o(.text)
    __aeabi_cfcmple                          0x08000839   Thumb Code    20  cfcmple.o(.text)
    __aeabi_cfrcmple                         0x0800084d   Thumb Code    20  cfrcmple.o(.text)
    __aeabi_uidiv                            0x08000861   Thumb Code     0  uidiv.o(.text)
    __aeabi_uidivmod                         0x08000861   Thumb Code    44  uidiv.o(.text)
    __aeabi_uldivmod                         0x0800088d   Thumb Code    98  uldiv.o(.text)
    __aeabi_llsl                             0x080008ef   Thumb Code    30  llshl.o(.text)
    _ll_shift_l                              0x080008ef   Thumb Code     0  llshl.o(.text)
    __aeabi_lasr                             0x0800090d   Thumb Code    36  llsshr.o(.text)
    _ll_sshift_r                             0x0800090d   Thumb Code     0  llsshr.o(.text)
    __I$use$fp                               0x08000931   Thumb Code     0  iusefp.o(.text)
    _float_round                             0x08000931   Thumb Code    18  fepilogue.o(.text)
    _float_epilogue                          0x08000943   Thumb Code    92  fepilogue.o(.text)
    _double_round                            0x0800099f   Thumb Code    30  depilogue.o(.text)
    _double_epilogue                         0x080009bd   Thumb Code   156  depilogue.o(.text)
    __aeabi_ddiv                             0x08000a59   Thumb Code   222  ddiv.o(.text)
    __ARM_scalbn                             0x08000b37   Thumb Code    46  dscalb.o(.text)
    scalbn                                   0x08000b37   Thumb Code     0  dscalb.o(.text)
    __scatterload                            0x08000b65   Thumb Code    28  init.o(.text)
    __scatterload_rt2                        0x08000b65   Thumb Code     0  init.o(.text)
    _dsqrt                                   0x08000b89   Thumb Code   162  dsqrt.o(.text)
    __decompress                             0x08000c2b   Thumb Code     0  __dczerorl.o(.text)
    __decompress0                            0x08000c2b   Thumb Code    58  __dczerorl.o(.text)
    ADC_ConversionStop_Disable               0x08000c65   Thumb Code    92  stm32f1xx_hal_adc.o(i.ADC_ConversionStop_Disable)
    ADC_Enable                               0x08000cc1   Thumb Code   134  stm32f1xx_hal_adc.o(i.ADC_Enable)
    BusFault_Handler                         0x08000d51   Thumb Code     4  stm32f1xx_it.o(i.BusFault_Handler)
    Car_Task_IMU                             0x08000d55   Thumb Code    76  cartask.o(i.Car_Task_IMU)
    Car_Task_Motor                           0x08000da9   Thumb Code   462  cartask.o(i.Car_Task_Motor)
    Car_Task_System                          0x08000fed   Thumb Code     8  cartask.o(i.Car_Task_System)
    DMA1_Channel6_IRQHandler                 0x08000ff5   Thumb Code    10  stm32f1xx_it.o(i.DMA1_Channel6_IRQHandler)
    DMA1_Channel7_IRQHandler                 0x08001005   Thumb Code    10  stm32f1xx_it.o(i.DMA1_Channel7_IRQHandler)
    DebugMon_Handler                         0x08001041   Thumb Code     2  stm32f1xx_it.o(i.DebugMon_Handler)
    EXTI1_IRQHandler                         0x08001043   Thumb Code    10  stm32f1xx_it.o(i.EXTI1_IRQHandler)
    EXTI3_IRQHandler                         0x0800104d   Thumb Code    10  stm32f1xx_it.o(i.EXTI3_IRQHandler)
    EXTI4_IRQHandler                         0x08001057   Thumb Code    10  stm32f1xx_it.o(i.EXTI4_IRQHandler)
    Error_Handler                            0x08001061   Thumb Code     6  main.o(i.Error_Handler)
    HAL_ADCEx_Calibration_Start              0x08001069   Thumb Code   278  stm32f1xx_hal_adc_ex.o(i.HAL_ADCEx_Calibration_Start)
    HAL_ADC_ConfigChannel                    0x08001185   Thumb Code   338  stm32f1xx_hal_adc.o(i.HAL_ADC_ConfigChannel)
    HAL_ADC_Init                             0x080012e5   Thumb Code   314  stm32f1xx_hal_adc.o(i.HAL_ADC_Init)
    HAL_ADC_MspInit                          0x08001429   Thumb Code    98  adc.o(i.HAL_ADC_MspInit)
    HAL_DMA_Abort                            0x08001499   Thumb Code    86  stm32f1xx_hal_dma.o(i.HAL_DMA_Abort)
    HAL_DMA_Abort_IT                         0x080014f1   Thumb Code   172  stm32f1xx_hal_dma.o(i.HAL_DMA_Abort_IT)
    HAL_DMA_IRQHandler                       0x080015a1   Thumb Code   408  stm32f1xx_hal_dma.o(i.HAL_DMA_IRQHandler)
    HAL_DMA_Init                             0x0800173d   Thumb Code   100  stm32f1xx_hal_dma.o(i.HAL_DMA_Init)
    HAL_DMA_Start_IT                         0x080017a5   Thumb Code   156  stm32f1xx_hal_dma.o(i.HAL_DMA_Start_IT)
    HAL_Delay                                0x08001841   Thumb Code    36  stm32f1xx_hal.o(i.HAL_Delay)
    HAL_GPIO_EXTI_Callback                   0x08001869   Thumb Code   152  stm32f1xx_it.o(i.HAL_GPIO_EXTI_Callback)
    HAL_GPIO_EXTI_IRQHandler                 0x0800191d   Thumb Code    24  stm32f1xx_hal_gpio.o(i.HAL_GPIO_EXTI_IRQHandler)
    HAL_GPIO_Init                            0x08001939   Thumb Code   766  stm32f1xx_hal_gpio.o(i.HAL_GPIO_Init)
    HAL_GPIO_ReadPin                         0x08001c59   Thumb Code    16  stm32f1xx_hal_gpio.o(i.HAL_GPIO_ReadPin)
    HAL_GPIO_WritePin                        0x08001c69   Thumb Code    12  stm32f1xx_hal_gpio.o(i.HAL_GPIO_WritePin)
    HAL_GetTick                              0x08001c75   Thumb Code     6  stm32f1xx_hal.o(i.HAL_GetTick)
    HAL_IncTick                              0x08001c81   Thumb Code    16  stm32f1xx_hal.o(i.HAL_IncTick)
    HAL_Init                                 0x08001c99   Thumb Code    34  stm32f1xx_hal.o(i.HAL_Init)
    HAL_InitTick                             0x08001cc1   Thumb Code    64  stm32f1xx_hal.o(i.HAL_InitTick)
    HAL_MspInit                              0x08001d0d   Thumb Code    86  stm32f1xx_hal_msp.o(i.HAL_MspInit)
    HAL_NVIC_EnableIRQ                       0x08001d6d   Thumb Code    32  stm32f1xx_hal_cortex.o(i.HAL_NVIC_EnableIRQ)
    HAL_NVIC_SetPriority                     0x08001d8d   Thumb Code   124  stm32f1xx_hal_cortex.o(i.HAL_NVIC_SetPriority)
    HAL_NVIC_SetPriorityGrouping             0x08001e09   Thumb Code    32  stm32f1xx_hal_cortex.o(i.HAL_NVIC_SetPriorityGrouping)
    HAL_RCCEx_GetPeriphCLKFreq               0x08001e31   Thumb Code   232  stm32f1xx_hal_rcc_ex.o(i.HAL_RCCEx_GetPeriphCLKFreq)
    HAL_RCCEx_PeriphCLKConfig                0x08001f2d   Thumb Code   290  stm32f1xx_hal_rcc_ex.o(i.HAL_RCCEx_PeriphCLKConfig)
    HAL_RCC_ClockConfig                      0x0800205d   Thumb Code   376  stm32f1xx_hal_rcc.o(i.HAL_RCC_ClockConfig)
    HAL_RCC_GetHCLKFreq                      0x080021e9   Thumb Code     6  stm32f1xx_hal_rcc.o(i.HAL_RCC_GetHCLKFreq)
    HAL_RCC_GetPCLK1Freq                     0x080021f5   Thumb Code    22  stm32f1xx_hal_rcc.o(i.HAL_RCC_GetPCLK1Freq)
    HAL_RCC_GetPCLK2Freq                     0x08002215   Thumb Code    22  stm32f1xx_hal_rcc.o(i.HAL_RCC_GetPCLK2Freq)
    HAL_RCC_GetSysClockFreq                  0x08002235   Thumb Code    92  stm32f1xx_hal_rcc.o(i.HAL_RCC_GetSysClockFreq)
    HAL_RCC_OscConfig                        0x080022a5   Thumb Code  1114  stm32f1xx_hal_rcc.o(i.HAL_RCC_OscConfig)
    HAL_SYSTICK_CLKSourceConfig              0x08002709   Thumb Code    40  stm32f1xx_hal_cortex.o(i.HAL_SYSTICK_CLKSourceConfig)
    HAL_SYSTICK_Config                       0x08002731   Thumb Code    52  stm32f1xx_hal_cortex.o(i.HAL_SYSTICK_Config)
    HAL_TIMEx_BreakCallback                  0x08002765   Thumb Code     2  stm32f1xx_hal_tim_ex.o(i.HAL_TIMEx_BreakCallback)
    HAL_TIMEx_CommutCallback                 0x08002767   Thumb Code     2  stm32f1xx_hal_tim_ex.o(i.HAL_TIMEx_CommutCallback)
    HAL_TIMEx_MasterConfigSynchronization    0x08002769   Thumb Code   118  stm32f1xx_hal_tim_ex.o(i.HAL_TIMEx_MasterConfigSynchronization)
    HAL_TIM_Base_Init                        0x080027ed   Thumb Code   102  stm32f1xx_hal_tim.o(i.HAL_TIM_Base_Init)
    HAL_TIM_Base_MspInit                     0x08002855   Thumb Code    58  tim.o(i.HAL_TIM_Base_MspInit)
    HAL_TIM_Base_Start_IT                    0x08002899   Thumb Code   106  stm32f1xx_hal_tim.o(i.HAL_TIM_Base_Start_IT)
    HAL_TIM_Base_Stop_IT                     0x08002911   Thumb Code    62  stm32f1xx_hal_tim.o(i.HAL_TIM_Base_Stop_IT)
    HAL_TIM_ConfigClockSource                0x0800294f   Thumb Code   268  stm32f1xx_hal_tim.o(i.HAL_TIM_ConfigClockSource)
    HAL_TIM_Encoder_Init                     0x08002a5b   Thumb Code   196  stm32f1xx_hal_tim.o(i.HAL_TIM_Encoder_Init)
    HAL_TIM_Encoder_MspInit                  0x08002b21   Thumb Code   214  tim.o(i.HAL_TIM_Encoder_MspInit)
    HAL_TIM_Encoder_Start                    0x08002c0d   Thumb Code   204  stm32f1xx_hal_tim.o(i.HAL_TIM_Encoder_Start)
    HAL_TIM_IC_CaptureCallback               0x08002cd9   Thumb Code     2  stm32f1xx_hal_tim.o(i.HAL_TIM_IC_CaptureCallback)
    HAL_TIM_IRQHandler                       0x08002cdb   Thumb Code   406  stm32f1xx_hal_tim.o(i.HAL_TIM_IRQHandler)
    HAL_TIM_MspPostInit                      0x08002e71   Thumb Code    98  tim.o(i.HAL_TIM_MspPostInit)
    HAL_TIM_OC_DelayElapsedCallback          0x08002ee1   Thumb Code     2  stm32f1xx_hal_tim.o(i.HAL_TIM_OC_DelayElapsedCallback)
    HAL_TIM_PWM_ConfigChannel                0x08002ee3   Thumb Code   260  stm32f1xx_hal_tim.o(i.HAL_TIM_PWM_ConfigChannel)
    HAL_TIM_PWM_Init                         0x08002fe7   Thumb Code   102  stm32f1xx_hal_tim.o(i.HAL_TIM_PWM_Init)
    HAL_TIM_PWM_MspInit                      0x0800304d   Thumb Code    40  tim.o(i.HAL_TIM_PWM_MspInit)
    HAL_TIM_PWM_PulseFinishedCallback        0x08003079   Thumb Code     2  stm32f1xx_hal_tim.o(i.HAL_TIM_PWM_PulseFinishedCallback)
    HAL_TIM_PWM_Start                        0x0800307d   Thumb Code   198  stm32f1xx_hal_tim.o(i.HAL_TIM_PWM_Start)
    HAL_TIM_PeriodElapsedCallback            0x08003151   Thumb Code    18  stm32f1xx_it.o(i.HAL_TIM_PeriodElapsedCallback)
    HAL_TIM_TriggerCallback                  0x08003169   Thumb Code     2  stm32f1xx_hal_tim.o(i.HAL_TIM_TriggerCallback)
    HAL_UARTEx_RxEventCallback               0x0800316b   Thumb Code     2  stm32f1xx_hal_uart.o(i.HAL_UARTEx_RxEventCallback)
    HAL_UART_ErrorCallback                   0x0800316d   Thumb Code     2  stm32f1xx_hal_uart.o(i.HAL_UART_ErrorCallback)
    HAL_UART_IRQHandler                      0x08003171   Thumb Code   736  stm32f1xx_hal_uart.o(i.HAL_UART_IRQHandler)
    HAL_UART_Init                            0x08003455   Thumb Code   118  stm32f1xx_hal_uart.o(i.HAL_UART_Init)
    HAL_UART_MspInit                         0x080034cd   Thumb Code   350  usart.o(i.HAL_UART_MspInit)
    HAL_UART_Receive_DMA                     0x08003649   Thumb Code    44  stm32f1xx_hal_uart.o(i.HAL_UART_Receive_DMA)
    HAL_UART_RxCpltCallback                  0x08003675   Thumb Code     2  stm32f1xx_hal_uart.o(i.HAL_UART_RxCpltCallback)
    HAL_UART_RxHalfCpltCallback              0x08003677   Thumb Code     2  stm32f1xx_hal_uart.o(i.HAL_UART_RxHalfCpltCallback)
    HAL_UART_Transmit_DMA                    0x08003679   Thumb Code   128  stm32f1xx_hal_uart.o(i.HAL_UART_Transmit_DMA)
    HAL_UART_TxCpltCallback                  0x08003705   Thumb Code     2  stm32f1xx_hal_uart.o(i.HAL_UART_TxCpltCallback)
    HAL_UART_TxHalfCpltCallback              0x08003707   Thumb Code     2  stm32f1xx_hal_uart.o(i.HAL_UART_TxHalfCpltCallback)
    HC05_Start                               0x08003709   Thumb Code    30  cartask.o(i.HC05_Start)
    HardFault_Handler                        0x0800372d   Thumb Code     4  stm32f1xx_it.o(i.HardFault_Handler)
    MX_ADC1_Init                             0x08003731   Thumb Code    80  adc.o(i.MX_ADC1_Init)
    MX_DMA_Init                              0x08003789   Thumb Code    64  dma.o(i.MX_DMA_Init)
    MX_FREERTOS_Init                         0x080037cd   Thumb Code   128  freertos.o(i.MX_FREERTOS_Init)
    MX_GPIO_Init                             0x08003865   Thumb Code   360  gpio.o(i.MX_GPIO_Init)
    MX_TIM1_Init                             0x080039e5   Thumb Code   104  tim.o(i.MX_TIM1_Init)
    MX_TIM2_Init                             0x08003a55   Thumb Code   132  tim.o(i.MX_TIM2_Init)
    MX_TIM3_Init                             0x08003add   Thumb Code   114  tim.o(i.MX_TIM3_Init)
    MX_TIM4_Init                             0x08003b59   Thumb Code   114  tim.o(i.MX_TIM4_Init)
    MX_USART1_UART_Init                      0x08003bd5   Thumb Code    46  usart.o(i.MX_USART1_UART_Init)
    MX_USART2_UART_Init                      0x08003c0d   Thumb Code    46  usart.o(i.MX_USART2_UART_Init)
    MemManage_Handler                        0x08003c45   Thumb Code     4  stm32f1xx_it.o(i.MemManage_Handler)
    NMI_Handler                              0x08003c49   Thumb Code     4  stm32f1xx_it.o(i.NMI_Handler)
    OLED_Clear                               0x08003c4d   Thumb Code    42  oled.o(i.OLED_Clear)
    OLED_I2C_Init                            0x08003c79   Thumb Code   104  oled.o(i.OLED_I2C_Init)
    OLED_I2C_SendByte                        0x08003ce9   Thumb Code    90  oled.o(i.OLED_I2C_SendByte)
    OLED_I2C_Start                           0x08003d49   Thumb Code    48  oled.o(i.OLED_I2C_Start)
    OLED_I2C_Stop                            0x08003d7d   Thumb Code    36  oled.o(i.OLED_I2C_Stop)
    OLED_Init                                0x08003da5   Thumb Code   174  oled.o(i.OLED_Init)
    OLED_Pow                                 0x08003e53   Thumb Code    20  oled.o(i.OLED_Pow)
    OLED_SetCursor                           0x08003e67   Thumb Code    34  oled.o(i.OLED_SetCursor)
    OLED_Show                                0x08003e89   Thumb Code   284  car_system.o(i.OLED_Show)
    OLED_ShowChar                            0x08003fe9   Thumb Code   110  oled.o(i.OLED_ShowChar)
    OLED_ShowNum                             0x0800405d   Thumb Code    68  oled.o(i.OLED_ShowNum)
    OLED_ShowString                          0x080040a1   Thumb Code    40  oled.o(i.OLED_ShowString)
    OLED_WriteCommand                        0x080040c9   Thumb Code    32  oled.o(i.OLED_WriteCommand)
    OLED_WriteData                           0x080040e9   Thumb Code    32  oled.o(i.OLED_WriteData)
    PWM_Limiting                             0x08004109   Thumb Code    50  control.o(i.PWM_Limiting)
    Pick_Up                                  0x0800413d   Thumb Code   116  control.o(i.Pick_Up)
    Put_Down                                 0x080041c1   Thumb Code   152  control.o(i.Put_Down)
    Read_Encoder                             0x08004299   Thumb Code    48  control.o(i.Read_Encoder)
    Set_PWM                                  0x080042d1   Thumb Code   152  control.o(i.Set_PWM)
    StartTask_100Hz                          0x08004371   Thumb Code    14  freertos.o(i.StartTask_100Hz)
    StartTask_200Hz                          0x08004381   Thumb Code    50  freertos.o(i.StartTask_200Hz)
    StartTask_5Hz                            0x080043f5   Thumb Code    18  freertos.o(i.StartTask_5Hz)
    StartTask_Connect                        0x08004407   Thumb Code    14  freertos.o(i.StartTask_Connect)
    SysTick_Handler                          0x08004415   Thumb Code    20  stm32f1xx_it.o(i.SysTick_Handler)
    SystemClock_Config                       0x08004429   Thumb Code   132  main.o(i.SystemClock_Config)
    SystemInit                               0x080044ad   Thumb Code     2  system_stm32f1xx.o(i.SystemInit)
    TIM1_UP_IRQHandler                       0x080044b1   Thumb Code    10  stm32f1xx_it.o(i.TIM1_UP_IRQHandler)
    TIM3_IRQHandler                          0x080044c1   Thumb Code    10  stm32f1xx_it.o(i.TIM3_IRQHandler)
    TIM4_IRQHandler                          0x080044d1   Thumb Code    10  stm32f1xx_it.o(i.TIM4_IRQHandler)
    TIM_Base_SetConfig                       0x080044e1   Thumb Code   104  stm32f1xx_hal_tim.o(i.TIM_Base_SetConfig)
    TIM_CCxChannelCmd                        0x08004555   Thumb Code    34  stm32f1xx_hal_tim.o(i.TIM_CCxChannelCmd)
    TIM_ETR_SetConfig                        0x08004577   Thumb Code    22  stm32f1xx_hal_tim.o(i.TIM_ETR_SetConfig)
    TIM_OC2_SetConfig                        0x08004601   Thumb Code   100  stm32f1xx_hal_tim.o(i.TIM_OC2_SetConfig)
    Turn_off                                 0x08004769   Thumb Code   100  control.o(i.Turn_off)
    UART_Start_Receive_DMA                   0x08004c29   Thumb Code   186  stm32f1xx_hal_uart.o(i.UART_Start_Receive_DMA)
    USART2_IRQHandler                        0x08004d51   Thumb Code    10  stm32f1xx_it.o(i.USART2_IRQHandler)
    UsageFault_Handler                       0x08004d61   Thumb Code     4  stm32f1xx_it.o(i.UsageFault_Handler)
    Vertical_Ring_PD                         0x08004d65   Thumb Code    76  control.o(i.Vertical_Ring_PD)
    Vertical_speed_PI                        0x08004dbd   Thumb Code   204  control.o(i.Vertical_speed_PI)
    Vertical_turn_PD                         0x08004eb1   Thumb Code    70  control.o(i.Vertical_turn_PD)
    __0printf$1                              0x08004efd   Thumb Code    22  printf1.o(i.__0printf$1)
    __1printf$1                              0x08004efd   Thumb Code     0  printf1.o(i.__0printf$1)
    __2printf                                0x08004efd   Thumb Code     0  printf1.o(i.__0printf$1)
    __ARM_fpclassify                         0x08004f1d   Thumb Code    40  fpclassify.o(i.__ARM_fpclassify)
    __kernel_poly                            0x08004f7d   Thumb Code   170  poly.o(i.__kernel_poly)
    __mathlib_dbl_infnan                     0x08005027   Thumb Code     6  dunder.o(i.__mathlib_dbl_infnan)
    __mathlib_dbl_infnan2                    0x0800502d   Thumb Code     4  dunder.o(i.__mathlib_dbl_infnan2)
    __mathlib_dbl_invalid                    0x08005031   Thumb Code    12  dunder.o(i.__mathlib_dbl_invalid)
    __mathlib_dbl_underflow                  0x0800503d   Thumb Code    10  dunder.o(i.__mathlib_dbl_underflow)
    __scatterload_copy                       0x0800504d   Thumb Code    14  handlers.o(i.__scatterload_copy)
    __scatterload_null                       0x0800505b   Thumb Code     2  handlers.o(i.__scatterload_null)
    __scatterload_zeroinit                   0x0800505d   Thumb Code    14  handlers.o(i.__scatterload_zeroinit)
    __set_errno                              0x0800506d   Thumb Code     6  errno.o(i.__set_errno)
    asin                                     0x08005275   Thumb Code   572  asin.o(i.asin)
    atan                                     0x080054e5   Thumb Code   474  atan.o(i.atan)
    atan2                                    0x08005705   Thumb Code   374  atan2.o(i.atan2)
    atk_ms6050_dmp_get_data                  0x080058a1   Thumb Code   536  inv_mpu.o(i.atk_ms6050_dmp_get_data)
    atk_ms6050_dmp_init                      0x08005abd   Thumb Code   150  inv_mpu.o(i.atk_ms6050_dmp_init)
    atk_ms6050_get_accelerometer             0x08005b59   Thumb Code    80  atk_ms6050.o(i.atk_ms6050_get_accelerometer)
    atk_ms6050_get_clock_ms                  0x08005ba9   Thumb Code    20  inv_mpu.o(i.atk_ms6050_get_clock_ms)
    atk_ms6050_get_gyroscope                 0x08005bbd   Thumb Code    80  atk_ms6050.o(i.atk_ms6050_get_gyroscope)
    atk_ms6050_iic_ack                       0x08005c69   Thumb Code    76  atk_ms6050_iic.o(i.atk_ms6050_iic_ack)
    atk_ms6050_iic_init                      0x08005cc5   Thumb Code   122  atk_ms6050_iic.o(i.atk_ms6050_iic_init)
    atk_ms6050_iic_nack                      0x08005d49   Thumb Code    58  atk_ms6050_iic.o(i.atk_ms6050_iic_nack)
    atk_ms6050_iic_read_byte                 0x08005d89   Thumb Code    88  atk_ms6050_iic.o(i.atk_ms6050_iic_read_byte)
    atk_ms6050_iic_send_byte                 0x08005de5   Thumb Code   102  atk_ms6050_iic.o(i.atk_ms6050_iic_send_byte)
    atk_ms6050_iic_start                     0x08005e51   Thumb Code    72  atk_ms6050_iic.o(i.atk_ms6050_iic_start)
    atk_ms6050_iic_stop                      0x08005e9d   Thumb Code    58  atk_ms6050_iic.o(i.atk_ms6050_iic_stop)
    atk_ms6050_iic_wait_ack                  0x08005edd   Thumb Code    96  atk_ms6050_iic.o(i.atk_ms6050_iic_wait_ack)
    atk_ms6050_init                          0x08005f41   Thumb Code   124  atk_ms6050.o(i.atk_ms6050_init)
    atk_ms6050_read                          0x08005fbd   Thumb Code   138  atk_ms6050.o(i.atk_ms6050_read)
    atk_ms6050_read_byte                     0x08006047   Thumb Code    22  atk_ms6050.o(i.atk_ms6050_read_byte)
    atk_ms6050_run_self_test                 0x0800605d   Thumb Code   148  inv_mpu.o(i.atk_ms6050_run_self_test)
    atk_ms6050_set_accel_fsr                 0x080060f1   Thumb Code    18  atk_ms6050.o(i.atk_ms6050_set_accel_fsr)
    atk_ms6050_set_gyro_fsr                  0x08006103   Thumb Code    18  atk_ms6050.o(i.atk_ms6050_set_gyro_fsr)
    atk_ms6050_set_lpf                       0x08006115   Thumb Code    58  atk_ms6050.o(i.atk_ms6050_set_lpf)
    atk_ms6050_set_rate                      0x0800614f   Thumb Code    68  atk_ms6050.o(i.atk_ms6050_set_rate)
    atk_ms6050_sw_reset                      0x08006193   Thumb Code    30  atk_ms6050.o(i.atk_ms6050_sw_reset)
    atk_ms6050_write                         0x080061b1   Thumb Code   112  atk_ms6050.o(i.atk_ms6050_write)
    atk_ms6050_write_byte                    0x08006221   Thumb Code    20  atk_ms6050.o(i.atk_ms6050_write_byte)
    connect_read_data                        0x08006235   Thumb Code   202  valuepack.o(i.connect_read_data)
    delay_init                               0x0800637d   Thumb Code    16  delay.o(i.delay_init)
    delay_ms                                 0x08006391   Thumb Code    24  delay.o(i.delay_ms)
    delay_us                                 0x080063a9   Thumb Code    68  delay.o(i.delay_us)
    dmp_enable_6x_lp_quat                    0x080063f1   Thumb Code    60  inv_mpu_dmp_motion_driver.o(i.dmp_enable_6x_lp_quat)
    dmp_enable_feature                       0x0800642d   Thumb Code   530  inv_mpu_dmp_motion_driver.o(i.dmp_enable_feature)
    dmp_enable_gyro_cal                      0x08006649   Thumb Code    62  inv_mpu_dmp_motion_driver.o(i.dmp_enable_gyro_cal)
    dmp_enable_lp_quat                       0x080066a1   Thumb Code    60  inv_mpu_dmp_motion_driver.o(i.dmp_enable_lp_quat)
    dmp_load_motion_driver_firmware          0x080066dd   Thumb Code    20  inv_mpu_dmp_motion_driver.o(i.dmp_load_motion_driver_firmware)
    dmp_read_fifo                            0x080066f5   Thumb Code   456  inv_mpu_dmp_motion_driver.o(i.dmp_read_fifo)
    dmp_set_accel_bias                       0x080068c1   Thumb Code   302  inv_mpu_dmp_motion_driver.o(i.dmp_set_accel_bias)
    dmp_set_fifo_rate                        0x080069f5   Thumb Code    96  inv_mpu_dmp_motion_driver.o(i.dmp_set_fifo_rate)
    dmp_set_gyro_bias                        0x08006a65   Thumb Code   294  inv_mpu_dmp_motion_driver.o(i.dmp_set_gyro_bias)
    dmp_set_orientation                      0x08006b95   Thumb Code   290  inv_mpu_dmp_motion_driver.o(i.dmp_set_orientation)
    dmp_set_shake_reject_thresh              0x08006ccd   Thumb Code    56  inv_mpu_dmp_motion_driver.o(i.dmp_set_shake_reject_thresh)
    dmp_set_shake_reject_time                0x08006d05   Thumb Code    38  inv_mpu_dmp_motion_driver.o(i.dmp_set_shake_reject_time)
    dmp_set_shake_reject_timeout             0x08006d2b   Thumb Code    38  inv_mpu_dmp_motion_driver.o(i.dmp_set_shake_reject_timeout)
    dmp_set_tap_axes                         0x08006d51   Thumb Code    70  inv_mpu_dmp_motion_driver.o(i.dmp_set_tap_axes)
    dmp_set_tap_count                        0x08006d97   Thumb Code    38  inv_mpu_dmp_motion_driver.o(i.dmp_set_tap_count)
    dmp_set_tap_thresh                       0x08006dbd   Thumb Code   396  inv_mpu_dmp_motion_driver.o(i.dmp_set_tap_thresh)
    dmp_set_tap_time                         0x08006f5d   Thumb Code    38  inv_mpu_dmp_motion_driver.o(i.dmp_set_tap_time)
    dmp_set_tap_time_multi                   0x08006f83   Thumb Code    38  inv_mpu_dmp_motion_driver.o(i.dmp_set_tap_time_multi)
    fputc                                    0x08006fa9   Thumb Code    22  usart.o(i.fputc)
    main                                     0x08007645   Thumb Code   160  main.o(i.main)
    mpu_configure_fifo                       0x08007751   Thumb Code   106  inv_mpu.o(i.mpu_configure_fifo)
    mpu_get_accel_fsr                        0x080077c1   Thumb Code    72  inv_mpu.o(i.mpu_get_accel_fsr)
    mpu_get_accel_sens                       0x0800780d   Thumb Code    78  inv_mpu.o(i.mpu_get_accel_sens)
    mpu_get_fifo_config                      0x08007861   Thumb Code    12  inv_mpu.o(i.mpu_get_fifo_config)
    mpu_get_gyro_fsr                         0x08007871   Thumb Code    64  inv_mpu.o(i.mpu_get_gyro_fsr)
    mpu_get_gyro_sens                        0x080078b5   Thumb Code    58  inv_mpu.o(i.mpu_get_gyro_sens)
    mpu_get_lpf                              0x08007905   Thumb Code    74  inv_mpu.o(i.mpu_get_lpf)
    mpu_get_sample_rate                      0x08007955   Thumb Code    26  inv_mpu.o(i.mpu_get_sample_rate)
    mpu_init                                 0x08007975   Thumb Code   418  inv_mpu.o(i.mpu_init)
    mpu_load_firmware                        0x08007b1d   Thumb Code   180  inv_mpu.o(i.mpu_load_firmware)
    mpu_lp_accel_mode                        0x08007bd5   Thumb Code   218  inv_mpu.o(i.mpu_lp_accel_mode)
    mpu_read_fifo_stream                     0x08007cb5   Thumb Code   186  inv_mpu.o(i.mpu_read_fifo_stream)
    mpu_read_mem                             0x08007d75   Thumb Code   122  inv_mpu.o(i.mpu_read_mem)
    mpu_reset_fifo                           0x08007df5   Thumb Code   450  inv_mpu.o(i.mpu_reset_fifo)
    mpu_run_self_test                        0x08007fbd   Thumb Code   278  inv_mpu.o(i.mpu_run_self_test)
    mpu_set_accel_fsr                        0x080080d9   Thumb Code   126  inv_mpu.o(i.mpu_set_accel_fsr)
    mpu_set_bypass                           0x0800815d   Thumb Code   328  inv_mpu.o(i.mpu_set_bypass)
    mpu_set_dmp_state                        0x080082a9   Thumb Code   138  inv_mpu.o(i.mpu_set_dmp_state)
    mpu_set_gyro_fsr                         0x08008339   Thumb Code   132  inv_mpu.o(i.mpu_set_gyro_fsr)
    mpu_set_int_latched                      0x080083c1   Thumb Code   102  inv_mpu.o(i.mpu_set_int_latched)
    mpu_set_lpf                              0x0800842d   Thumb Code   126  inv_mpu.o(i.mpu_set_lpf)
    mpu_set_sample_rate                      0x080084b1   Thumb Code   152  inv_mpu.o(i.mpu_set_sample_rate)
    mpu_set_sensors                          0x0800854d   Thumb Code   202  inv_mpu.o(i.mpu_set_sensors)
    mpu_write_mem                            0x0800861d   Thumb Code   122  inv_mpu.o(i.mpu_write_mem)
    osDelay                                  0x0800869d   Thumb Code    24  cmsis_os.o(i.osDelay)
    osKernelStart                            0x080086b5   Thumb Code    10  cmsis_os.o(i.osKernelStart)
    osSemaphoreCreate                        0x080086bf   Thumb Code    74  cmsis_os.o(i.osSemaphoreCreate)
    osThreadCreate                           0x08008709   Thumb Code    94  cmsis_os.o(i.osThreadCreate)
    pvPortMalloc                             0x08008d79   Thumb Code   296  heap_4.o(i.pvPortMalloc)
    pxPortInitialiseStack                    0x08008eb5   Thumb Code    30  port.o(i.pxPortInitialiseStack)
    readValuePack                            0x08008ed9   Thumb Code   528  valuepack.o(i.readValuePack)
    sendBuffer                               0x08009125   Thumb Code    18  valuepack.o(i.sendBuffer)
    sendValuePack                            0x0800913d   Thumb Code   164  valuepack.o(i.sendValuePack)
    sqrt                                     0x08009285   Thumb Code    76  sqrt.o(i.sqrt)
    uxListRemove                             0x080092d1   Thumb Code    40  list.o(i.uxListRemove)
    vApplicationGetIdleTaskMemory            0x080092f9   Thumb Code    14  freertos.o(i.vApplicationGetIdleTaskMemory)
    vListInitialise                          0x08009311   Thumb Code    26  list.o(i.vListInitialise)
    vListInitialiseItem                      0x0800932b   Thumb Code     6  list.o(i.vListInitialiseItem)
    vListInsert                              0x08009331   Thumb Code    52  list.o(i.vListInsert)
    vListInsertEnd                           0x08009365   Thumb Code    24  list.o(i.vListInsertEnd)
    vPortEnterCritical                       0x0800937d   Thumb Code    76  port.o(i.vPortEnterCritical)
    vPortExitCritical                        0x080093d1   Thumb Code    56  port.o(i.vPortExitCritical)
    vPortFree                                0x0800940d   Thumb Code   140  heap_4.o(i.vPortFree)
    vPortSetupTimerInterrupt                 0x080094a1   Thumb Code    36  port.o(i.vPortSetupTimerInterrupt)
    vTaskDelay                               0x080094c9   Thumb Code    82  tasks.o(i.vTaskDelay)
    vTaskInternalSetTimeOutState             0x08009525   Thumb Code    14  tasks.o(i.vTaskInternalSetTimeOutState)
    vTaskMissedYield                         0x0800953d   Thumb Code     8  tasks.o(i.vTaskMissedYield)
    vTaskPlaceOnEventList                    0x08009549   Thumb Code    52  tasks.o(i.vTaskPlaceOnEventList)
    vTaskResume                              0x08009581   Thumb Code   128  tasks.o(i.vTaskResume)
    vTaskStartScheduler                      0x08009611   Thumb Code   146  tasks.o(i.vTaskStartScheduler)
    vTaskSuspend                             0x080096c1   Thumb Code   210  tasks.o(i.vTaskSuspend)
    vTaskSuspendAll                          0x080097b5   Thumb Code    12  tasks.o(i.vTaskSuspendAll)
    vTaskSwitchContext                       0x080097c5   Thumb Code   118  tasks.o(i.vTaskSwitchContext)
    xPortStartScheduler                      0x08009851   Thumb Code   228  port.o(i.xPortStartScheduler)
    xPortSysTickHandler                      0x08009949   Thumb Code    46  port.o(i.xPortSysTickHandler)
    xQueueGenericCreate                      0x0800997d   Thumb Code    94  queue.o(i.xQueueGenericCreate)
    xQueueGenericCreateStatic                0x080099db   Thumb Code   222  queue.o(i.xQueueGenericCreateStatic)
    xQueueGenericReset                       0x08009ab9   Thumb Code   146  queue.o(i.xQueueGenericReset)
    xQueueGenericSend                        0x08009b51   Thumb Code   420  queue.o(i.xQueueGenericSend)
    xTaskCheckForTimeOut                     0x08009cf9   Thumb Code   132  tasks.o(i.xTaskCheckForTimeOut)
    xTaskCreate                              0x08009d85   Thumb Code   100  tasks.o(i.xTaskCreate)
    xTaskCreateStatic                        0x08009de9   Thumb Code   184  tasks.o(i.xTaskCreateStatic)
    xTaskGetSchedulerState                   0x08009ea1   Thumb Code    24  tasks.o(i.xTaskGetSchedulerState)
    xTaskIncrementTick                       0x08009ec1   Thumb Code   282  tasks.o(i.xTaskIncrementTick)
    xTaskPriorityDisinherit                  0x0800a009   Thumb Code   188  tasks.o(i.xTaskPriorityDisinherit)
    xTaskRemoveFromEventList                 0x0800a0d1   Thumb Code   128  tasks.o(i.xTaskRemoveFromEventList)
    xTaskResumeAll                           0x0800a169   Thumb Code   224  tasks.o(i.xTaskResumeAll)
    AHBPrescTable                            0x0800a300   Data          16  system_stm32f1xx.o(.constdata)
    APBPrescTable                            0x0800a310   Data           8  system_stm32f1xx.o(.constdata)
    OLED_F8x16                               0x0800a318   Data        1520  oled.o(.constdata)
    OLED_F16x16                              0x0800a908   Data         160  oled.o(.constdata)
    reg                                      0x0800a9a8   Data          27  inv_mpu.o(.constdata)
    hw                                       0x0800a9c4   Data          12  inv_mpu.o(.constdata)
    test                                     0x0800a9d0   Data          40  inv_mpu.o(.constdata)
    __mathlib_zero                           0x0800b6d8   Data           8  qnan.o(.constdata)
    Region$$Table$$Base                      0x0800b718   Number         0  anon$$obj.o(Region$$Table)
    Region$$Table$$Limit                     0x0800b738   Number         0  anon$$obj.o(Region$$Table)
    Task_SysHandle                           0x20000000   Data           4  freertos.o(.data)
    Task_ControlHandle                       0x20000004   Data           4  freertos.o(.data)
    Task_IMUHandle                           0x20000008   Data           4  freertos.o(.data)
    Task_ConnectHandle                       0x2000000c   Data           4  freertos.o(.data)
    myBinarySem_rxokHandle                   0x20000010   Data           4  freertos.o(.data)
    ECHO_IRQ_FLAG                            0x20000014   Data           1  stm32f1xx_it.o(.data)
    time_cnt                                 0x20000015   Data           1  stm32f1xx_it.o(.data)
    uwTick                                   0x2000001c   Data           4  stm32f1xx_hal.o(.data)
    uwTickPrio                               0x20000020   Data           4  stm32f1xx_hal.o(.data)
    uwTickFreq                               0x20000024   Data           1  stm32f1xx_hal.o(.data)
    SystemCoreClock                          0x20000028   Data           4  system_stm32f1xx.o(.data)
    FS_MODE                                  0x2000002c   Data           4  cartask.o(.data)
    Balance_Pwm                              0x20000030   Data           4  cartask.o(.data)
    Velocity_Pwm                             0x20000034   Data           4  cartask.o(.data)
    Turn_Pwm                                 0x20000038   Data           4  cartask.o(.data)
    Motor1                                   0x2000003c   Data           4  cartask.o(.data)
    Motor2                                   0x20000040   Data           4  cartask.o(.data)
    Encoder_left                             0x20000044   Data           4  cartask.o(.data)
    Encoder_right                            0x20000048   Data           4  cartask.o(.data)
    Movement                                 0x2000004c   Data           4  cartask.o(.data)
    Contrl_Turn                              0x20000050   Data           4  cartask.o(.data)
    CCD                                      0x20000054   Data           8  cartask.o(.data)
    power                                    0x2000005c   Data           1  cartask.o(.data)
    Speed                                    0x20000060   Data           4  cartask.o(.data)
    Flag_Stop                                0x20000064   Data           1  cartask.o(.data)
    Bizhang_Flag                             0x20000065   Data           1  cartask.o(.data)
    Dead_Zone                                0x20000068   Data           4  control.o(.data)
    control_turn                             0x2000006c   Data           4  control.o(.data)
    PID                                      0x20000070   Data          36  control.o(.data)
    FS_state                                 0x20000094   Data           1  control.o(.data)
    Distance                                 0x200000b8   Data           4  car_system.o(.data)
    bits                                     0x200000c0   Data           8  valuepack.o(.data)
    rx_pack_length                           0x200000c8   Data           2  valuepack.o(.data)
    rxIndex                                  0x200000cc   Data           4  valuepack.o(.data)
    rdIndex                                  0x200000d0   Data           4  valuepack.o(.data)
    this_index                               0x200000d4   Data           2  valuepack.o(.data)
    last_index                               0x200000d6   Data           2  valuepack.o(.data)
    rdi                                      0x200000d8   Data           2  valuepack.o(.data)
    rdii                                     0x200000da   Data           2  valuepack.o(.data)
    idl                                      0x200000dc   Data           2  valuepack.o(.data)
    idi                                      0x200000de   Data           2  valuepack.o(.data)
    idc                                      0x200000e0   Data           4  valuepack.o(.data)
    err                                      0x200000e4   Data           4  valuepack.o(.data)
    sum                                      0x200000e8   Data           1  valuepack.o(.data)
    isok                                     0x200000e9   Data           1  valuepack.o(.data)
    loop                                     0x200000ea   Data           2  valuepack.o(.data)
    valuepack_tx_bit_index                   0x200000ec   Data           1  valuepack.o(.data)
    valuepack_tx_index                       0x200000ed   Data           1  valuepack.o(.data)
    pxCurrentTCB                             0x200000f0   Data           4  tasks.o(.data)
    __stdout                                 0x20000188   Data           4  stdout.o(.data)
    rx                                       0x20000190   Data          12  main.o(.bss)
    tx                                       0x2000019c   Data          12  main.o(.bss)
    hadc1                                    0x200003fc   Data          48  adc.o(.bss)
    htim1                                    0x2000042c   Data          72  tim.o(.bss)
    htim2                                    0x20000474   Data          72  tim.o(.bss)
    htim3                                    0x200004bc   Data          72  tim.o(.bss)
    htim4                                    0x20000504   Data          72  tim.o(.bss)
    huart1                                   0x2000054c   Data          72  usart.o(.bss)
    huart2                                   0x20000594   Data          72  usart.o(.bss)
    hdma_usart2_rx                           0x200005dc   Data          68  usart.o(.bss)
    hdma_usart2_tx                           0x20000620   Data          68  usart.o(.bss)
    OutMpu                                   0x20000664   Data          24  cartask.o(.bss)
    vp_rxbuff                                0x20000694   Data        1024  valuepack.o(.bss)
    vp_txbuff                                0x20000a94   Data          11  valuepack.o(.bss)
    __initial_sp                             0x200037a0   Data           0  startup_stm32f103xe.o(STACK)



==============================================================================

Memory Map of the image

  Image Entry point : 0x08000131

  Load Region LR_IROM1 (Base: 0x08000000, Size: 0x0000b8c8, Max: 0x00010000, ABSOLUTE, COMPRESSED[0x0000b784])

    Execution Region ER_IROM1 (Exec base: 0x08000000, Load base: 0x08000000, Size: 0x0000b738, Max: 0x00010000, ABSOLUTE)

    Exec Addr    Load Addr    Size         Type   Attr      Idx    E Section Name        Object

    0x08000000   0x08000000   0x00000130   Data   RO            3    RESET               startup_stm32f103xe.o
    0x08000130   0x08000130   0x00000000   Code   RO         5879  * .ARM.Collect$$$$00000000  mc_w.l(entry.o)
    0x08000130   0x08000130   0x00000004   Code   RO         6228    .ARM.Collect$$$$00000001  mc_w.l(entry2.o)
    0x08000134   0x08000134   0x00000004   Code   RO         6231    .ARM.Collect$$$$00000004  mc_w.l(entry5.o)
    0x08000138   0x08000138   0x00000000   Code   RO         6233    .ARM.Collect$$$$00000008  mc_w.l(entry7b.o)
    0x08000138   0x08000138   0x00000000   Code   RO         6235    .ARM.Collect$$$$0000000A  mc_w.l(entry8b.o)
    0x08000138   0x08000138   0x00000008   Code   RO         6236    .ARM.Collect$$$$0000000B  mc_w.l(entry9a.o)
    0x08000140   0x08000140   0x00000004   Code   RO         6243    .ARM.Collect$$$$0000000E  mc_w.l(entry12b.o)
    0x08000144   0x08000144   0x00000000   Code   RO         6238    .ARM.Collect$$$$0000000F  mc_w.l(entry10a.o)
    0x08000144   0x08000144   0x00000000   Code   RO         6240    .ARM.Collect$$$$00000011  mc_w.l(entry11a.o)
    0x08000144   0x08000144   0x00000004   Code   RO         6229    .ARM.Collect$$$$00002712  mc_w.l(entry2.o)
    0x08000148   0x08000148   0x00000096   Code   RO         5248    .emb_text           port.o
    0x080001de   0x080001de   0x00000002   PAD
    0x080001e0   0x080001e0   0x00000024   Code   RO            4    .text               startup_stm32f103xe.o
    0x08000204   0x08000204   0x00000062   Code   RO         5882    .text               mc_w.l(ldiv.o)
    0x08000266   0x08000266   0x00000020   Code   RO         5884    .text               mc_w.l(llushr.o)
    0x08000286   0x08000286   0x00000024   Code   RO         5886    .text               mc_w.l(memcpya.o)
    0x080002aa   0x080002aa   0x00000024   Code   RO         5890    .text               mc_w.l(memseta.o)
    0x080002ce   0x080002ce   0x0000001a   Code   RO         5892    .text               mc_w.l(memcmp.o)
    0x080002e8   0x080002e8   0x000000b0   Code   RO         6157    .text               mf_w.l(fadd.o)
    0x08000398   0x08000398   0x00000064   Code   RO         6159    .text               mf_w.l(fmul.o)
    0x080003fc   0x080003fc   0x0000007c   Code   RO         6161    .text               mf_w.l(fdiv.o)
    0x08000478   0x08000478   0x0000014e   Code   RO         6163    .text               mf_w.l(dadd.o)
    0x080005c6   0x080005c6   0x000000e4   Code   RO         6165    .text               mf_w.l(dmul.o)
    0x080006aa   0x080006aa   0x00000012   Code   RO         6167    .text               mf_w.l(fflti.o)
    0x080006bc   0x080006bc   0x0000000a   Code   RO         6169    .text               mf_w.l(ffltui.o)
    0x080006c6   0x080006c6   0x0000001a   Code   RO         6171    .text               mf_w.l(dfltui.o)
    0x080006e0   0x080006e0   0x00000032   Code   RO         6173    .text               mf_w.l(ffixi.o)
    0x08000712   0x08000712   0x00000028   Code   RO         6175    .text               mf_w.l(ffixui.o)
    0x0800073a   0x0800073a   0x0000003e   Code   RO         6177    .text               mf_w.l(dfixi.o)
    0x08000778   0x08000778   0x00000026   Code   RO         6179    .text               mf_w.l(f2d.o)
    0x0800079e   0x0800079e   0x00000002   PAD
    0x080007a0   0x080007a0   0x00000030   Code   RO         6181    .text               mf_w.l(cdcmple.o)
    0x080007d0   0x080007d0   0x00000030   Code   RO         6183    .text               mf_w.l(cdrcmple.o)
    0x08000800   0x08000800   0x00000038   Code   RO         6185    .text               mf_w.l(d2f.o)
    0x08000838   0x08000838   0x00000014   Code   RO         6187    .text               mf_w.l(cfcmple.o)
    0x0800084c   0x0800084c   0x00000014   Code   RO         6189    .text               mf_w.l(cfrcmple.o)
    0x08000860   0x08000860   0x0000002c   Code   RO         6245    .text               mc_w.l(uidiv.o)
    0x0800088c   0x0800088c   0x00000062   Code   RO         6247    .text               mc_w.l(uldiv.o)
    0x080008ee   0x080008ee   0x0000001e   Code   RO         6249    .text               mc_w.l(llshl.o)
    0x0800090c   0x0800090c   0x00000024   Code   RO         6251    .text               mc_w.l(llsshr.o)
    0x08000930   0x08000930   0x00000000   Code   RO         6260    .text               mc_w.l(iusefp.o)
    0x08000930   0x08000930   0x0000006e   Code   RO         6261    .text               mf_w.l(fepilogue.o)
    0x0800099e   0x0800099e   0x000000ba   Code   RO         6263    .text               mf_w.l(depilogue.o)
    0x08000a58   0x08000a58   0x000000de   Code   RO         6265    .text               mf_w.l(ddiv.o)
    0x08000b36   0x08000b36   0x0000002e   Code   RO         6267    .text               mf_w.l(dscalb.o)
    0x08000b64   0x08000b64   0x00000024   Code   RO         6271    .text               mc_w.l(init.o)
    0x08000b88   0x08000b88   0x000000a2   Code   RO         6273    .text               mf_w.l(dsqrt.o)
    0x08000c2a   0x08000c2a   0x0000003a   Code   RO         6283    .text               mc_w.l(__dczerorl.o)
    0x08000c64   0x08000c64   0x0000005c   Code   RO          739    i.ADC_ConversionStop_Disable  stm32f1xx_hal_adc.o
    0x08000cc0   0x08000cc0   0x00000090   Code   RO          743    i.ADC_Enable        stm32f1xx_hal_adc.o
    0x08000d50   0x08000d50   0x00000004   Code   RO          546    i.BusFault_Handler  stm32f1xx_it.o
    0x08000d54   0x08000d54   0x00000054   Code   RO         3555    i.Car_Task_IMU      cartask.o
    0x08000da8   0x08000da8   0x00000244   Code   RO         3556    i.Car_Task_Motor    cartask.o
    0x08000fec   0x08000fec   0x00000008   Code   RO         3557    i.Car_Task_System   cartask.o
    0x08000ff4   0x08000ff4   0x00000010   Code   RO          547    i.DMA1_Channel6_IRQHandler  stm32f1xx_it.o
    0x08001004   0x08001004   0x00000010   Code   RO          548    i.DMA1_Channel7_IRQHandler  stm32f1xx_it.o
    0x08001014   0x08001014   0x0000002c   Code   RO         1400    i.DMA_SetConfig     stm32f1xx_hal_dma.o
    0x08001040   0x08001040   0x00000002   Code   RO          549    i.DebugMon_Handler  stm32f1xx_it.o
    0x08001042   0x08001042   0x0000000a   Code   RO          550    i.EXTI1_IRQHandler  stm32f1xx_it.o
    0x0800104c   0x0800104c   0x0000000a   Code   RO          551    i.EXTI3_IRQHandler  stm32f1xx_it.o
    0x08001056   0x08001056   0x0000000a   Code   RO          552    i.EXTI4_IRQHandler  stm32f1xx_it.o
    0x08001060   0x08001060   0x00000006   Code   RO           13    i.Error_Handler     main.o
    0x08001066   0x08001066   0x00000002   PAD
    0x08001068   0x08001068   0x0000011c   Code   RO          919    i.HAL_ADCEx_Calibration_Start  stm32f1xx_hal_adc_ex.o
    0x08001184   0x08001184   0x00000160   Code   RO          745    i.HAL_ADC_ConfigChannel  stm32f1xx_hal_adc.o
    0x080012e4   0x080012e4   0x00000144   Code   RO          754    i.HAL_ADC_Init      stm32f1xx_hal_adc.o
    0x08001428   0x08001428   0x00000070   Code   RO          336    i.HAL_ADC_MspInit   adc.o
    0x08001498   0x08001498   0x00000056   Code   RO         1401    i.HAL_DMA_Abort     stm32f1xx_hal_dma.o
    0x080014ee   0x080014ee   0x00000002   PAD
    0x080014f0   0x080014f0   0x000000b0   Code   RO         1402    i.HAL_DMA_Abort_IT  stm32f1xx_hal_dma.o
    0x080015a0   0x080015a0   0x0000019c   Code   RO         1406    i.HAL_DMA_IRQHandler  stm32f1xx_hal_dma.o
    0x0800173c   0x0800173c   0x00000068   Code   RO         1407    i.HAL_DMA_Init      stm32f1xx_hal_dma.o
    0x080017a4   0x080017a4   0x0000009c   Code   RO         1411    i.HAL_DMA_Start_IT  stm32f1xx_hal_dma.o
    0x08001840   0x08001840   0x00000028   Code   RO         1022    i.HAL_Delay         stm32f1xx_hal.o
    0x08001868   0x08001868   0x000000b4   Code   RO          553    i.HAL_GPIO_EXTI_Callback  stm32f1xx_it.o
    0x0800191c   0x0800191c   0x0000001c   Code   RO         1336    i.HAL_GPIO_EXTI_IRQHandler  stm32f1xx_hal_gpio.o
    0x08001938   0x08001938   0x00000320   Code   RO         1337    i.HAL_GPIO_Init     stm32f1xx_hal_gpio.o
    0x08001c58   0x08001c58   0x00000010   Code   RO         1339    i.HAL_GPIO_ReadPin  stm32f1xx_hal_gpio.o
    0x08001c68   0x08001c68   0x0000000c   Code   RO         1341    i.HAL_GPIO_WritePin  stm32f1xx_hal_gpio.o
    0x08001c74   0x08001c74   0x0000000c   Code   RO         1026    i.HAL_GetTick       stm32f1xx_hal.o
    0x08001c80   0x08001c80   0x00000018   Code   RO         1032    i.HAL_IncTick       stm32f1xx_hal.o
    0x08001c98   0x08001c98   0x00000028   Code   RO         1033    i.HAL_Init          stm32f1xx_hal.o
    0x08001cc0   0x08001cc0   0x0000004c   Code   RO         1034    i.HAL_InitTick      stm32f1xx_hal.o
    0x08001d0c   0x08001d0c   0x00000060   Code   RO          679    i.HAL_MspInit       stm32f1xx_hal_msp.o
    0x08001d6c   0x08001d6c   0x00000020   Code   RO         1497    i.HAL_NVIC_EnableIRQ  stm32f1xx_hal_cortex.o
    0x08001d8c   0x08001d8c   0x0000007c   Code   RO         1503    i.HAL_NVIC_SetPriority  stm32f1xx_hal_cortex.o
    0x08001e08   0x08001e08   0x00000028   Code   RO         1504    i.HAL_NVIC_SetPriorityGrouping  stm32f1xx_hal_cortex.o
    0x08001e30   0x08001e30   0x000000fc   Code   RO         1298    i.HAL_RCCEx_GetPeriphCLKFreq  stm32f1xx_hal_rcc_ex.o
    0x08001f2c   0x08001f2c   0x00000130   Code   RO         1299    i.HAL_RCCEx_PeriphCLKConfig  stm32f1xx_hal_rcc_ex.o
    0x0800205c   0x0800205c   0x0000018c   Code   RO         1190    i.HAL_RCC_ClockConfig  stm32f1xx_hal_rcc.o
    0x080021e8   0x080021e8   0x0000000c   Code   RO         1195    i.HAL_RCC_GetHCLKFreq  stm32f1xx_hal_rcc.o
    0x080021f4   0x080021f4   0x00000020   Code   RO         1197    i.HAL_RCC_GetPCLK1Freq  stm32f1xx_hal_rcc.o
    0x08002214   0x08002214   0x00000020   Code   RO         1198    i.HAL_RCC_GetPCLK2Freq  stm32f1xx_hal_rcc.o
    0x08002234   0x08002234   0x00000070   Code   RO         1199    i.HAL_RCC_GetSysClockFreq  stm32f1xx_hal_rcc.o
    0x080022a4   0x080022a4   0x00000464   Code   RO         1202    i.HAL_RCC_OscConfig  stm32f1xx_hal_rcc.o
    0x08002708   0x08002708   0x00000028   Code   RO         1506    i.HAL_SYSTICK_CLKSourceConfig  stm32f1xx_hal_cortex.o
    0x08002730   0x08002730   0x00000034   Code   RO         1508    i.HAL_SYSTICK_Config  stm32f1xx_hal_cortex.o
    0x08002764   0x08002764   0x00000002   Code   RO         2740    i.HAL_TIMEx_BreakCallback  stm32f1xx_hal_tim_ex.o
    0x08002766   0x08002766   0x00000002   Code   RO         2741    i.HAL_TIMEx_CommutCallback  stm32f1xx_hal_tim_ex.o
    0x08002768   0x08002768   0x00000084   Code   RO         2759    i.HAL_TIMEx_MasterConfigSynchronization  stm32f1xx_hal_tim_ex.o
    0x080027ec   0x080027ec   0x00000066   Code   RO         2025    i.HAL_TIM_Base_Init  stm32f1xx_hal_tim.o
    0x08002852   0x08002852   0x00000002   PAD
    0x08002854   0x08002854   0x00000044   Code   RO          402    i.HAL_TIM_Base_MspInit  tim.o
    0x08002898   0x08002898   0x00000078   Code   RO         2030    i.HAL_TIM_Base_Start_IT  stm32f1xx_hal_tim.o
    0x08002910   0x08002910   0x0000003e   Code   RO         2033    i.HAL_TIM_Base_Stop_IT  stm32f1xx_hal_tim.o
    0x0800294e   0x0800294e   0x0000010c   Code   RO         2034    i.HAL_TIM_ConfigClockSource  stm32f1xx_hal_tim.o
    0x08002a5a   0x08002a5a   0x000000c4   Code   RO         2046    i.HAL_TIM_Encoder_Init  stm32f1xx_hal_tim.o
    0x08002b1e   0x08002b1e   0x00000002   PAD
    0x08002b20   0x08002b20   0x000000ec   Code   RO          404    i.HAL_TIM_Encoder_MspInit  tim.o
    0x08002c0c   0x08002c0c   0x000000cc   Code   RO         2049    i.HAL_TIM_Encoder_Start  stm32f1xx_hal_tim.o
    0x08002cd8   0x08002cd8   0x00000002   Code   RO         2059    i.HAL_TIM_IC_CaptureCallback  stm32f1xx_hal_tim.o
    0x08002cda   0x08002cda   0x00000196   Code   RO         2073    i.HAL_TIM_IRQHandler  stm32f1xx_hal_tim.o
    0x08002e70   0x08002e70   0x00000070   Code   RO          405    i.HAL_TIM_MspPostInit  tim.o
    0x08002ee0   0x08002ee0   0x00000002   Code   RO         2076    i.HAL_TIM_OC_DelayElapsedCallback  stm32f1xx_hal_tim.o
    0x08002ee2   0x08002ee2   0x00000104   Code   RO         2097    i.HAL_TIM_PWM_ConfigChannel  stm32f1xx_hal_tim.o
    0x08002fe6   0x08002fe6   0x00000066   Code   RO         2100    i.HAL_TIM_PWM_Init  stm32f1xx_hal_tim.o
    0x0800304c   0x0800304c   0x0000002c   Code   RO          407    i.HAL_TIM_PWM_MspInit  tim.o
    0x08003078   0x08003078   0x00000002   Code   RO         2103    i.HAL_TIM_PWM_PulseFinishedCallback  stm32f1xx_hal_tim.o
    0x0800307a   0x0800307a   0x00000002   PAD
    0x0800307c   0x0800307c   0x000000d4   Code   RO         2105    i.HAL_TIM_PWM_Start  stm32f1xx_hal_tim.o
    0x08003150   0x08003150   0x00000018   Code   RO          554    i.HAL_TIM_PeriodElapsedCallback  stm32f1xx_it.o
    0x08003168   0x08003168   0x00000002   Code   RO         2116    i.HAL_TIM_TriggerCallback  stm32f1xx_hal_tim.o
    0x0800316a   0x0800316a   0x00000002   Code   RO         3019    i.HAL_UARTEx_RxEventCallback  stm32f1xx_hal_uart.o
    0x0800316c   0x0800316c   0x00000002   Code   RO         3033    i.HAL_UART_ErrorCallback  stm32f1xx_hal_uart.o
    0x0800316e   0x0800316e   0x00000002   PAD
    0x08003170   0x08003170   0x000002e4   Code   RO         3036    i.HAL_UART_IRQHandler  stm32f1xx_hal_uart.o
    0x08003454   0x08003454   0x00000076   Code   RO         3037    i.HAL_UART_Init     stm32f1xx_hal_uart.o
    0x080034ca   0x080034ca   0x00000002   PAD
    0x080034cc   0x080034cc   0x0000017c   Code   RO          492    i.HAL_UART_MspInit  usart.o
    0x08003648   0x08003648   0x0000002c   Code   RO         3041    i.HAL_UART_Receive_DMA  stm32f1xx_hal_uart.o
    0x08003674   0x08003674   0x00000002   Code   RO         3043    i.HAL_UART_RxCpltCallback  stm32f1xx_hal_uart.o
    0x08003676   0x08003676   0x00000002   Code   RO         3044    i.HAL_UART_RxHalfCpltCallback  stm32f1xx_hal_uart.o
    0x08003678   0x08003678   0x0000008c   Code   RO         3046    i.HAL_UART_Transmit_DMA  stm32f1xx_hal_uart.o
    0x08003704   0x08003704   0x00000002   Code   RO         3048    i.HAL_UART_TxCpltCallback  stm32f1xx_hal_uart.o
    0x08003706   0x08003706   0x00000002   Code   RO         3049    i.HAL_UART_TxHalfCpltCallback  stm32f1xx_hal_uart.o
    0x08003708   0x08003708   0x00000024   Code   RO         3558    i.HC05_Start        cartask.o
    0x0800372c   0x0800372c   0x00000004   Code   RO          555    i.HardFault_Handler  stm32f1xx_it.o
    0x08003730   0x08003730   0x00000058   Code   RO          337    i.MX_ADC1_Init      adc.o
    0x08003788   0x08003788   0x00000044   Code   RO          377    i.MX_DMA_Init       dma.o
    0x080037cc   0x080037cc   0x00000098   Code   RO          263    i.MX_FREERTOS_Init  freertos.o
    0x08003864   0x08003864   0x00000180   Code   RO          239    i.MX_GPIO_Init      gpio.o
    0x080039e4   0x080039e4   0x00000070   Code   RO          408    i.MX_TIM1_Init      tim.o
    0x08003a54   0x08003a54   0x00000088   Code   RO          409    i.MX_TIM2_Init      tim.o
    0x08003adc   0x08003adc   0x0000007c   Code   RO          410    i.MX_TIM3_Init      tim.o
    0x08003b58   0x08003b58   0x0000007c   Code   RO          411    i.MX_TIM4_Init      tim.o
    0x08003bd4   0x08003bd4   0x00000038   Code   RO          493    i.MX_USART1_UART_Init  usart.o
    0x08003c0c   0x08003c0c   0x00000038   Code   RO          494    i.MX_USART2_UART_Init  usart.o
    0x08003c44   0x08003c44   0x00000004   Code   RO          556    i.MemManage_Handler  stm32f1xx_it.o
    0x08003c48   0x08003c48   0x00000004   Code   RO          557    i.NMI_Handler       stm32f1xx_it.o
    0x08003c4c   0x08003c4c   0x0000002a   Code   RO         3417    i.OLED_Clear        oled.o
    0x08003c76   0x08003c76   0x00000002   PAD
    0x08003c78   0x08003c78   0x00000070   Code   RO         3419    i.OLED_I2C_Init     oled.o
    0x08003ce8   0x08003ce8   0x00000060   Code   RO         3420    i.OLED_I2C_SendByte  oled.o
    0x08003d48   0x08003d48   0x00000034   Code   RO         3421    i.OLED_I2C_Start    oled.o
    0x08003d7c   0x08003d7c   0x00000028   Code   RO         3422    i.OLED_I2C_Stop     oled.o
    0x08003da4   0x08003da4   0x000000ae   Code   RO         3423    i.OLED_Init         oled.o
    0x08003e52   0x08003e52   0x00000014   Code   RO         3424    i.OLED_Pow          oled.o
    0x08003e66   0x08003e66   0x00000022   Code   RO         3425    i.OLED_SetCursor    oled.o
    0x08003e88   0x08003e88   0x00000160   Code   RO         3719    i.OLED_Show         car_system.o
    0x08003fe8   0x08003fe8   0x00000074   Code   RO         3427    i.OLED_ShowChar     oled.o
    0x0800405c   0x0800405c   0x00000044   Code   RO         3430    i.OLED_ShowNum      oled.o
    0x080040a0   0x080040a0   0x00000028   Code   RO         3432    i.OLED_ShowString   oled.o
    0x080040c8   0x080040c8   0x00000020   Code   RO         3434    i.OLED_WriteCommand  oled.o
    0x080040e8   0x080040e8   0x00000020   Code   RO         3435    i.OLED_WriteData    oled.o
    0x08004108   0x08004108   0x00000032   Code   RO         3626    i.PWM_Limiting      control.o
    0x0800413a   0x0800413a   0x00000002   PAD
    0x0800413c   0x0800413c   0x00000084   Code   RO         3627    i.Pick_Up           control.o
    0x080041c0   0x080041c0   0x000000b0   Code   RO         3628    i.Put_Down          control.o
    0x08004270   0x08004270   0x00000028   Code   RO         1203    i.RCC_Delay         stm32f1xx_hal_rcc.o
    0x08004298   0x08004298   0x00000038   Code   RO         3629    i.Read_Encoder      control.o
    0x080042d0   0x080042d0   0x000000a0   Code   RO         3630    i.Set_PWM           control.o
    0x08004370   0x08004370   0x0000000e   Code   RO          264    i.StartTask_100Hz   freertos.o
    0x0800437e   0x0800437e   0x00000002   PAD
    0x08004380   0x08004380   0x00000074   Code   RO          265    i.StartTask_200Hz   freertos.o
    0x080043f4   0x080043f4   0x00000012   Code   RO          266    i.StartTask_5Hz     freertos.o
    0x08004406   0x08004406   0x0000000e   Code   RO          267    i.StartTask_Connect  freertos.o
    0x08004414   0x08004414   0x00000014   Code   RO          558    i.SysTick_Handler   stm32f1xx_it.o
    0x08004428   0x08004428   0x00000084   Code   RO           14    i.SystemClock_Config  main.o
    0x080044ac   0x080044ac   0x00000002   Code   RO         3381    i.SystemInit        system_stm32f1xx.o
    0x080044ae   0x080044ae   0x00000002   PAD
    0x080044b0   0x080044b0   0x00000010   Code   RO          559    i.TIM1_UP_IRQHandler  stm32f1xx_it.o
    0x080044c0   0x080044c0   0x00000010   Code   RO          560    i.TIM3_IRQHandler   stm32f1xx_it.o
    0x080044d0   0x080044d0   0x00000010   Code   RO          561    i.TIM4_IRQHandler   stm32f1xx_it.o
    0x080044e0   0x080044e0   0x00000074   Code   RO         2118    i.TIM_Base_SetConfig  stm32f1xx_hal_tim.o
    0x08004554   0x08004554   0x00000022   Code   RO         2119    i.TIM_CCxChannelCmd  stm32f1xx_hal_tim.o
    0x08004576   0x08004576   0x00000016   Code   RO         2129    i.TIM_ETR_SetConfig  stm32f1xx_hal_tim.o
    0x0800458c   0x0800458c   0x00000012   Code   RO         2130    i.TIM_ITRx_SetConfig  stm32f1xx_hal_tim.o
    0x0800459e   0x0800459e   0x00000002   PAD
    0x080045a0   0x080045a0   0x00000060   Code   RO         2131    i.TIM_OC1_SetConfig  stm32f1xx_hal_tim.o
    0x08004600   0x08004600   0x00000068   Code   RO         2132    i.TIM_OC2_SetConfig  stm32f1xx_hal_tim.o
    0x08004668   0x08004668   0x00000068   Code   RO         2133    i.TIM_OC3_SetConfig  stm32f1xx_hal_tim.o
    0x080046d0   0x080046d0   0x00000048   Code   RO         2134    i.TIM_OC4_SetConfig  stm32f1xx_hal_tim.o
    0x08004718   0x08004718   0x00000026   Code   RO         2136    i.TIM_TI1_ConfigInputStage  stm32f1xx_hal_tim.o
    0x0800473e   0x0800473e   0x00000028   Code   RO         2138    i.TIM_TI2_ConfigInputStage  stm32f1xx_hal_tim.o
    0x08004766   0x08004766   0x00000002   PAD
    0x08004768   0x08004768   0x00000074   Code   RO         3631    i.Turn_off          control.o
    0x080047dc   0x080047dc   0x00000014   Code   RO         3050    i.UART_DMAAbortOnError  stm32f1xx_hal_uart.o
    0x080047f0   0x080047f0   0x00000050   Code   RO         3051    i.UART_DMAError     stm32f1xx_hal_uart.o
    0x08004840   0x08004840   0x000000b4   Code   RO         3052    i.UART_DMAReceiveCplt  stm32f1xx_hal_uart.o
    0x080048f4   0x080048f4   0x00000024   Code   RO         3054    i.UART_DMARxHalfCplt  stm32f1xx_hal_uart.o
    0x08004918   0x08004918   0x00000058   Code   RO         3056    i.UART_DMATransmitCplt  stm32f1xx_hal_uart.o
    0x08004970   0x08004970   0x0000000e   Code   RO         3058    i.UART_DMATxHalfCplt  stm32f1xx_hal_uart.o
    0x0800497e   0x0800497e   0x0000006c   Code   RO         3060    i.UART_EndRxTransfer  stm32f1xx_hal_uart.o
    0x080049ea   0x080049ea   0x00000020   Code   RO         3061    i.UART_EndTransmit_IT  stm32f1xx_hal_uart.o
    0x08004a0a   0x08004a0a   0x00000026   Code   RO         3062    i.UART_EndTxTransfer  stm32f1xx_hal_uart.o
    0x08004a30   0x08004a30   0x000000fc   Code   RO         3063    i.UART_Receive_IT   stm32f1xx_hal_uart.o
    0x08004b2c   0x08004b2c   0x000000fc   Code   RO         3064    i.UART_SetConfig    stm32f1xx_hal_uart.o
    0x08004c28   0x08004c28   0x000000c8   Code   RO         3065    i.UART_Start_Receive_DMA  stm32f1xx_hal_uart.o
    0x08004cf0   0x08004cf0   0x00000060   Code   RO         3067    i.UART_Transmit_IT  stm32f1xx_hal_uart.o
    0x08004d50   0x08004d50   0x00000010   Code   RO          562    i.USART2_IRQHandler  stm32f1xx_it.o
    0x08004d60   0x08004d60   0x00000004   Code   RO          563    i.UsageFault_Handler  stm32f1xx_it.o
    0x08004d64   0x08004d64   0x00000058   Code   RO         3632    i.Vertical_Ring_PD  control.o
    0x08004dbc   0x08004dbc   0x000000f4   Code   RO         3633    i.Vertical_speed_PI  control.o
    0x08004eb0   0x08004eb0   0x0000004c   Code   RO         3634    i.Vertical_turn_PD  control.o
    0x08004efc   0x08004efc   0x00000020   Code   RO         5941    i.__0printf$1       mc_w.l(printf1.o)
    0x08004f1c   0x08004f1c   0x00000028   Code   RO         6215    i.__ARM_fpclassify  m_ws.l(fpclassify.o)
    0x08004f44   0x08004f44   0x00000010   Code   RO         1510    i.__NVIC_GetPriorityGrouping  stm32f1xx_hal_cortex.o
    0x08004f54   0x08004f54   0x00000028   Code   RO         1511    i.__NVIC_SetPriority  stm32f1xx_hal_cortex.o
    0x08004f7c   0x08004f7c   0x000000aa   Code   RO         6217    i.__kernel_poly     m_ws.l(poly.o)
    0x08005026   0x08005026   0x00000006   Code   RO         6202    i.__mathlib_dbl_infnan  m_ws.l(dunder.o)
    0x0800502c   0x0800502c   0x00000004   Code   RO         6203    i.__mathlib_dbl_infnan2  m_ws.l(dunder.o)
    0x08005030   0x08005030   0x0000000c   Code   RO         6204    i.__mathlib_dbl_invalid  m_ws.l(dunder.o)
    0x0800503c   0x0800503c   0x00000010   Code   RO         6207    i.__mathlib_dbl_underflow  m_ws.l(dunder.o)
    0x0800504c   0x0800504c   0x0000000e   Code   RO         6277    i.__scatterload_copy  mc_w.l(handlers.o)
    0x0800505a   0x0800505a   0x00000002   Code   RO         6278    i.__scatterload_null  mc_w.l(handlers.o)
    0x0800505c   0x0800505c   0x0000000e   Code   RO         6279    i.__scatterload_zeroinit  mc_w.l(handlers.o)
    0x0800506a   0x0800506a   0x00000002   PAD
    0x0800506c   0x0800506c   0x0000000c   Code   RO         6255    i.__set_errno       mc_w.l(errno.o)
    0x08005078   0x08005078   0x00000154   Code   RO         5948    i._printf_core      mc_w.l(printf1.o)
    0x080051cc   0x080051cc   0x000000a8   Code   RO         5328    i.accel_self_test   inv_mpu.o
    0x08005274   0x08005274   0x00000270   Code   RO         5862    i.asin              m_ws.l(asin.o)
    0x080054e4   0x080054e4   0x00000220   Code   RO         6192    i.atan              m_ws.l(atan.o)
    0x08005704   0x08005704   0x0000019c   Code   RO         5872    i.atan2             m_ws.l(atan2.o)
    0x080058a0   0x080058a0   0x0000021c   Code   RO         5329    i.atk_ms6050_dmp_get_data  inv_mpu.o
    0x08005abc   0x08005abc   0x0000009c   Code   RO         5330    i.atk_ms6050_dmp_init  inv_mpu.o
    0x08005b58   0x08005b58   0x00000050   Code   RO         3811    i.atk_ms6050_get_accelerometer  atk_ms6050.o
    0x08005ba8   0x08005ba8   0x00000014   Code   RO         5331    i.atk_ms6050_get_clock_ms  inv_mpu.o
    0x08005bbc   0x08005bbc   0x00000050   Code   RO         3812    i.atk_ms6050_get_gyroscope  atk_ms6050.o
    0x08005c0c   0x08005c0c   0x0000005c   Code   RO         3814    i.atk_ms6050_hw_init  atk_ms6050.o
    0x08005c68   0x08005c68   0x00000050   Code   RO         3921    i.atk_ms6050_iic_ack  atk_ms6050_iic.o
    0x08005cb8   0x08005cb8   0x0000000a   Code   RO         3922    i.atk_ms6050_iic_delay  atk_ms6050_iic.o
    0x08005cc2   0x08005cc2   0x00000002   PAD
    0x08005cc4   0x08005cc4   0x00000084   Code   RO         3923    i.atk_ms6050_iic_init  atk_ms6050_iic.o
    0x08005d48   0x08005d48   0x00000040   Code   RO         3924    i.atk_ms6050_iic_nack  atk_ms6050_iic.o
    0x08005d88   0x08005d88   0x0000005c   Code   RO         3925    i.atk_ms6050_iic_read_byte  atk_ms6050_iic.o
    0x08005de4   0x08005de4   0x0000006c   Code   RO         3926    i.atk_ms6050_iic_send_byte  atk_ms6050_iic.o
    0x08005e50   0x08005e50   0x0000004c   Code   RO         3927    i.atk_ms6050_iic_start  atk_ms6050_iic.o
    0x08005e9c   0x08005e9c   0x00000040   Code   RO         3928    i.atk_ms6050_iic_stop  atk_ms6050_iic.o
    0x08005edc   0x08005edc   0x00000064   Code   RO         3929    i.atk_ms6050_iic_wait_ack  atk_ms6050_iic.o
    0x08005f40   0x08005f40   0x0000007c   Code   RO         3815    i.atk_ms6050_init   atk_ms6050.o
    0x08005fbc   0x08005fbc   0x0000008a   Code   RO         3816    i.atk_ms6050_read   atk_ms6050.o
    0x08006046   0x08006046   0x00000016   Code   RO         3817    i.atk_ms6050_read_byte  atk_ms6050.o
    0x0800605c   0x0800605c   0x00000094   Code   RO         5332    i.atk_ms6050_run_self_test  inv_mpu.o
    0x080060f0   0x080060f0   0x00000012   Code   RO         3818    i.atk_ms6050_set_accel_fsr  atk_ms6050.o
    0x08006102   0x08006102   0x00000012   Code   RO         3819    i.atk_ms6050_set_gyro_fsr  atk_ms6050.o
    0x08006114   0x08006114   0x0000003a   Code   RO         3820    i.atk_ms6050_set_lpf  atk_ms6050.o
    0x0800614e   0x0800614e   0x00000044   Code   RO         3821    i.atk_ms6050_set_rate  atk_ms6050.o
    0x08006192   0x08006192   0x0000001e   Code   RO         3822    i.atk_ms6050_sw_reset  atk_ms6050.o
    0x080061b0   0x080061b0   0x00000070   Code   RO         3823    i.atk_ms6050_write  atk_ms6050.o
    0x08006220   0x08006220   0x00000014   Code   RO         3824    i.atk_ms6050_write_byte  atk_ms6050.o
    0x08006234   0x08006234   0x000000e4   Code   RO         3995    i.connect_read_data  valuepack.o
    0x08006318   0x08006318   0x00000064   Code   RO         5670    i.decode_gesture    inv_mpu_dmp_motion_driver.o
    0x0800637c   0x0800637c   0x00000014   Code   RO         3763    i.delay_init        delay.o
    0x08006390   0x08006390   0x00000018   Code   RO         3764    i.delay_ms          delay.o
    0x080063a8   0x080063a8   0x00000048   Code   RO         3765    i.delay_us          delay.o
    0x080063f0   0x080063f0   0x0000003c   Code   RO         5671    i.dmp_enable_6x_lp_quat  inv_mpu_dmp_motion_driver.o
    0x0800642c   0x0800642c   0x0000021c   Code   RO         5672    i.dmp_enable_feature  inv_mpu_dmp_motion_driver.o
    0x08006648   0x08006648   0x00000058   Code   RO         5673    i.dmp_enable_gyro_cal  inv_mpu_dmp_motion_driver.o
    0x080066a0   0x080066a0   0x0000003c   Code   RO         5674    i.dmp_enable_lp_quat  inv_mpu_dmp_motion_driver.o
    0x080066dc   0x080066dc   0x00000018   Code   RO         5679    i.dmp_load_motion_driver_firmware  inv_mpu_dmp_motion_driver.o
    0x080066f4   0x080066f4   0x000001cc   Code   RO         5680    i.dmp_read_fifo     inv_mpu_dmp_motion_driver.o
    0x080068c0   0x080068c0   0x00000134   Code   RO         5683    i.dmp_set_accel_bias  inv_mpu_dmp_motion_driver.o
    0x080069f4   0x080069f4   0x00000070   Code   RO         5684    i.dmp_set_fifo_rate  inv_mpu_dmp_motion_driver.o
    0x08006a64   0x08006a64   0x00000130   Code   RO         5685    i.dmp_set_gyro_bias  inv_mpu_dmp_motion_driver.o
    0x08006b94   0x08006b94   0x00000138   Code   RO         5687    i.dmp_set_orientation  inv_mpu_dmp_motion_driver.o
    0x08006ccc   0x08006ccc   0x00000038   Code   RO         5690    i.dmp_set_shake_reject_thresh  inv_mpu_dmp_motion_driver.o
    0x08006d04   0x08006d04   0x00000026   Code   RO         5691    i.dmp_set_shake_reject_time  inv_mpu_dmp_motion_driver.o
    0x08006d2a   0x08006d2a   0x00000026   Code   RO         5692    i.dmp_set_shake_reject_timeout  inv_mpu_dmp_motion_driver.o
    0x08006d50   0x08006d50   0x00000046   Code   RO         5693    i.dmp_set_tap_axes  inv_mpu_dmp_motion_driver.o
    0x08006d96   0x08006d96   0x00000026   Code   RO         5694    i.dmp_set_tap_count  inv_mpu_dmp_motion_driver.o
    0x08006dbc   0x08006dbc   0x000001a0   Code   RO         5695    i.dmp_set_tap_thresh  inv_mpu_dmp_motion_driver.o
    0x08006f5c   0x08006f5c   0x00000026   Code   RO         5696    i.dmp_set_tap_time  inv_mpu_dmp_motion_driver.o
    0x08006f82   0x08006f82   0x00000026   Code   RO         5697    i.dmp_set_tap_time_multi  inv_mpu_dmp_motion_driver.o
    0x08006fa8   0x08006fa8   0x0000001c   Code   RO          495    i.fputc             usart.o
    0x08006fc4   0x08006fc4   0x000000b4   Code   RO         5333    i.get_accel_prod_shift  inv_mpu.o
    0x08007078   0x08007078   0x0000046c   Code   RO         5334    i.get_st_biases     inv_mpu.o
    0x080074e4   0x080074e4   0x00000110   Code   RO         5335    i.gyro_self_test    inv_mpu.o
    0x080075f4   0x080075f4   0x0000004e   Code   RO         5336    i.inv_row_2_scale   inv_mpu.o
    0x08007642   0x08007642   0x00000002   PAD
    0x08007644   0x08007644   0x000000fc   Code   RO           15    i.main              main.o
    0x08007740   0x08007740   0x0000000e   Code   RO         4820    i.makeFreeRtosPriority  cmsis_os.o
    0x0800774e   0x0800774e   0x00000002   PAD
    0x08007750   0x08007750   0x00000070   Code   RO         5337    i.mpu_configure_fifo  inv_mpu.o
    0x080077c0   0x080077c0   0x0000004c   Code   RO         5338    i.mpu_get_accel_fsr  inv_mpu.o
    0x0800780c   0x0800780c   0x00000054   Code   RO         5340    i.mpu_get_accel_sens  inv_mpu.o
    0x08007860   0x08007860   0x00000010   Code   RO         5345    i.mpu_get_fifo_config  inv_mpu.o
    0x08007870   0x08007870   0x00000044   Code   RO         5346    i.mpu_get_gyro_fsr  inv_mpu.o
    0x080078b4   0x080078b4   0x00000050   Code   RO         5348    i.mpu_get_gyro_sens  inv_mpu.o
    0x08007904   0x08007904   0x00000050   Code   RO         5350    i.mpu_get_lpf       inv_mpu.o
    0x08007954   0x08007954   0x00000020   Code   RO         5352    i.mpu_get_sample_rate  inv_mpu.o
    0x08007974   0x08007974   0x000001a8   Code   RO         5354    i.mpu_init          inv_mpu.o
    0x08007b1c   0x08007b1c   0x000000b8   Code   RO         5355    i.mpu_load_firmware  inv_mpu.o
    0x08007bd4   0x08007bd4   0x000000e0   Code   RO         5356    i.mpu_lp_accel_mode  inv_mpu.o
    0x08007cb4   0x08007cb4   0x000000c0   Code   RO         5359    i.mpu_read_fifo_stream  inv_mpu.o
    0x08007d74   0x08007d74   0x00000080   Code   RO         5360    i.mpu_read_mem      inv_mpu.o
    0x08007df4   0x08007df4   0x000001c8   Code   RO         5363    i.mpu_reset_fifo    inv_mpu.o
    0x08007fbc   0x08007fbc   0x0000011c   Code   RO         5364    i.mpu_run_self_test  inv_mpu.o
    0x080080d8   0x080080d8   0x00000084   Code   RO         5366    i.mpu_set_accel_fsr  inv_mpu.o
    0x0800815c   0x0800815c   0x0000014c   Code   RO         5367    i.mpu_set_bypass    inv_mpu.o
    0x080082a8   0x080082a8   0x00000090   Code   RO         5369    i.mpu_set_dmp_state  inv_mpu.o
    0x08008338   0x08008338   0x00000088   Code   RO         5370    i.mpu_set_gyro_fsr  inv_mpu.o
    0x080083c0   0x080083c0   0x0000006c   Code   RO         5371    i.mpu_set_int_latched  inv_mpu.o
    0x0800842c   0x0800842c   0x00000084   Code   RO         5373    i.mpu_set_lpf       inv_mpu.o
    0x080084b0   0x080084b0   0x0000009c   Code   RO         5374    i.mpu_set_sample_rate  inv_mpu.o
    0x0800854c   0x0800854c   0x000000d0   Code   RO         5375    i.mpu_set_sensors   inv_mpu.o
    0x0800861c   0x0800861c   0x00000080   Code   RO         5376    i.mpu_write_mem     inv_mpu.o
    0x0800869c   0x0800869c   0x00000018   Code   RO         4822    i.osDelay           cmsis_os.o
    0x080086b4   0x080086b4   0x0000000a   Code   RO         4825    i.osKernelStart     cmsis_os.o
    0x080086be   0x080086be   0x0000004a   Code   RO         4851    i.osSemaphoreCreate  cmsis_os.o
    0x08008708   0x08008708   0x0000005e   Code   RO         4859    i.osThreadCreate    cmsis_os.o
    0x08008766   0x08008766   0x00000002   PAD
    0x08008768   0x08008768   0x00000098   Code   RO         4506    i.prvAddCurrentTaskToDelayedList  tasks.o
    0x08008800   0x08008800   0x000000b4   Code   RO         4507    i.prvAddNewTaskToReadyList  tasks.o
    0x080088b4   0x080088b4   0x00000048   Code   RO         4508    i.prvCheckTasksWaitingTermination  tasks.o
    0x080088fc   0x080088fc   0x0000007c   Code   RO         4182    i.prvCopyDataToQueue  queue.o
    0x08008978   0x08008978   0x00000050   Code   RO         4509    i.prvDeleteTCB      tasks.o
    0x080089c8   0x080089c8   0x0000007c   Code   RO         5187    i.prvHeapInit       heap_4.o
    0x08008a44   0x08008a44   0x00000028   Code   RO         4510    i.prvIdleTask       tasks.o
    0x08008a6c   0x08008a6c   0x00000026   Code   RO         4185    i.prvInitialiseNewQueue  queue.o
    0x08008a92   0x08008a92   0x000000aa   Code   RO         4511    i.prvInitialiseNewTask  tasks.o
    0x08008b3c   0x08008b3c   0x00000068   Code   RO         4512    i.prvInitialiseTaskLists  tasks.o
    0x08008ba4   0x08008ba4   0x00000068   Code   RO         5188    i.prvInsertBlockIntoFreeList  heap_4.o
    0x08008c0c   0x08008c0c   0x0000001e   Code   RO         4187    i.prvIsQueueFull    queue.o
    0x08008c2a   0x08008c2a   0x00000002   PAD
    0x08008c2c   0x08008c2c   0x00000034   Code   RO         4513    i.prvResetNextTaskUnblockTime  tasks.o
    0x08008c60   0x08008c60   0x00000040   Code   RO         5249    i.prvTaskExitError  port.o
    0x08008ca0   0x08008ca0   0x00000058   Code   RO         4514    i.prvTaskIsTaskSuspended  tasks.o
    0x08008cf8   0x08008cf8   0x0000007e   Code   RO         4188    i.prvUnlockQueue    queue.o
    0x08008d76   0x08008d76   0x00000002   PAD
    0x08008d78   0x08008d78   0x0000013c   Code   RO         5189    i.pvPortMalloc      heap_4.o
    0x08008eb4   0x08008eb4   0x00000024   Code   RO         5250    i.pxPortInitialiseStack  port.o
    0x08008ed8   0x08008ed8   0x0000024c   Code   RO         3996    i.readValuePack     valuepack.o
    0x08009124   0x08009124   0x00000018   Code   RO         3997    i.sendBuffer        valuepack.o
    0x0800913c   0x0800913c   0x000000b8   Code   RO         3998    i.sendValuePack     valuepack.o
    0x080091f4   0x080091f4   0x00000090   Code   RO         5377    i.set_int_enable    inv_mpu.o
    0x08009284   0x08009284   0x0000004c   Code   RO         6221    i.sqrt              m_ws.l(sqrt.o)
    0x080092d0   0x080092d0   0x00000028   Code   RO         4141    i.uxListRemove      list.o
    0x080092f8   0x080092f8   0x00000018   Code   RO          268    i.vApplicationGetIdleTaskMemory  freertos.o
    0x08009310   0x08009310   0x0000001a   Code   RO         4142    i.vListInitialise   list.o
    0x0800932a   0x0800932a   0x00000006   Code   RO         4143    i.vListInitialiseItem  list.o
    0x08009330   0x08009330   0x00000034   Code   RO         4144    i.vListInsert       list.o
    0x08009364   0x08009364   0x00000018   Code   RO         4145    i.vListInsertEnd    list.o
    0x0800937c   0x0800937c   0x00000054   Code   RO         5252    i.vPortEnterCritical  port.o
    0x080093d0   0x080093d0   0x0000003c   Code   RO         5253    i.vPortExitCritical  port.o
    0x0800940c   0x0800940c   0x00000094   Code   RO         5190    i.vPortFree         heap_4.o
    0x080094a0   0x080094a0   0x00000028   Code   RO         5254    i.vPortSetupTimerInterrupt  port.o
    0x080094c8   0x080094c8   0x0000005c   Code   RO         4521    i.vTaskDelay        tasks.o
    0x08009524   0x08009524   0x00000018   Code   RO         4524    i.vTaskInternalSetTimeOutState  tasks.o
    0x0800953c   0x0800953c   0x0000000c   Code   RO         4525    i.vTaskMissedYield  tasks.o
    0x08009548   0x08009548   0x00000038   Code   RO         4527    i.vTaskPlaceOnEventList  tasks.o
    0x08009580   0x08009580   0x00000090   Code   RO         4532    i.vTaskResume       tasks.o
    0x08009610   0x08009610   0x000000b0   Code   RO         4534    i.vTaskStartScheduler  tasks.o
    0x080096c0   0x080096c0   0x000000f4   Code   RO         4535    i.vTaskSuspend      tasks.o
    0x080097b4   0x080097b4   0x00000010   Code   RO         4536    i.vTaskSuspendAll   tasks.o
    0x080097c4   0x080097c4   0x0000008c   Code   RO         4537    i.vTaskSwitchContext  tasks.o
    0x08009850   0x08009850   0x000000f8   Code   RO         5256    i.xPortStartScheduler  port.o
    0x08009948   0x08009948   0x00000034   Code   RO         5257    i.xPortSysTickHandler  port.o
    0x0800997c   0x0800997c   0x0000005e   Code   RO         4197    i.xQueueGenericCreate  queue.o
    0x080099da   0x080099da   0x000000de   Code   RO         4198    i.xQueueGenericCreateStatic  queue.o
    0x08009ab8   0x08009ab8   0x00000098   Code   RO         4199    i.xQueueGenericReset  queue.o
    0x08009b50   0x08009b50   0x000001a8   Code   RO         4200    i.xQueueGenericSend  queue.o
    0x08009cf8   0x08009cf8   0x0000008c   Code   RO         4538    i.xTaskCheckForTimeOut  tasks.o
    0x08009d84   0x08009d84   0x00000064   Code   RO         4539    i.xTaskCreate       tasks.o
    0x08009de8   0x08009de8   0x000000b8   Code   RO         4540    i.xTaskCreateStatic  tasks.o
    0x08009ea0   0x08009ea0   0x00000020   Code   RO         4544    i.xTaskGetSchedulerState  tasks.o
    0x08009ec0   0x08009ec0   0x00000148   Code   RO         4547    i.xTaskIncrementTick  tasks.o
    0x0800a008   0x0800a008   0x000000c8   Code   RO         4550    i.xTaskPriorityDisinherit  tasks.o
    0x0800a0d0   0x0800a0d0   0x00000098   Code   RO         4552    i.xTaskRemoveFromEventList  tasks.o
    0x0800a168   0x0800a168   0x00000104   Code   RO         4553    i.xTaskResumeAll    tasks.o
    0x0800a26c   0x0800a26c   0x00000070   Data   RO          270    .constdata          freertos.o
    0x0800a2dc   0x0800a2dc   0x00000012   Data   RO         1204    .constdata          stm32f1xx_hal_rcc.o
    0x0800a2ee   0x0800a2ee   0x00000012   Data   RO         1300    .constdata          stm32f1xx_hal_rcc_ex.o
    0x0800a300   0x0800a300   0x00000018   Data   RO         3382    .constdata          system_stm32f1xx.o
    0x0800a318   0x0800a318   0x00000690   Data   RO         3436    .constdata          oled.o
    0x0800a9a8   0x0800a9a8   0x00000050   Data   RO         5378    .constdata          inv_mpu.o
    0x0800a9f8   0x0800a9f8   0x00000bf6   Data   RO         5699    .constdata          inv_mpu_dmp_motion_driver.o
    0x0800b5ee   0x0800b5ee   0x00000002   PAD
    0x0800b5f0   0x0800b5f0   0x00000050   Data   RO         5863    .constdata          m_ws.l(asin.o)
    0x0800b640   0x0800b640   0x00000098   Data   RO         6193    .constdata          m_ws.l(atan.o)
    0x0800b6d8   0x0800b6d8   0x00000008   Data   RO         6219    .constdata          m_ws.l(qnan.o)
    0x0800b6e0   0x0800b6e0   0x00000035   Data   RO          271    .conststring        freertos.o
    0x0800b715   0x0800b715   0x00000003   PAD
    0x0800b718   0x0800b718   0x00000020   Data   RO         6275    Region$$Table       anon$$obj.o


    Execution Region RW_IRAM1 (Exec base: 0x20000000, Load base: 0x0800b738, Size: 0x000037a0, Max: 0x00005000, ABSOLUTE, COMPRESSED[0x0000004c])

    Exec Addr    Load Addr    Size         Type   Attr      Idx    E Section Name        Object

    0x20000000   COMPRESSED   0x00000014   Data   RW          272    .data               freertos.o
    0x20000014   COMPRESSED   0x00000008   Data   RW          564    .data               stm32f1xx_it.o
    0x2000001c   COMPRESSED   0x00000009   Data   RW         1040    .data               stm32f1xx_hal.o
    0x20000025   COMPRESSED   0x00000003   PAD
    0x20000028   COMPRESSED   0x00000004   Data   RW         3383    .data               system_stm32f1xx.o
    0x2000002c   COMPRESSED   0x0000003c   Data   RW         3563    .data               cartask.o
    0x20000068   COMPRESSED   0x00000050   Data   RW         3635    .data               control.o
    0x200000b8   COMPRESSED   0x00000004   Data   RW         3721    .data               car_system.o
    0x200000bc   COMPRESSED   0x00000001   Data   RW         3766    .data               delay.o
    0x200000bd   COMPRESSED   0x00000003   PAD
    0x200000c0   COMPRESSED   0x0000002e   Data   RW         4001    .data               valuepack.o
    0x200000ee   COMPRESSED   0x00000002   PAD
    0x200000f0   COMPRESSED   0x0000003c   Data   RW         4556    .data               tasks.o
    0x2000012c   COMPRESSED   0x00000018   Data   RW         5195    .data               heap_4.o
    0x20000144   COMPRESSED   0x0000000c   Data   RW         5258    .data               port.o
    0x20000150   COMPRESSED   0x00000035   Data   RW         5379    .data               inv_mpu.o
    0x20000185   COMPRESSED   0x00000003   PAD
    0x20000188   COMPRESSED   0x00000004   Data   RW         6244    .data               mc_w.l(stdout.o)
    0x2000018c   COMPRESSED   0x00000004   Data   RW         6256    .data               mc_w.l(errno.o)
    0x20000190        -       0x00000018   Zero   RW           16    .bss                main.o
    0x200001a8        -       0x00000254   Zero   RW          269    .bss                freertos.o
    0x200003fc        -       0x00000030   Zero   RW          338    .bss                adc.o
    0x2000042c        -       0x00000120   Zero   RW          412    .bss                tim.o
    0x2000054c        -       0x00000118   Zero   RW          496    .bss                usart.o
    0x20000664        -       0x00000030   Zero   RW         3562    .bss                cartask.o
    0x20000694        -       0x0000040b   Zero   RW         3999    .bss                valuepack.o
    0x20000a9f   COMPRESSED   0x00000001   PAD
    0x20000aa0        -       0x000000f0   Zero   RW         4555    .bss                tasks.o
    0x20000b90        -       0x00002800   Zero   RW         5194    .bss                heap_4.o
    0x20003390        -       0x00000010   Zero   RW         5698    .bss                inv_mpu_dmp_motion_driver.o
    0x200033a0        -       0x00000400   Zero   RW            1    STACK               startup_stm32f103xe.o


==============================================================================

Image component sizes


      Code (inc. data)   RO Data    RW Data    ZI Data      Debug   Object Name

       200         22          0          0         48       1529   adc.o
       860          8          0          0          0       8410   atk_ms6050.o
       726         44          0          0          0       5174   atk_ms6050_iic.o
       352         68          0          4          0        707   car_system.o
       708        132          0         60         48       3395   cartask.o
       216          0          0          0          0      22559   cmsis_os.o
      1098        130          0         80          0       8372   control.o
       116          8          0          1          0       1671   delay.o
        68          4          0          0          0        690   dma.o
         0          0          0          0          0      16596   event_groups.o
       338        100        165         20        596       5536   freertos.o
       384         24          0          0          0       1003   gpio.o
       692         62          0         24      10240       7011   heap_4.o
      6754        214         80         53          0      30840   inv_mpu.o
      3100        124       3062          0         16      20074   inv_mpu_dmp_motion_driver.o
       148          0          0          0          0       3226   list.o
       390         92          0          0         24     483264   main.o
       858         28       1680          0          0       7969   oled.o
       734         64          0         12          0      10068   port.o
      1210         10          0          0          0       9131   queue.o
        36          8        304          0       1024        980   startup_stm32f103xe.o
       192         36          0          9          0       5649   stm32f1xx_hal.o
       912         34          0          0          0       3757   stm32f1xx_hal_adc.o
       284          6          0          0          0       1402   stm32f1xx_hal_adc_ex.o
       344         22          0          0          0      29745   stm32f1xx_hal_cortex.o
       978         12          0          0          0       4650   stm32f1xx_hal_dma.o
       856         38          0          0          0       3762   stm32f1xx_hal_gpio.o
        96         10          0          0          0        834   stm32f1xx_hal_msp.o
      1748         98         18          0          0       5720   stm32f1xx_hal_rcc.o
       556         34         18          0          0       2281   stm32f1xx_hal_rcc_ex.o
      2584         60          0          0          0      16912   stm32f1xx_hal_tim.o
       136         14          0          0          0       2305   stm32f1xx_hal_tim_ex.o
      2450         34          0          0          0      15904   stm32f1xx_hal_uart.o
       372         70          0          8          0       8806   stm32f1xx_it.o
         0          0          0          0          0        384   stream_buffer.o
         2          0         24          4          0       1023   system_stm32f1xx.o
      3238        398          0         60        240      23825   tasks.o
       956         82          0          0        288       5227   tim.o
       520         56          0          0        280       3042   usart.o
      1024        112          0         46       1035       4944   valuepack.o

    ----------------------------------------------------------------------
     36276       2258       5388        392      13840     788377   Object Totals
         0          0         32          0          0          0   (incl. Generated)
        40          0          5         11          1          0   (incl. Padding)

    ----------------------------------------------------------------------

      Code (inc. data)   RO Data    RW Data    ZI Data      Debug   Library Member Name

       624         52         80          0          0        168   asin.o
       544         70        152          0          0        124   atan.o
       412         38          0          0          0        144   atan2.o
        38          6          0          0          0        272   dunder.o
        40          0          0          0          0         68   fpclassify.o
       170          0          0          0          0         96   poly.o
         0          0          8          0          0          0   qnan.o
        76          0          0          0          0         84   sqrt.o
        58          0          0          0          0          0   __dczerorl.o
         0          0          0          0          0          0   entry.o
         0          0          0          0          0          0   entry10a.o
         0          0          0          0          0          0   entry11a.o
         4          0          0          0          0          0   entry12b.o
         8          4          0          0          0          0   entry2.o
         4          0          0          0          0          0   entry5.o
         0          0          0          0          0          0   entry7b.o
         0          0          0          0          0          0   entry8b.o
         8          4          0          0          0          0   entry9a.o
        12          6          0          4          0         68   errno.o
        30          0          0          0          0          0   handlers.o
        36          8          0          0          0         68   init.o
         0          0          0          0          0          0   iusefp.o
        98          0          0          0          0         84   ldiv.o
        30          0          0          0          0         68   llshl.o
        36          0          0          0          0         68   llsshr.o
        32          0          0          0          0         68   llushr.o
        26          0          0          0          0         80   memcmp.o
        36          0          0          0          0         68   memcpya.o
        36          0          0          0          0        108   memseta.o
       372         14          0          0          0        184   printf1.o
         0          0          0          4          0          0   stdout.o
        44          0          0          0          0         80   uidiv.o
        98          0          0          0          0         92   uldiv.o
        48          0          0          0          0         68   cdcmple.o
        48          0          0          0          0         68   cdrcmple.o
        20          0          0          0          0         68   cfcmple.o
        20          0          0          0          0         68   cfrcmple.o
        56          0          0          0          0         88   d2f.o
       334          0          0          0          0        148   dadd.o
       222          0          0          0          0        100   ddiv.o
       186          0          0          0          0        176   depilogue.o
        62          0          0          0          0         80   dfixi.o
        26          0          0          0          0         76   dfltui.o
       228          0          0          0          0         96   dmul.o
        46          0          0          0          0         80   dscalb.o
       162          0          0          0          0        100   dsqrt.o
        38          0          0          0          0         68   f2d.o
       176          0          0          0          0        140   fadd.o
       124          0          0          0          0         88   fdiv.o
       110          0          0          0          0        168   fepilogue.o
        50          0          0          0          0         68   ffixi.o
        40          0          0          0          0         68   ffixui.o
        18          0          0          0          0         68   fflti.o
        10          0          0          0          0         68   ffltui.o
       100          0          0          0          0         76   fmul.o

    ----------------------------------------------------------------------
      5000        202        240          8          0       4020   Library Totals
         4          0          0          0          0          0   (incl. Padding)

    ----------------------------------------------------------------------

      Code (inc. data)   RO Data    RW Data    ZI Data      Debug   Library Name

      1904        166        240          0          0        956   m_ws.l
       968         36          0          8          0       1036   mc_w.l
      2124          0          0          0          0       2028   mf_w.l

    ----------------------------------------------------------------------
      5000        202        240          8          0       4020   Library Totals

    ----------------------------------------------------------------------

==============================================================================


      Code (inc. data)   RO Data    RW Data    ZI Data      Debug   

     41276       2460       5628        400      13840     775261   Grand Totals
     41276       2460       5628         76      13840     775261   ELF Image Totals (compressed)
     41276       2460       5628         76          0          0   ROM Totals

==============================================================================

    Total RO  Size (Code + RO Data)                46904 (  45.80kB)
    Total RW  Size (RW Data + ZI Data)             14240 (  13.91kB)
    Total ROM Size (Code + RO Data + RW Data)      46980 (  45.88kB)

==============================================================================

