<html>
<body>
<pre>
<h1>µVision Build Log</h1>
<h2>Tool Versions:</h2>
IDE-Version: ¦ÌVision V5.36.0.0
Copyright (C) 2021 ARM Ltd and ARM Germany GmbH. All rights reserved.
License Information: yo hey, hddd, LIC=YA39H-WFUHN-30KNC-77RG4-NU0XC-204JA
 
Tool Versions:
Toolchain:       MDK-ARM Plus  Version: 5.36.0.0
Toolchain Path:  F:\Keil\ARM\ARMCC\Bin
C Compiler:      Armcc.exe V5.06 update 7 (build 960)
Assembler:       Armasm.exe V5.06 update 7 (build 960)
Linker/Locator:  ArmLink.exe V5.06 update 7 (build 960)
Library Manager: ArmAr.exe V5.06 update 7 (build 960)
Hex Converter:   FromElf.exe V5.06 update 7 (build 960)
CPU DLL:         SARMCM3.DLL V5.36.0.0
Dialog DLL:      DCM.DLL V1.17.3.0
Target DLL:      STLink\ST-LINKIII-KEIL_SWO.dll V3.0.9.0
Dialog DLL:      TCM.DLL V1.53.0.0
 
<h2>Project:</h2>
D:\Desktop\Code\MyCar\MDK-ARM\MyCar.uvprojx
Project File Date:  12/23/2023

<h2>Output:</h2>
*** Using Compiler 'V5.06 update 7 (build 960)', folder: 'F:\Keil\ARM\ARMCC\Bin'
Build target 'MyCar'
compiling valuepack.c...
..\Device\Pack\valuepack.c(66): warning:  #111-D: statement is unreachable
  					break;
..\Device\Pack\valuepack.c(79): warning:  #111-D: statement is unreachable
  					break;
..\Device\Pack\valuepack.c(84): warning:  #223-D: function "printf" declared implicitly
  		printf("rx1:%d,rx2:%d,rx3:%d,rx4:%d\r\n",rx.shorts[0],rx.shorts[1],rx.shorts[2],rx.shorts[3]);
..\Device\Pack\valuepack.c(240): warning:  #177-D: variable "i"  was declared but never referenced
  	int i;
..\Device\Pack\valuepack.c: 4 warnings, 0 errors
linking...
Program Size: Code=39824 RO-data=5632 RW-data=384 ZI-data=13816  
FromELF: creating hex file...
"MyCar\MyCar.axf" - 0 Error(s), 4 Warning(s).

<h2>Software Packages used:</h2>

Package Vendor: ARM
                http://www.keil.com/pack/ARM.CMSIS.5.8.0.pack
                ARM.CMSIS.5.8.0
                CMSIS (Common Microcontroller Software Interface Standard)
   * Component: CORE Version: 5.5.0

Package Vendor: Keil
                https://www.keil.com/pack/Keil.STM32F1xx_DFP.2.4.1.pack
                Keil.STM32F1xx_DFP.2.4.1
                STMicroelectronics STM32F1 Series Device Support, Drivers and Examples

<h2>Collection of Component include folders:</h2>
  .\RTE\_MyCar
  F:\Keil\Pack\ARM\CMSIS\5.8.0\CMSIS\Core\Include
  F:\Keil\Pack\Keil\STM32F1xx_DFP\2.4.1\Device\Include

<h2>Collection of Component Files used:</h2>

   * Component: ARM::CMSIS:CORE:5.5.0
      Include file:  CMSIS\Core\Include\tz_context.h
Build Time Elapsed:  00:00:03
</pre>
</body>
</html>
